Archive member included to satisfy reference by file (symbol)

c:/program files (x86)/gnu tools arm embedded/5.3 2016q1/bin/../lib/gcc/arm-none-eabi/5.3.1/armv7-m\libgcc.a(_aeabi_ldivmod.o)
                              IRReceiver.o (__aeabi_ldivmod)
c:/program files (x86)/gnu tools arm embedded/5.3 2016q1/bin/../lib/gcc/arm-none-eabi/5.3.1/armv7-m\libgcc.a(_udivmoddi4.o)
                              c:/program files (x86)/gnu tools arm embedded/5.3 2016q1/bin/../lib/gcc/arm-none-eabi/5.3.1/armv7-m\libgcc.a(_aeabi_ldivmod.o) (__udivmoddi4)
c:/program files (x86)/gnu tools arm embedded/5.3 2016q1/bin/../lib/gcc/arm-none-eabi/5.3.1/armv7-m\libgcc.a(_dvmd_tls.o)
                              c:/program files (x86)/gnu tools arm embedded/5.3 2016q1/bin/../lib/gcc/arm-none-eabi/5.3.1/armv7-m\libgcc.a(_aeabi_ldivmod.o) (__aeabi_ldiv0)
c:/program files (x86)/gnu tools arm embedded/5.3 2016q1/bin/../lib/gcc/arm-none-eabi/5.3.1/../../../../arm-none-eabi/lib/armv7-m\libc.a(lib_a-memset.o)
                              main.o (memset)

Allocating common symbols
Common symbol       size              file

__dso_handle        0x4               bmptk_cortex.o

Discarded input sections

 .text          0x00000000        0x0 IRMessage.o
 .data          0x00000000        0x0 IRMessage.o
 .bss           0x00000000        0x0 IRMessage.o
 .text._ZN9IRMessageC2Eii
                0x00000000       0x2e IRMessage.o
 .text._Z6getBitis
                0x00000000        0xe IRMessage.o
 .text._ZN9IRMessage6encodeEv
                0x00000000       0x36 IRMessage.o
 .text._ZN9IRMessage13checkChecksumEs
                0x00000000       0x30 IRMessage.o
 .text._ZN9IRMessage6decodeEs
                0x00000000       0x72 IRMessage.o
 .text._ZN9IRMessageC2Es
                0x00000000       0x10 IRMessage.o
 .text._ZN9IRMessage5setIdEi
                0x00000000       0x18 IRMessage.o
 .text._ZN9IRMessage5getIdEv
                0x00000000        0x4 IRMessage.o
 .text._ZN9IRMessage7setDataEi
                0x00000000       0x18 IRMessage.o
 .text._ZN9IRMessage7getDataEv
                0x00000000        0x4 IRMessage.o
 .text._ZN9IRMessage8getErrorEv
                0x00000000        0x4 IRMessage.o
 .group         0x00000000        0x8 IRReceiver.o
 .group         0x00000000        0x8 IRReceiver.o
 .group         0x00000000        0x8 IRReceiver.o
 .group         0x00000000        0x8 IRReceiver.o
 .group         0x00000000        0x8 IRReceiver.o
 .group         0x00000000        0x8 IRReceiver.o
 .group         0x00000000        0x8 IRReceiver.o
 .group         0x00000000        0x8 IRReceiver.o
 .group         0x00000000        0x8 IRReceiver.o
 .group         0x00000000        0x8 IRReceiver.o
 .group         0x00000000        0x8 IRReceiver.o
 .group         0x00000000        0x8 IRReceiver.o
 .group         0x00000000        0x8 IRReceiver.o
 .group         0x00000000        0x8 IRReceiver.o
 .group         0x00000000        0x8 IRReceiver.o
 .group         0x00000000        0x8 IRReceiver.o
 .group         0x00000000        0x8 IRReceiver.o
 .group         0x00000000        0x8 IRReceiver.o
 .group         0x00000000        0x8 IRReceiver.o
 .group         0x00000000        0x8 IRReceiver.o
 .group         0x00000000        0x8 IRReceiver.o
 .group         0x00000000        0x8 IRReceiver.o
 .group         0x00000000        0x8 IRReceiver.o
 .group         0x00000000        0x8 IRReceiver.o
 .group         0x00000000        0x8 IRReceiver.o
 .group         0x00000000        0x8 IRReceiver.o
 .group         0x00000000        0x8 IRReceiver.o
 .group         0x00000000        0x8 IRReceiver.o
 .group         0x00000000        0x8 IRReceiver.o
 .text          0x00000000        0x0 IRReceiver.o
 .data          0x00000000        0x0 IRReceiver.o
 .bss           0x00000000        0x0 IRReceiver.o
 .text._ZN5hwlib19_pin_in_dummy_class3getEv
                0x00000000        0x4 IRReceiver.o
 .text._ZN5hwlib20_pin_out_dummy_class3setEb
                0x00000000        0x2 IRReceiver.o
 .text._ZN5hwlib23_pin_in_out_dummy_class3setEb
                0x00000000        0x2 IRReceiver.o
 .text._ZN5hwlib23_pin_in_out_dummy_class3getEv
                0x00000000        0x4 IRReceiver.o
 .text._ZN5hwlib23_pin_in_out_dummy_class19direction_set_inputEv
                0x00000000        0x2 IRReceiver.o
 .text._ZN5hwlib23_pin_in_out_dummy_class20direction_set_outputEv
                0x00000000        0x2 IRReceiver.o
 .text._ZN5hwlib19_pin_oc_dummy_class3setEb
                0x00000000        0x2 IRReceiver.o
 .text._ZN5hwlib19_pin_oc_dummy_class3getEv
                0x00000000        0x4 IRReceiver.o
 .text._ZN5hwlib19cin_using_uart_getc4getcEv
                0x00000000        0x4 IRReceiver.o
 .text._ZN5hwlib19cin_using_uart_getc14char_availableEv
                0x00000000        0x4 IRReceiver.o
 .text._ZN5hwlib6window5writeENS_8locationENS_5colorE
                0x00000000       0x3e IRReceiver.o
 .text._ZN5hwlib4line4drawERNS_6windowE
                0x00000000       0xa4 IRReceiver.o
 .text._ZN5hwlib6circle4drawERNS_6windowE
                0x00000000      0x2ec IRReceiver.o
 .text._ZN5hwlib5blinkERNS_7pin_outEi
                0x00000000       0x28 IRReceiver.o
 .text._ZN5hwlib4kittERNS_11port_in_outEi
                0x00000000       0x54 IRReceiver.o
 .text._ZN5hwlib4kittERNS_8port_outEi
                0x00000000       0x4e IRReceiver.o
 .text._ZN5hwlib4kittERNS_7port_ocEi
                0x00000000       0x4e IRReceiver.o
 .text._ZN5hwlib4randEv
                0x00000000       0x20 IRReceiver.o
 .text._ZN5hwlib15random_in_rangeEjj
                0x00000000       0x1a IRReceiver.o
 .text._ZN5hwlib21graphics_random_linesERNS_6windowE
                0x00000000       0xe8 IRReceiver.o
 .text._ZN5hwlib23graphics_random_circlesERNS_6windowE
                0x00000000       0x8c IRReceiver.o
 .text._ZN3due11ad_pin_infoENS_7ad_pinsE
                0x00000000       0x1c IRReceiver.o
 .text._ZN3due11ad_seq_infoEi
                0x00000000       0x20 IRReceiver.o
 .text._ZN3due6now_usEv
                0x00000000       0x10 IRReceiver.o
 .text._ZN3due11wait_us_oldEi
                0x00000000       0x28 IRReceiver.o
 .text._ZN5hwlib24uart_getc_bit_banged_pinERNS_6pin_inE
                0x00000000       0xaa IRReceiver.o
 .text._ZN5hwlib6now_usEv
                0x00000000        0x8 IRReceiver.o
 .rodata._ZTVN5hwlib19_pin_in_dummy_classE
                0x00000000        0xc IRReceiver.o
 .rodata._ZTVN5hwlib20_pin_out_dummy_classE
                0x00000000        0xc IRReceiver.o
 .rodata._ZTVN5hwlib23_pin_in_out_dummy_classE
                0x00000000       0x18 IRReceiver.o
 .rodata._ZTVN5hwlib19_pin_oc_dummy_classE
                0x00000000       0x10 IRReceiver.o
 .rodata._ZTVN5hwlib19cin_using_uart_getcE
                0x00000000       0x10 IRReceiver.o
 .rodata._ZTVN5hwlib4lineE
                0x00000000        0xc IRReceiver.o
 .rodata._ZTVN5hwlib6circleE
                0x00000000        0xc IRReceiver.o
 .data._ZN5hwlib3cinE
                0x00000000        0x4 IRReceiver.o
 .data._ZN5hwlib12pin_in_dummyE
                0x00000000        0x4 IRReceiver.o
 .data._ZN5hwlib16pin_in_out_dummyE
                0x00000000        0x4 IRReceiver.o
 .data._ZN5hwlib12pin_oc_dummyE
                0x00000000        0x4 IRReceiver.o
 .bss._ZZN5hwlib4randEvE1n
                0x00000000        0x4 IRReceiver.o
 .data._ZN5hwlib13pin_out_dummyE
                0x00000000        0x4 IRReceiver.o
 .rodata._ZZN3due11ad_pin_infoENS_7ad_pinsEE17ad_pin_info_array
                0x00000000        0xc IRReceiver.o
 .rodata._ZZN3due11ad_seq_infoEiE12ad_seq_array
                0x00000000       0x70 IRReceiver.o
 .group         0x00000000        0x8 hwlib.o
 .group         0x00000000        0x8 hwlib.o
 .group         0x00000000        0x8 hwlib.o
 .group         0x00000000        0x8 hwlib.o
 .group         0x00000000        0x8 hwlib.o
 .group         0x00000000        0x8 hwlib.o
 .group         0x00000000        0x8 hwlib.o
 .group         0x00000000        0x8 hwlib.o
 .group         0x00000000        0x8 hwlib.o
 .group         0x00000000        0x8 hwlib.o
 .group         0x00000000        0x8 hwlib.o
 .group         0x00000000        0x8 hwlib.o
 .group         0x00000000        0x8 hwlib.o
 .group         0x00000000        0x8 hwlib.o
 .group         0x00000000        0x8 hwlib.o
 .group         0x00000000        0x8 hwlib.o
 .group         0x00000000        0x8 hwlib.o
 .group         0x00000000        0x8 hwlib.o
 .group         0x00000000        0x8 hwlib.o
 .group         0x00000000        0x8 hwlib.o
 .group         0x00000000        0x8 hwlib.o
 .group         0x00000000        0x8 hwlib.o
 .group         0x00000000        0x8 hwlib.o
 .group         0x00000000        0x8 hwlib.o
 .group         0x00000000        0x8 hwlib.o
 .group         0x00000000        0x8 hwlib.o
 .group         0x00000000        0x8 hwlib.o
 .group         0x00000000        0x8 hwlib.o
 .group         0x00000000        0x8 hwlib.o
 .group         0x00000000        0x8 hwlib.o
 .group         0x00000000        0x8 hwlib.o
 .group         0x00000000        0x8 hwlib.o
 .group         0x00000000        0x8 hwlib.o
 .text          0x00000000        0x0 hwlib.o
 .data          0x00000000        0x0 hwlib.o
 .bss           0x00000000        0x0 hwlib.o
 .text._ZN5hwlib19_pin_in_dummy_class3getEv
                0x00000000        0x4 hwlib.o
 .text._ZN5hwlib20_pin_out_dummy_class3setEb
                0x00000000        0x2 hwlib.o
 .text._ZN5hwlib23_pin_in_out_dummy_class3setEb
                0x00000000        0x2 hwlib.o
 .text._ZN5hwlib23_pin_in_out_dummy_class3getEv
                0x00000000        0x4 hwlib.o
 .text._ZN5hwlib23_pin_in_out_dummy_class19direction_set_inputEv
                0x00000000        0x2 hwlib.o
 .text._ZN5hwlib23_pin_in_out_dummy_class20direction_set_outputEv
                0x00000000        0x2 hwlib.o
 .text._ZN5hwlib19_pin_oc_dummy_class3setEb
                0x00000000        0x2 hwlib.o
 .text._ZN5hwlib19_pin_oc_dummy_class3getEv
                0x00000000        0x4 hwlib.o
 .text._ZN5hwlib7ostream5flushEv
                0x00000000        0x2 hwlib.o
 .text._ZNK5hwlib9image_8x818get_implementationENS_8locationE
                0x00000000       0x4c hwlib.o
 .text._ZN3due6pin_in3getEv
                0x00000000       0x10 hwlib.o
 .text._ZN3due7pin_out3setEb
                0x00000000        0xe hwlib.o
 .text._ZN5hwliblsERNS_7ostreamENS_8locationE
                0x00000000       0x38 hwlib.o
 .text._ZN5hwlib6window5writeENS_8locationENS_5colorE
                0x00000000       0x3e hwlib.o
 .text._ZN5hwlib4line4drawERNS_6windowE
                0x00000000       0xa4 hwlib.o
 .text._ZN5hwlib6circle4drawERNS_6windowE
                0x00000000      0x2ec hwlib.o
 .text._ZN5hwlib4randEv
                0x00000000       0x20 hwlib.o
 .text._ZN5hwlib15random_in_rangeEjj
                0x00000000       0x1a hwlib.o
 .text._ZN6sam3xa10SystemInitEv
                0x00000000       0x88 hwlib.o
 .text._ZN3due8pin_infoENS_4pinsE
                0x00000000       0x20 hwlib.o
 .text._ZN3due11ad_pin_infoENS_7ad_pinsE
                0x00000000       0x1c hwlib.o
 .text._ZN3due11ad_seq_infoEi
                0x00000000       0x20 hwlib.o
 .text._ZN3due14port_registersEi
                0x00000000       0x48 hwlib.o
 .text._ZN3due9now_ticksEv
                0x00000000       0x60 hwlib.o
 .text._ZN3due6now_usEv
                0x00000000       0x10 hwlib.o
 .text._ZN3due11wait_us_oldEi
                0x00000000       0x28 hwlib.o
 .text._ZN5hwlib9now_ticksEv
                0x00000000        0x8 hwlib.o
 .text._ZN5hwlib24uart_putc_bit_banged_pinEcRNS_7pin_outE
                0x00000000       0xc8 hwlib.o
 .text._ZN5hwlib6now_usEv
                0x00000000        0x8 hwlib.o
 .text._ZN5hwlib7wait_usEi
                0x00000000       0x20 hwlib.o
 .text._ZN5hwlib24uart_getc_bit_banged_pinERNS_6pin_inE
                0x00000000       0xaa hwlib.o
 .text._ZN5hwlib7wait_nsEi
                0x00000000       0x10 hwlib.o
 .text._ZN5hwlib7wait_msEi
                0x00000000       0x16 hwlib.o
 .text._ZN5hwlib5blinkERNS_7pin_outEi
                0x00000000       0x28 hwlib.o
 .text._ZN5hwlib4kittERNS_11port_in_outEi
                0x00000000       0x54 hwlib.o
 .text._ZN5hwlib4kittERNS_8port_outEi
                0x00000000       0x4e hwlib.o
 .text._ZN5hwlib4kittERNS_7port_ocEi
                0x00000000       0x4e hwlib.o
 .text._ZN5hwlib21graphics_random_linesERNS_6windowE
                0x00000000       0xe8 hwlib.o
 .text._ZN5hwlib23graphics_random_circlesERNS_6windowE
                0x00000000       0x8c hwlib.o
 .text._ZN5hwlib20cout_using_uart_putc4putcEc
                0x00000000        0xa hwlib.o
 .text._ZN5hwlib19uart_char_availableEv
                0x00000000       0x40 hwlib.o
 .text._ZN5hwlib19cin_using_uart_getc14char_availableEv
                0x00000000        0x8 hwlib.o
 .text._ZN5hwlib9uart_getcEv
                0x00000000       0x38 hwlib.o
 .text._ZN5hwlib19cin_using_uart_getc4getcEv
                0x00000000        0x8 hwlib.o
 .rodata._ZTVN5hwlib19_pin_in_dummy_classE
                0x00000000        0xc hwlib.o
 .rodata._ZTVN5hwlib20_pin_out_dummy_classE
                0x00000000        0xc hwlib.o
 .rodata._ZTVN5hwlib23_pin_in_out_dummy_classE
                0x00000000       0x18 hwlib.o
 .rodata._ZTVN5hwlib19_pin_oc_dummy_classE
                0x00000000       0x10 hwlib.o
 .rodata._ZTVN5hwlib20cout_using_uart_putcE
                0x00000000       0x10 hwlib.o
 .rodata._ZTVN5hwlib19cin_using_uart_getcE
                0x00000000       0x10 hwlib.o
 .rodata._ZTVN5hwlib9image_8x8E
                0x00000000        0xc hwlib.o
 .rodata._ZTVN5hwlib4lineE
                0x00000000        0xc hwlib.o
 .rodata._ZTVN5hwlib6circleE
                0x00000000        0xc hwlib.o
 .rodata._ZTVN3due6pin_inE
                0x00000000        0xc hwlib.o
 .rodata._ZTVN3due7pin_outE
                0x00000000        0xc hwlib.o
 .bss._ZZN3due9now_ticksEvE4high
                0x00000000        0x8 hwlib.o
 .rodata._ZZN3due11ad_pin_infoENS_7ad_pinsEE17ad_pin_info_array
                0x00000000        0xc hwlib.o
 .data._ZN5hwlib13pin_out_dummyE
                0x00000000        0x4 hwlib.o
 .bss._ZZN3due9now_ticksEvE9init_done
                0x00000000        0x1 hwlib.o
 .bss._ZZN5hwlib4randEvE1n
                0x00000000        0x4 hwlib.o
 .rodata._ZN5hwlibL5blackE
                0x00000000        0x4 hwlib.o
 .bss._ZZN5hwlib9uart_getcEvE3pin
                0x00000000        0xc hwlib.o
 .data._ZN5hwlib12pin_oc_dummyE
                0x00000000        0x4 hwlib.o
 .rodata._ZN5hwlibL5whiteE
                0x00000000        0x4 hwlib.o
 .data._ZN5hwlib16pin_in_out_dummyE
                0x00000000        0x4 hwlib.o
 .data._ZN5hwlib15font_16x16_dataE
                0x00000000      0xbe4 hwlib.o
 .data._ZN6sam3xa15SystemCoreClockE
                0x00000000        0x4 hwlib.o
 .data._ZN5hwlib3cinE
                0x00000000        0x4 hwlib.o
 .data._ZN5hwlib12pin_in_dummyE
                0x00000000        0x4 hwlib.o
 .rodata._ZN5hwlib16font_default_8x86imagesE
                0x00000000      0xa00 hwlib.o
 .bss._ZZN3due9now_ticksEvE8last_low
                0x00000000        0x4 hwlib.o
 .bss._ZGVZN5hwlib19uart_char_availableEvE3pin
                0x00000000        0x4 hwlib.o
 .rodata._ZZN3due11ad_seq_infoEiE12ad_seq_array
                0x00000000       0x70 hwlib.o
 .bss._ZGVZN5hwlib9uart_getcEvE3pin
                0x00000000        0x4 hwlib.o
 .data._ZN5hwlib4coutE
                0x00000000       0x14 hwlib.o
 .rodata.str1.1
                0x00000000       0x1d hwlib.o
 .rodata._ZZN3due8pin_infoENS_4pinsEE14pin_info_array
                0x00000000       0xa4 hwlib.o
 .bss._ZZN5hwlib19uart_char_availableEvE3pin
                0x00000000        0xc hwlib.o
 .text          0x00000000        0x0 coroutine.o
 .data          0x00000000        0x0 coroutine.o
 .bss           0x00000000        0x0 coroutine.o
 .data          0x00000000        0x0 switch_to.o
 .bss           0x00000000        0x0 switch_to.o
 .group         0x00000000        0x8 rtos.o
 .group         0x00000000        0x8 rtos.o
 .group         0x00000000        0x8 rtos.o
 .group         0x00000000        0x8 rtos.o
 .group         0x00000000        0x8 rtos.o
 .group         0x00000000        0x8 rtos.o
 .group         0x00000000        0x8 rtos.o
 .group         0x00000000        0x8 rtos.o
 .group         0x00000000        0x8 rtos.o
 .group         0x00000000        0x8 rtos.o
 .group         0x00000000        0x8 rtos.o
 .group         0x00000000        0x8 rtos.o
 .group         0x00000000        0x8 rtos.o
 .group         0x00000000        0x8 rtos.o
 .group         0x00000000        0x8 rtos.o
 .group         0x00000000        0x8 rtos.o
 .group         0x00000000        0x8 rtos.o
 .group         0x00000000        0x8 rtos.o
 .group         0x00000000        0x8 rtos.o
 .group         0x00000000        0x8 rtos.o
 .group         0x00000000        0x8 rtos.o
 .group         0x00000000        0x8 rtos.o
 .group         0x00000000        0x8 rtos.o
 .group         0x00000000        0x8 rtos.o
 .group         0x00000000        0x8 rtos.o
 .group         0x00000000        0x8 rtos.o
 .group         0x00000000        0x8 rtos.o
 .group         0x00000000        0x8 rtos.o
 .group         0x00000000        0x8 rtos.o
 .group         0x00000000        0x8 rtos.o
 .group         0x00000000        0x8 rtos.o
 .group         0x00000000        0x8 rtos.o
 .group         0x00000000        0x8 rtos.o
 .group         0x00000000        0x8 rtos.o
 .group         0x00000000        0x8 rtos.o
 .group         0x00000000        0x8 rtos.o
 .group         0x00000000        0x8 rtos.o
 .text          0x00000000        0x0 rtos.o
 .data          0x00000000        0x0 rtos.o
 .bss           0x00000000        0x0 rtos.o
 .text._ZN5hwlib19_pin_in_dummy_class3getEv
                0x00000000        0x4 rtos.o
 .text._ZN5hwlib20_pin_out_dummy_class3setEb
                0x00000000        0x2 rtos.o
 .text._ZN5hwlib23_pin_in_out_dummy_class3setEb
                0x00000000        0x2 rtos.o
 .text._ZN5hwlib23_pin_in_out_dummy_class3getEv
                0x00000000        0x4 rtos.o
 .text._ZN5hwlib23_pin_in_out_dummy_class19direction_set_inputEv
                0x00000000        0x2 rtos.o
 .text._ZN5hwlib23_pin_in_out_dummy_class20direction_set_outputEv
                0x00000000        0x2 rtos.o
 .text._ZN5hwlib19_pin_oc_dummy_class3setEb
                0x00000000        0x2 rtos.o
 .text._ZN5hwlib19_pin_oc_dummy_class3getEv
                0x00000000        0x4 rtos.o
 .text._ZN5hwlib7ostream5flushEv
                0x00000000        0x2 rtos.o
 .text._ZN5hwlib20cout_using_uart_putc4putcEc
                0x00000000        0x6 rtos.o
 .text._ZN5hwlib19cin_using_uart_getc4getcEv
                0x00000000        0x4 rtos.o
 .text._ZN5hwlib19cin_using_uart_getc14char_availableEv
                0x00000000        0x4 rtos.o
 .text._ZN5hwliblsERNS_7ostreamEPKc
                0x00000000       0x68 rtos.o
 .text._ZN5hwliblsERNS_7ostreamEi
                0x00000000       0x92 rtos.o
 .text._ZN5hwlib6window5writeENS_8locationENS_5colorE
                0x00000000       0x3e rtos.o
 .text._ZN5hwlib4line4drawERNS_6windowE
                0x00000000       0xa4 rtos.o
 .text._ZN5hwlib6circle4drawERNS_6windowE
                0x00000000      0x2ec rtos.o
 .text._ZN5hwlib4randEv
                0x00000000       0x20 rtos.o
 .text._ZN5hwlib15random_in_rangeEjj
                0x00000000       0x1a rtos.o
 .text._ZN6sam3xa10SystemInitEv
                0x00000000       0x88 rtos.o
 .text._ZN3due8pin_infoENS_4pinsE
                0x00000000       0x20 rtos.o
 .text._ZN3due11ad_pin_infoENS_7ad_pinsE
                0x00000000       0x1c rtos.o
 .text._ZN3due11ad_seq_infoEi
                0x00000000       0x20 rtos.o
 .text._ZN3due14port_registersEi
                0x00000000       0x48 rtos.o
 .text._ZN3due9now_ticksEv
                0x00000000       0x60 rtos.o
 .text._ZN3due6now_usEv
                0x00000000       0x10 rtos.o
 .text._ZN3due11wait_us_oldEi
                0x00000000       0x28 rtos.o
 .text._ZN5hwlib9now_ticksEv
                0x00000000        0x8 rtos.o
 .text._ZN5hwlib24uart_putc_bit_banged_pinEcRNS_7pin_outE
                0x00000000       0xc8 rtos.o
 .text._ZN5hwlib6now_usEv
                0x00000000        0x8 rtos.o
 .text._ZNK4rtos5eventeqERKS0_
                0x00000000       0x3c rtos.o
 .text._ZNK4rtos5eventneERKS0_
                0x00000000       0x3c rtos.o
 .text._ZNK4rtos5eventeqERKNS_8waitableE
                0x00000000       0x1a rtos.o
 .text._ZNK4rtos5eventneERKNS_8waitableE
                0x00000000       0x1a rtos.o
 .text._ZNK4rtos5eventplERKS0_
                0x00000000       0x3c rtos.o
 .text._ZNK4rtos5event5printERN5hwlib7ostreamE
                0x00000000       0x30 rtos.o
 .text._ZN4rtos5timer3setEm
                0x00000000        0xe rtos.o
 .text._ZN4rtos5timer5startEm
                0x00000000        0xe rtos.o
 .text._ZN4rtos5clock7time_upEv
                0x00000000       0x2e rtos.o
 .text._ZThn16_N4rtos5clock7time_upEv
                0x00000000        0x8 rtos.o
 .text._ZN4rtos4flag3setEv
                0x00000000       0x10 rtos.o
 .text._ZN4rtos5clock5clearEv
                0x00000000        0x8 rtos.o
 .text._ZN4rtos5mutex4waitEv
                0x00000000       0x30 rtos.o
 .text._ZN4rtos5mutex6signalEv
                0x00000000       0x50 rtos.o
 .text._ZN4rtos5mutexD2Ev
                0x00000000       0x28 rtos.o
 .text._ZlsRN5hwlib7ostreamERKN4rtos9task_baseE
                0x00000000       0x12 rtos.o
 .text._ZlsRN5hwlib7ostreamERKN4rtos4flagE
                0x00000000       0x12 rtos.o
 .text._ZlsRN5hwlib7ostreamERKN4rtos5eventE
                0x00000000       0x10 rtos.o
 .text._ZlsRN5hwlib7ostreamERKN4rtos5timerE
                0x00000000       0x12 rtos.o
 .text._ZlsRN5hwlib7ostreamERKN4rtos5clockE
                0x00000000       0x12 rtos.o
 .text._ZlsRN5hwlib7ostreamERKN4rtos12channel_baseE
                0x00000000       0x12 rtos.o
 .text._ZlsRN5hwlib7ostreamERKN4rtos5mutexE
                0x00000000       0x12 rtos.o
 .text._ZlsRN5hwlib7ostreamERKN4rtos12mailbox_baseE
                0x00000000       0x12 rtos.o
 .text._ZlsRN5hwlib7ostreamERKN4rtos9pool_baseE
                0x00000000       0x12 rtos.o
 .text._ZNK4rtos9task_base4nameEv
                0x00000000        0x4 rtos.o
 .text._ZN4rtos3addEPNS_4flagE
                0x00000000       0x10 rtos.o
 .text._ZN4rtos4flagC2EPNS_9task_baseEPKc
                0x00000000       0x20 rtos.o
 .text._ZN4rtos3addEPNS_5clockE
                0x00000000       0x10 rtos.o
 .text._ZN4rtos3addEPNS_5mutexE
                0x00000000       0x10 rtos.o
 .text._ZN4rtos5mutexC2EPKc
                0x00000000       0x1e rtos.o
 .text._ZN4rtos3addEPNS_12channel_baseE
                0x00000000       0x10 rtos.o
 .text._ZN4rtos12channel_baseC2EPNS_9task_baseEPKc
                0x00000000       0x30 rtos.o
 .text._ZN4rtos3addEPNS_12mailbox_baseE
                0x00000000       0x10 rtos.o
 .text._ZN4rtos12mailbox_baseC2EPKc
                0x00000000       0x20 rtos.o
 .text._ZN4rtos3addEPNS_9pool_baseE
                0x00000000       0x10 rtos.o
 .text._ZN4rtos9pool_baseC2EPKc
                0x00000000       0x1c rtos.o
 .text._ZN4rtos5clockC2EPNS_9task_baseEmPKc
                0x00000000       0x3c rtos.o
 .text._ZN4rtos19do_statistics_clearEv
                0x00000000       0x18 rtos.o
 .text._ZN4rtos18display_statisticsEv
                0x00000000       0x28 rtos.o
 .text._ZN5hwlib24uart_getc_bit_banged_pinERNS_6pin_inE
                0x00000000       0xaa rtos.o
 .text._ZN5hwlib7wait_nsEi
                0x00000000       0x10 rtos.o
 .text._ZN5hwlib5blinkERNS_7pin_outEi
                0x00000000       0x28 rtos.o
 .text._ZN5hwlib4kittERNS_11port_in_outEi
                0x00000000       0x54 rtos.o
 .text._ZN5hwlib4kittERNS_8port_outEi
                0x00000000       0x4e rtos.o
 .text._ZN5hwlib4kittERNS_7port_ocEi
                0x00000000       0x4e rtos.o
 .text._ZN5hwlib21graphics_random_linesERNS_6windowE
                0x00000000       0xe8 rtos.o
 .text._ZN5hwlib23graphics_random_circlesERNS_6windowE
                0x00000000       0x8c rtos.o
 .rodata._ZTVN5hwlib19_pin_in_dummy_classE
                0x00000000        0xc rtos.o
 .rodata._ZTVN5hwlib20_pin_out_dummy_classE
                0x00000000        0xc rtos.o
 .rodata._ZTVN5hwlib23_pin_in_out_dummy_classE
                0x00000000       0x18 rtos.o
 .rodata._ZTVN5hwlib19_pin_oc_dummy_classE
                0x00000000       0x10 rtos.o
 .rodata._ZTVN5hwlib20cout_using_uart_putcE
                0x00000000       0x10 rtos.o
 .rodata._ZTVN5hwlib19cin_using_uart_getcE
                0x00000000       0x10 rtos.o
 .rodata._ZTVN5hwlib4lineE
                0x00000000        0xc rtos.o
 .rodata._ZTVN5hwlib6circleE
                0x00000000        0xc rtos.o
 .rodata._ZTVN4rtos4flagE
                0x00000000        0xc rtos.o
 .rodata._ZTVN4rtos12channel_baseE
                0x00000000        0xc rtos.o
 .rodata._ZZN3due11ad_pin_infoENS_7ad_pinsEE17ad_pin_info_array
                0x00000000        0xc rtos.o
 .bss._ZZN3due9now_ticksEvE9init_done
                0x00000000        0x1 rtos.o
 .data._ZN5hwlib13pin_out_dummyE
                0x00000000        0x4 rtos.o
 .bss._ZZN5hwlib4randEvE1n
                0x00000000        0x4 rtos.o
 .rodata._ZTVN4rtos5clockE
                0x00000000       0x20 rtos.o
 .rodata._ZZN3due11ad_seq_infoEiE12ad_seq_array
                0x00000000       0x70 rtos.o
 .data._ZN5hwlib12pin_oc_dummyE
                0x00000000        0x4 rtos.o
 .data._ZN5hwlib16pin_in_out_dummyE
                0x00000000        0x4 rtos.o
 .data._ZN6sam3xa15SystemCoreClockE
                0x00000000        0x4 rtos.o
 .data._ZN5hwlib12pin_in_dummyE
                0x00000000        0x4 rtos.o
 .bss._ZZN3due9now_ticksEvE8last_low
                0x00000000        0x4 rtos.o
 .data._ZN5hwlib3cinE
                0x00000000        0x4 rtos.o
 .bss._ZZN3due9now_ticksEvE4high
                0x00000000        0x8 rtos.o
 .rodata._ZZN3due8pin_infoENS_4pinsEE14pin_info_array
                0x00000000       0xa4 rtos.o
 .data._ZN5hwlib4coutE
                0x00000000       0x14 rtos.o
 .group         0x00000000        0x8 main.o
 .group         0x00000000        0x8 main.o
 .group         0x00000000        0x8 main.o
 .group         0x00000000        0x8 main.o
 .group         0x00000000        0x8 main.o
 .group         0x00000000        0x8 main.o
 .group         0x00000000        0x8 main.o
 .group         0x00000000        0x8 main.o
 .group         0x00000000        0x8 main.o
 .group         0x00000000        0x8 main.o
 .group         0x00000000        0x8 main.o
 .group         0x00000000        0x8 main.o
 .group         0x00000000        0x8 main.o
 .group         0x00000000        0x8 main.o
 .group         0x00000000        0x8 main.o
 .group         0x00000000        0x8 main.o
 .group         0x00000000        0x8 main.o
 .group         0x00000000        0x8 main.o
 .group         0x00000000        0x8 main.o
 .group         0x00000000        0x8 main.o
 .group         0x00000000        0x8 main.o
 .group         0x00000000        0x8 main.o
 .group         0x00000000        0x8 main.o
 .group         0x00000000        0x8 main.o
 .group         0x00000000        0x8 main.o
 .group         0x00000000        0x8 main.o
 .text          0x00000000        0x0 main.o
 .data          0x00000000        0x0 main.o
 .bss           0x00000000        0x0 main.o
 .text._ZN5hwlib19_pin_in_dummy_class3getEv
                0x00000000        0x4 main.o
 .text._ZN5hwlib20_pin_out_dummy_class3setEb
                0x00000000        0x2 main.o
 .text._ZN5hwlib23_pin_in_out_dummy_class3setEb
                0x00000000        0x2 main.o
 .text._ZN5hwlib23_pin_in_out_dummy_class3getEv
                0x00000000        0x4 main.o
 .text._ZN5hwlib23_pin_in_out_dummy_class19direction_set_inputEv
                0x00000000        0x2 main.o
 .text._ZN5hwlib23_pin_in_out_dummy_class20direction_set_outputEv
                0x00000000        0x2 main.o
 .text._ZN5hwlib19_pin_oc_dummy_class3setEb
                0x00000000        0x2 main.o
 .text._ZN5hwlib19_pin_oc_dummy_class3getEv
                0x00000000        0x4 main.o
 .text._ZN5hwlib7ostream5flushEv
                0x00000000        0x2 main.o
 .text._ZN5hwlib20cout_using_uart_putc4putcEc
                0x00000000        0x6 main.o
 .text._ZN5hwlib19cin_using_uart_getc4getcEv
                0x00000000        0x4 main.o
 .text._ZN5hwlib19cin_using_uart_getc14char_availableEv
                0x00000000        0x4 main.o
 .text._ZN5hwlib7ostream6fillerEi
                0x00000000       0x1a main.o
 .text._ZN5hwliblsERNS_7ostreamEPKc
                0x00000000       0x54 main.o
 .text._ZN5hwlib6window5writeENS_8locationENS_5colorE
                0x00000000       0x3e main.o
 .text._ZN5hwlib4line4drawERNS_6windowE
                0x00000000       0xa4 main.o
 .text._ZN5hwlib6circle4drawERNS_6windowE
                0x00000000      0x2ec main.o
 .text._ZN5hwlib5blinkERNS_7pin_outEi
                0x00000000       0x28 main.o
 .text._ZN5hwlib4kittERNS_11port_in_outEi
                0x00000000       0x54 main.o
 .text._ZN5hwlib4kittERNS_8port_outEi
                0x00000000       0x4e main.o
 .text._ZN5hwlib4kittERNS_7port_ocEi
                0x00000000       0x4e main.o
 .text._ZN5hwlib4randEv
                0x00000000       0x20 main.o
 .text._ZN5hwlib15random_in_rangeEjj
                0x00000000       0x1a main.o
 .text._ZN5hwlib21graphics_random_linesERNS_6windowE
                0x00000000       0xe8 main.o
 .text._ZN5hwlib23graphics_random_circlesERNS_6windowE
                0x00000000       0x8c main.o
 .text._ZN6sam3xa10SystemInitEv
                0x00000000       0x88 main.o
 .text._ZN3due8pin_infoENS_4pinsE
                0x00000000       0x20 main.o
 .text._ZN3due11ad_pin_infoENS_7ad_pinsE
                0x00000000       0x1c main.o
 .text._ZN3due11ad_seq_infoEi
                0x00000000       0x20 main.o
 .text._ZN3due14port_registersEi
                0x00000000       0x48 main.o
 .text._ZN3due9now_ticksEv
                0x00000000       0x60 main.o
 .text._ZN3due6now_usEv
                0x00000000       0x10 main.o
 .text._ZN3due11wait_us_oldEi
                0x00000000       0x28 main.o
 .text._ZN5hwlib9now_ticksEv
                0x00000000        0x8 main.o
 .text._ZN5hwlib24uart_putc_bit_banged_pinEcRNS_7pin_outE
                0x00000000       0xc8 main.o
 .text._ZN5hwlib24uart_getc_bit_banged_pinERNS_6pin_inE
                0x00000000       0xaa main.o
 .text._ZN5hwlib6now_usEv
                0x00000000        0x8 main.o
 .rodata._ZTVN5hwlib19_pin_in_dummy_classE
                0x00000000        0xc main.o
 .rodata._ZTVN5hwlib20_pin_out_dummy_classE
                0x00000000        0xc main.o
 .rodata._ZTVN5hwlib23_pin_in_out_dummy_classE
                0x00000000       0x18 main.o
 .rodata._ZTVN5hwlib19_pin_oc_dummy_classE
                0x00000000       0x10 main.o
 .rodata._ZTVN5hwlib20cout_using_uart_putcE
                0x00000000       0x10 main.o
 .rodata._ZTVN5hwlib19cin_using_uart_getcE
                0x00000000       0x10 main.o
 .rodata._ZTVN5hwlib4lineE
                0x00000000        0xc main.o
 .rodata._ZTVN5hwlib6circleE
                0x00000000        0xc main.o
 .data._ZN5hwlib3cinE
                0x00000000        0x4 main.o
 .data._ZN5hwlib12pin_in_dummyE
                0x00000000        0x4 main.o
 .data._ZN5hwlib16pin_in_out_dummyE
                0x00000000        0x4 main.o
 .bss._ZZN3due9now_ticksEvE4high
                0x00000000        0x8 main.o
 .data._ZN5hwlib12pin_oc_dummyE
                0x00000000        0x4 main.o
 .bss._ZZN5hwlib4randEvE1n
                0x00000000        0x4 main.o
 .data._ZN5hwlib13pin_out_dummyE
                0x00000000        0x4 main.o
 .data._ZN6sam3xa15SystemCoreClockE
                0x00000000        0x4 main.o
 .rodata._ZZN3due11ad_pin_infoENS_7ad_pinsEE17ad_pin_info_array
                0x00000000        0xc main.o
 .bss._ZZN3due9now_ticksEvE8last_low
                0x00000000        0x4 main.o
 .bss._ZZN3due9now_ticksEvE9init_done
                0x00000000        0x1 main.o
 .rodata._ZZN3due8pin_infoENS_4pinsEE14pin_info_array
                0x00000000       0xa4 main.o
 .rodata._ZZN3due11ad_seq_infoEiE12ad_seq_array
                0x00000000       0x70 main.o
 .data._ZN5hwlib4coutE
                0x00000000       0x14 main.o
 .text          0x00000000        0x0 bmptk_cortex.o
 .data          0x00000000        0x0 bmptk_cortex.o
 .bss           0x00000000        0x0 bmptk_cortex.o
 .text.__aeabi_idiv0
                0x00000000        0x4 bmptk_cortex.o
 COMMON         0x00000000        0x4 bmptk_cortex.o
 .text          0x00000000        0x0 bmptk_heap_bmptk.o
 .data          0x00000000        0x0 bmptk_heap_bmptk.o
 .bss           0x00000000        0x0 bmptk_heap_bmptk.o
 .text.free     0x00000000        0x4 bmptk_heap_bmptk.o
 .text          0x00000000        0x0 bmptk_fixed_size_stack.o
 .data          0x00000000        0x0 bmptk_fixed_size_stack.o
 .bss           0x00000000        0x0 bmptk_fixed_size_stack.o
 .text.bmptk_stack_used
                0x00000000        0xc bmptk_fixed_size_stack.o
 .data          0x00000000        0x0 c:/program files (x86)/gnu tools arm embedded/5.3 2016q1/bin/../lib/gcc/arm-none-eabi/5.3.1/armv7-m\libgcc.a(_aeabi_ldivmod.o)
 .bss           0x00000000        0x0 c:/program files (x86)/gnu tools arm embedded/5.3 2016q1/bin/../lib/gcc/arm-none-eabi/5.3.1/armv7-m\libgcc.a(_aeabi_ldivmod.o)
 .data          0x00000000        0x0 c:/program files (x86)/gnu tools arm embedded/5.3 2016q1/bin/../lib/gcc/arm-none-eabi/5.3.1/armv7-m\libgcc.a(_udivmoddi4.o)
 .bss           0x00000000        0x0 c:/program files (x86)/gnu tools arm embedded/5.3 2016q1/bin/../lib/gcc/arm-none-eabi/5.3.1/armv7-m\libgcc.a(_udivmoddi4.o)
 .ARM.extab     0x00000000        0x0 c:/program files (x86)/gnu tools arm embedded/5.3 2016q1/bin/../lib/gcc/arm-none-eabi/5.3.1/armv7-m\libgcc.a(_udivmoddi4.o)
 .data          0x00000000        0x0 c:/program files (x86)/gnu tools arm embedded/5.3 2016q1/bin/../lib/gcc/arm-none-eabi/5.3.1/armv7-m\libgcc.a(_dvmd_tls.o)
 .bss           0x00000000        0x0 c:/program files (x86)/gnu tools arm embedded/5.3 2016q1/bin/../lib/gcc/arm-none-eabi/5.3.1/armv7-m\libgcc.a(_dvmd_tls.o)
 .text          0x00000000        0x0 c:/program files (x86)/gnu tools arm embedded/5.3 2016q1/bin/../lib/gcc/arm-none-eabi/5.3.1/../../../../arm-none-eabi/lib/armv7-m\libc.a(lib_a-memset.o)
 .data          0x00000000        0x0 c:/program files (x86)/gnu tools arm embedded/5.3 2016q1/bin/../lib/gcc/arm-none-eabi/5.3.1/../../../../arm-none-eabi/lib/armv7-m\libc.a(lib_a-memset.o)
 .bss           0x00000000        0x0 c:/program files (x86)/gnu tools arm embedded/5.3 2016q1/bin/../lib/gcc/arm-none-eabi/5.3.1/../../../../arm-none-eabi/lib/armv7-m\libc.a(lib_a-memset.o)

Memory Configuration

Name             Origin             Length             Attributes
rom              0x00000000         0x00080000         xr
ram              0x20000000         0x00018000         xrw
nul              0x20000000         0x00000000         xrw
*default*        0x00000000         0xffffffff

Linker script and memory map

LOAD c:/program files (x86)/gnu tools arm embedded/5.3 2016q1/bin/../lib/gcc/arm-none-eabi/5.3.1/armv7-m\libgcc.a
LOAD IRMessage.o
LOAD IRReceiver.o
LOAD hwlib.o
LOAD coroutine.o
LOAD switch_to.o
LOAD rtos.o
LOAD main.o
LOAD bmptk_cortex.o
LOAD bmptk_heap_bmptk.o
LOAD bmptk_fixed_size_stack.o
LOAD c:/program files (x86)/gnu tools arm embedded/5.3 2016q1/bin/../lib/gcc/arm-none-eabi/5.3.1/../../../../arm-none-eabi/lib/armv7-m\libstdc++.a
LOAD c:/program files (x86)/gnu tools arm embedded/5.3 2016q1/bin/../lib/gcc/arm-none-eabi/5.3.1/../../../../arm-none-eabi/lib/armv7-m\libm.a
START GROUP
LOAD c:/program files (x86)/gnu tools arm embedded/5.3 2016q1/bin/../lib/gcc/arm-none-eabi/5.3.1/armv7-m\libgcc.a
LOAD c:/program files (x86)/gnu tools arm embedded/5.3 2016q1/bin/../lib/gcc/arm-none-eabi/5.3.1/../../../../arm-none-eabi/lib/armv7-m\libc.a
END GROUP
                0x00000000                __rom_start = ORIGIN (rom)
                0x00080000                __rom_size = LENGTH (rom)
                0x00080000                __rom_end = (__rom_start + __rom_size)
                0x20000000                __ram_start = ORIGIN (ram)
                0x00018000                __ram_size = LENGTH (ram)
                0x20018000                __ram_end = (__ram_start + __ram_size)
                [!provide]                PROVIDE (__rom_start, __rom_start)
                [!provide]                PROVIDE (__rom_size, __rom_size)
                [!provide]                PROVIDE (__rom_end, __rom_end)
                [!provide]                PROVIDE (__ram_start, __ram_start)
                [!provide]                PROVIDE (__ram_size, __ram_size)
                [!provide]                PROVIDE (__ram_end, __ram_end)

.text           0x00000000     0x2010
                0x00000000                . = ALIGN (0x4)
                0x00000000                __text_start = .
                [!provide]                PROVIDE (__text_start, __text_start)
                0x00000000                . = ALIGN (0x4)
 *(.vectors)
 .vectors       0x00000000       0xb0 bmptk_cortex.o
                0x00000000                __vectors
                0x000000b0                . = ALIGN (0x4)
 *(.text .text.* .gnu.linkonce.t.*)
 .text._ZN5hwlib7ostream5flushEv
                0x000000b0        0x2 IRReceiver.o
                0x000000b0                hwlib::ostream::flush()
 .text._ZN3due6pin_in3getEv
                0x000000b2       0x10 IRReceiver.o
                0x000000b2                due::pin_in::get()
 .text._ZN3due7pin_out3setEb
                0x000000c2        0xe IRReceiver.o
                0x000000c2                due::pin_out::set(bool)
 .text._ZN5hwlib20cout_using_uart_putc4putcEc
                0x000000d0        0x6 IRReceiver.o
                0x000000d0                hwlib::cout_using_uart_putc::putc(char)
 *fill*         0x000000d6        0x2 
 .text._ZN6sam3xa10SystemInitEv
                0x000000d8       0x88 IRReceiver.o
                0x000000d8                sam3xa::SystemInit()
 .text._ZN3due8pin_infoENS_4pinsE
                0x00000160       0x20 IRReceiver.o
                0x00000160                due::pin_info(due::pins)
 .text._ZN3due14port_registersEi
                0x00000180       0x48 IRReceiver.o
                0x00000180                due::port_registers(int)
 .text._ZN3due7pin_outC2ENS_4pinsE
                0x000001c8       0x34 IRReceiver.o
                0x000001c8                due::pin_out::pin_out(due::pins)
                0x000001c8                due::pin_out::pin_out(due::pins)
 .text._ZN3due9now_ticksEv
                0x000001fc       0x60 IRReceiver.o
                0x000001fc                due::now_ticks()
 .text._ZN5hwlib9now_ticksEv
                0x0000025c        0x8 IRReceiver.o
                0x0000025c                hwlib::now_ticks()
 .text._ZN5hwlib24uart_putc_bit_banged_pinEcRNS_7pin_outE
                0x00000264       0xc8 IRReceiver.o
                0x00000264                hwlib::uart_putc_bit_banged_pin(char, hwlib::pin_out&)
 .text._ZN10IRReceiver6detectEv
                0x0000032c       0xc0 IRReceiver.o
                0x0000032c                IRReceiver::detect()
 .text.startup._ZN10IRReceiver4mainEv
                0x000003ec        0xc IRReceiver.o
                0x000003ec                IRReceiver::main()
 .text._ZN5hwlib7ostream6fillerEi
                0x000003f8       0x1a hwlib.o
                0x000003f8                hwlib::ostream::filler(int)
 .text._ZN5hwliblsERNS_7ostreamEPKc
                0x00000412       0x54 hwlib.o
                0x00000412                hwlib::operator<<(hwlib::ostream&, char const*)
 .text._ZN5hwliblsERNS_7ostreamEi
                0x00000466       0xd4 hwlib.o
                0x00000466                hwlib::operator<<(hwlib::ostream&, int)
 *fill*         0x0000053a        0x2 
 .text._ZN5hwlib9uart_putcEc
                0x0000053c       0x3c hwlib.o
                0x0000053c                hwlib::uart_putc(char)
 .text          0x00000578       0x24 switch_to.o
                0x00000578                switch_from_to
 .text._ZN4rtos8callback6cancelEv
                0x0000059c        0xa rtos.o
                0x0000059c                rtos::callback::cancel()
 .text._ZN5hwlib7ostream7reverse10add_prefixERKS0_.part.1.constprop.23
                0x000005a6       0x4c rtos.o
 .text._ZN5hwlib7ostreamlsEc
                0x000005f2        0xe rtos.o
                0x000005f2                hwlib::ostream::operator<<(char)
 .text._ZN5hwliblsERNS_7ostreamEx
                0x00000600       0xbc rtos.o
                0x00000600                hwlib::operator<<(hwlib::ostream&, long long)
 .text._ZN5hwliblsERNS_7ostreamEj
                0x000006bc        0xc rtos.o
                0x000006bc                hwlib::operator<<(hwlib::ostream&, unsigned int)
 .text._Z6strlenPKc
                0x000006c8       0x10 rtos.o
                0x000006c8                strlen(char const*)
 .text._Z6strcpyPcPKc
                0x000006d8       0x14 rtos.o
                0x000006d8                strcpy(char*, char const*)
 .text._Z15string_allocatePKc
                0x000006ec       0x26 rtos.o
                0x000006ec                string_allocate(char const*)
 .text._Z12nr_from_maskj
                0x00000712       0x1c rtos.o
                0x00000712                nr_from_mask(unsigned int)
 *fill*         0x0000072e        0x2 
 .text._Z15task_trampolinev
                0x00000730       0x34 rtos.o
                0x00000730                task_trampoline()
 .text._ZN4rtos9task_base7releaseEv
                0x00000764       0x24 rtos.o
                0x00000764                rtos::task_base::release()
 .text._ZN4rtos9task_base7suspendEv
                0x00000788        0x8 rtos.o
                0x00000788                rtos::task_base::suspend()
 .text._ZN4rtos9task_base6resumeEv
                0x00000790        0x8 rtos.o
                0x00000790                rtos::task_base::resume()
 .text._ZN4rtos9task_base7unblockEv
                0x00000798       0x14 rtos.o
                0x00000798                rtos::task_base::unblock()
 .text._ZN4rtos9task_base5blockEv
                0x000007ac       0x70 rtos.o
                0x000007ac                rtos::task_base::block()
 .text._ZNK4rtos9task_base5printERN5hwlib7ostreamEb
                0x0000081c      0x158 rtos.o
                0x0000081c                rtos::task_base::print(hwlib::ostream&, bool) const
 .text._ZNK4rtos4flag5printERN5hwlib7ostreamEb
                0x00000974       0xc8 rtos.o
                0x00000974                rtos::flag::print(hwlib::ostream&, bool) const
 .text._ZNK4rtos5timer5printERN5hwlib7ostreamEb
                0x00000a3c       0xd4 rtos.o
                0x00000a3c                rtos::timer::print(hwlib::ostream&, bool) const
 .text._ZNK4rtos5clock5printERN5hwlib7ostreamEb
                0x00000b10       0xd8 rtos.o
                0x00000b10                rtos::clock::print(hwlib::ostream&, bool) const
 .text._ZN4rtos12waitable_set17waitable_allocateEv
                0x00000be8       0x38 rtos.o
                0x00000be8                rtos::waitable_set::waitable_allocate()
 .text._ZN4rtos8waitableC2EPNS_9task_baseEPKc
                0x00000c20       0x2c rtos.o
                0x00000c20                rtos::waitable::waitable(rtos::task_base*, char const*)
                0x00000c20                rtos::waitable::waitable(rtos::task_base*, char const*)
 .text._ZN4rtos12waitable_set3setERKNS_8waitableE
                0x00000c4c       0x14 rtos.o
                0x00000c4c                rtos::waitable_set::set(rtos::waitable const&)
 .text._ZN4rtos5timer7time_upEv
                0x00000c60       0x10 rtos.o
                0x00000c60                rtos::timer::time_up()
                0x00000c6a                non-virtual thunk to rtos::timer::time_up()
 .text._ZN4rtos12waitable_set5clearERKNS_8waitableE
                0x00000c70        0xc rtos.o
                0x00000c70                rtos::waitable_set::clear(rtos::waitable const&)
 .text._ZN4rtos8waitable5clearEv
                0x00000c7c        0xa rtos.o
                0x00000c7c                rtos::waitable::clear()
 .text._ZN4rtos5timer6cancelEv
                0x00000c86       0x16 rtos.o
                0x00000c86                rtos::timer::cancel()
 .text._ZThn16_N4rtos5timer6cancelEv
                0x00000c9c        0x8 rtos.o
                0x00000c9c                non-virtual thunk to rtos::timer::cancel()
 .text._ZN4rtos12waitable_set4waitEj
                0x00000ca4       0x64 rtos.o
                0x00000ca4                rtos::waitable_set::wait(unsigned int)
 .text._ZN4rtos9task_base5sleepEj
                0x00000d08       0x20 rtos.o
                0x00000d08                rtos::task_base::sleep(unsigned int)
 .text._ZNK4rtos5mutex5printERN5hwlib7ostreamEb
                0x00000d28       0xec rtos.o
                0x00000d28                rtos::mutex::print(hwlib::ostream&, bool) const
 .text._ZNK4rtos12channel_base5printERN5hwlib7ostreamEb
                0x00000e14       0xe4 rtos.o
                0x00000e14                rtos::channel_base::print(hwlib::ostream&, bool) const
 .text._ZNK4rtos9pool_base5printERN5hwlib7ostreamEb
                0x00000ef8       0x78 rtos.o
                0x00000ef8                rtos::pool_base::print(hwlib::ostream&, bool) const
 .text._ZNK4rtos12mailbox_base5printERN5hwlib7ostreamEb
                0x00000f70       0xc4 rtos.o
                0x00000f70                rtos::mailbox_base::print(hwlib::ostream&, bool) const
 .text._ZN4rtos3addEPNS_5timerE
                0x00001034       0x10 rtos.o
                0x00001034                rtos::add(rtos::timer*)
 .text._ZN4rtos5printERN5hwlib7ostreamE
                0x00001044      0x258 rtos.o
                0x00001044                rtos::print(hwlib::ostream&)
 .text._ZN4rtos4beatEv
                0x0000129c      0x14c rtos.o
                0x0000129c                rtos::beat()
 .text._ZN4rtos8run_timeEv
                0x000013e8        0x8 rtos.o
                0x000013e8                rtos::run_time()
 .text._ZN4rtos3runEv
                0x000013f0       0x40 rtos.o
                0x000013f0                rtos::run()
 .text._ZN4rtos3addEPNS_8callbackE
                0x00001430       0x10 rtos.o
                0x00001430                rtos::add(rtos::callback*)
 .text._ZN4rtos8callbackC2EPKc
                0x00001440       0x28 rtos.o
                0x00001440                rtos::callback::callback(char const*)
                0x00001440                rtos::callback::callback(char const*)
 .text._ZN4rtos5timerC2EPNS_9task_baseEPKc
                0x00001468       0x34 rtos.o
                0x00001468                rtos::timer::timer(rtos::task_base*, char const*)
                0x00001468                rtos::timer::timer(rtos::task_base*, char const*)
 .text._ZN4rtos3addEPNS_9task_baseE
                0x0000149c       0x7c rtos.o
                0x0000149c                rtos::add(rtos::task_base*)
 .text._ZN4rtos9task_baseC2ER9coroutineILi0EEjPKc
                0x00001518       0x4c rtos.o
                0x00001518                rtos::task_base::task_base(coroutine<0>&, unsigned int, char const*)
                0x00001518                rtos::task_base::task_base(coroutine<0>&, unsigned int, char const*)
 .text._ZN5hwlib7wait_usEi
                0x00001564       0x40 rtos.o
                0x00001564                hwlib::wait_us(int)
 .text._ZN5hwlib7wait_msEi
                0x000015a4       0x16 rtos.o
                0x000015a4                hwlib::wait_ms(int)
 *fill*         0x000015ba        0x2 
 .text.startup.main
                0x000015bc       0xb0 main.o
                0x000015bc                main
 .text.Int27_Handler
                0x0000166c        0x2 bmptk_cortex.o
                0x0000166c                Int27_Handler
 *fill*         0x0000166e        0x2 
 .text.__startup
                0x00001670       0x48 bmptk_cortex.o
                0x00001670                __startup
 .text.SysTick_Handler
                0x000016b8        0x2 bmptk_cortex.o
                0x000016b8                SysTick_Handler
 .text.__cxa_pure_virtual
                0x000016ba        0x2 bmptk_cortex.o
                0x000016ba                __cxa_pure_virtual
 .text.malloc   0x000016bc       0x24 bmptk_heap_bmptk.o
                0x000016bc                malloc
 .text.bmptk_heap_free
                0x000016e0       0x14 bmptk_heap_bmptk.o
                0x000016e0                bmptk_heap_free
 .text.bmptk_heap_used
                0x000016f4       0x14 bmptk_heap_bmptk.o
                0x000016f4                bmptk_heap_used
 .text.bmptk_heap_size
                0x00001708       0x10 bmptk_heap_bmptk.o
                0x00001708                bmptk_heap_size
 .text.bmptk_stack_size
                0x00001718        0x6 bmptk_fixed_size_stack.o
                0x00001718                bmptk_stack_size
 *fill*         0x0000171e        0x2 
 .text.bmptk_stack_free
                0x00001720       0x18 bmptk_fixed_size_stack.o
                0x00001720                bmptk_stack_free
 .text          0x00001738       0xa0 c:/program files (x86)/gnu tools arm embedded/5.3 2016q1/bin/../lib/gcc/arm-none-eabi/5.3.1/armv7-m\libgcc.a(_aeabi_ldivmod.o)
                0x00001738                __aeabi_ldivmod
 .text          0x000017d8      0x2ec c:/program files (x86)/gnu tools arm embedded/5.3 2016q1/bin/../lib/gcc/arm-none-eabi/5.3.1/armv7-m\libgcc.a(_udivmoddi4.o)
                0x000017d8                __udivmoddi4
 .text          0x00001ac4        0x4 c:/program files (x86)/gnu tools arm embedded/5.3 2016q1/bin/../lib/gcc/arm-none-eabi/5.3.1/armv7-m\libgcc.a(_dvmd_tls.o)
                0x00001ac4                __aeabi_ldiv0
 .text.memset   0x00001ac8       0x9c c:/program files (x86)/gnu tools arm embedded/5.3 2016q1/bin/../lib/gcc/arm-none-eabi/5.3.1/../../../../arm-none-eabi/lib/armv7-m\libc.a(lib_a-memset.o)
                0x00001ac8                memset
                0x00001b64                . = ALIGN (0x4)
 *(.glue_7t .glue_7)
 .glue_7        0x00001b64        0x0 linker stubs
 .glue_7t       0x00001b64        0x0 linker stubs
                0x00001b64                . = ALIGN (0x4)
 *(.rodata .rodata.* .gnu.linkonce.r.*)
 .rodata._ZTVN5hwlib20cout_using_uart_putcE
                0x00001b64       0x10 IRReceiver.o
                0x00001b64                vtable for hwlib::cout_using_uart_putc
 .rodata._ZTVN3due6pin_inE
                0x00001b74        0xc IRReceiver.o
                0x00001b74                vtable for due::pin_in
 .rodata._ZTVN3due7pin_outE
                0x00001b80        0xc IRReceiver.o
                0x00001b80                vtable for due::pin_out
 .rodata._ZTV10IRReceiver
                0x00001b8c       0x14 IRReceiver.o
                0x00001b8c                vtable for IRReceiver
 .rodata.str1.1
                0x00001ba0       0x17 IRReceiver.o
 .rodata._ZZN3due8pin_infoENS_4pinsEE14pin_info_array
                0x00001bb7       0xa4 IRReceiver.o
 *fill*         0x00001c5b        0x1 
 .rodata._ZTVN4rtos8waitableE
                0x00001c5c        0xc rtos.o
                0x00001c5c                vtable for rtos::waitable
 .rodata._ZTVN4rtos8callbackE
                0x00001c68       0x10 rtos.o
                0x00001c68                vtable for rtos::callback
 .rodata.str1.1
                0x00001c78      0x348 rtos.o
                                0x364 (size before relaxing)
 .rodata._ZTVN4rtos5timerE
                0x00001fc0       0x24 rtos.o
                0x00001fc0                vtable for rtos::timer
 .rodata._ZTVN4rtos9task_baseE
                0x00001fe4       0x14 rtos.o
                0x00001fe4                vtable for rtos::task_base
 .rodata.str1.1
                0x00001ff8       0x17 main.o
                                 0x43 (size before relaxing)
                0x00002010                . = ALIGN (0x4)
 *fill*         0x0000200f        0x1 
 *(.ARM.extab* .gnu.linkonce.armextab.*)
                0x00002010                . = ALIGN (0x4)
 *(.gcc_except_table)
                0x00002010                . = ALIGN (0x4)
 *(.eh_frame_hdr)
                0x00002010                . = ALIGN (0x4)
 *(.eh_frame)
                0x00002010                . = ALIGN (0x4)
                0x00002010                __text_end = .
                [!provide]                PROVIDE (__text_end, __text_end)

.vfp11_veneer   0x00002010        0x0
 .vfp11_veneer  0x00002010        0x0 linker stubs

.v4_bx          0x00002010        0x0
 .v4_bx         0x00002010        0x0 linker stubs

.iplt           0x00002010        0x0
 .iplt          0x00002010        0x0 IRMessage.o

.IF_YOU_SEE_THIS_YOU_HAVE_ONE_OR_MORE_GLOBAL_OBJECT_CONSTRUCTORS
 *(.init)
 *(.preinit_array)
 *(SORT(.init_array.*))
 *(.init_array)
                0x00002010                . = ALIGN (0x4)
                0x00002010                __exidx_start = .
                [!provide]                PROVIDE (__exidx_start, __exidx_start)

.ARM.exidx      0x00002010        0x8
 *(.ARM.exidx* .gnu.linkonce.armexidx.*)
 .ARM.exidx     0x00002010        0x8 c:/program files (x86)/gnu tools arm embedded/5.3 2016q1/bin/../lib/gcc/arm-none-eabi/5.3.1/armv7-m\libgcc.a(_udivmoddi4.o)

.rel.dyn        0x00002018        0x0
 .rel.iplt      0x00002018        0x0 IRMessage.o
                0x00002018                . = ALIGN (0x4)
                0x00002018                __exidx_end = .
                [!provide]                PROVIDE (__exidx_end, __exidx_end)

.bss            0x20000000    0x14060
                0x20000000                . = ALIGN (0x4)
                0x20000000                __bss_start = .
                [!provide]                PROVIDE (__bss_start, __bss_start)
                0x20000000                . = ALIGN (0x4)
                0x20000000                __stack_start = .
                [!provide]                PROVIDE (__stack_start, __stack_start)
                0x20000000                . = ALIGN (0x4)
 *(.bmptk_stack)
 .bmptk_stack   0x20000000    0x14001 bmptk_fixed_size_stack.o
                0x20000000                bmptk_stack
                0x20014000                bmptk_stack_beyond
                0x20014008                . = ALIGN (0x8)
 *fill*         0x20014001        0x7 
                0x20014008                __main_stack_end = .
                [!provide]                PROVIDE (__main_stack_end, __main_stack_end)
                0x20014008                . = ALIGN (0x4)
                0x20014008                __stack_end = .
                [!provide]                PROVIDE (__stack_end, __stack_end)
                0x20014008                . = ALIGN (0x4)
 *(.bss .bss.* .gnu.linkonce.b.*)
 .bss._ZZN3due9now_ticksEvE4high
                0x20014008        0x8 IRReceiver.o
 .bss._ZZN3due9now_ticksEvE8last_low
                0x20014010        0x4 IRReceiver.o
 .bss._ZZN3due9now_ticksEvE9init_done
                0x20014014        0x1 IRReceiver.o
 *fill*         0x20014015        0x3 
 .bss._ZGVZN5hwlib9uart_putcEcE3pin
                0x20014018        0x4 hwlib.o
 .bss._ZZN5hwlib9uart_putcEcE3pin
                0x2001401c        0xc hwlib.o
 .bss._ZN17coroutine_context7main_spE
                0x20014028        0x4 coroutine.o
                0x20014028                coroutine_context::main_sp
 .bss._ZN4rtos17scheduler_runningE
                0x2001402c        0x1 rtos.o
                0x2001402c                rtos::scheduler_running
 .bss._ZN4rtos10must_clearE
                0x2001402d        0x1 rtos.o
                0x2001402d                rtos::must_clear
 *fill*         0x2001402e        0x2 
 .bss._ZN4rtos6clocksE
                0x20014030        0x4 rtos.o
                0x20014030                rtos::clocks
 .bss._ZN4rtos17rtos_current_taskE
                0x20014034        0x4 rtos.o
                0x20014034                rtos::rtos_current_task
 .bss._ZN4rtos9timerListE
                0x20014038        0x4 rtos.o
                0x20014038                rtos::timerList
 .bss._ZN4rtos8taskListE
                0x2001403c        0x4 rtos.o
                0x2001403c                rtos::taskList
 .bss._ZN4rtos6timersE
                0x20014040        0x4 rtos.o
                0x20014040                rtos::timers
 .bss._ZN4rtos5flagsE
                0x20014044        0x4 rtos.o
                0x20014044                rtos::flags
 .bss.last_run_time
                0x20014048        0x8 rtos.o
                0x20014048                last_run_time
 .bss._ZN4rtos5poolsE
                0x20014050        0x4 rtos.o
                0x20014050                rtos::pools
 .bss._ZN4rtos7mutexesE
                0x20014054        0x4 rtos.o
                0x20014054                rtos::mutexes
 .bss._ZN4rtos9mailboxesE
                0x20014058        0x4 rtos.o
                0x20014058                rtos::mailboxes
 .bss._ZN4rtos8channelsE
                0x2001405c        0x4 rtos.o
                0x2001405c                rtos::channels
                0x20014060                . = ALIGN (0x4)
 *(COMMON)
                0x20014060                . = ALIGN (0x4)
                0x20014060                __bss_end = .
                [!provide]                PROVIDE (__bss_end, __bss_end)

.data           0x20014060       0x24 load address 0x00002018
                0x20014060                . = ALIGN (0x4)
                0x00002018                __data_init_start = LOADADDR (.data)
                [!provide]                PROVIDE (__data_init_start, __data_init_start)
                0x20014060                __data_start = .
                [!provide]                PROVIDE (__data_start, __data_start)
                0x20014060                . = ALIGN (0x4)
 *(.data .data.* .gnu.linkonce.d.*)
 .data._ZN6sam3xa15SystemCoreClockE
                0x20014060        0x4 IRReceiver.o
                0x20014060                sam3xa::SystemCoreClock
 .data._ZN5hwlib4coutE
                0x20014064       0x14 IRReceiver.o
                0x20014064                hwlib::cout
 .data._ZN17coroutine_context24current_coroutine_sp_ptrE
                0x20014078        0x4 coroutine.o
                0x20014078                coroutine_context::current_coroutine_sp_ptr
 .data._last_free
                0x2001407c        0x4 bmptk_heap_bmptk.o
                0x2001407c                _last_free
 .data._first_free
                0x20014080        0x4 bmptk_heap_bmptk.o
                0x20014080                _first_free
                0x20014084                . = ALIGN (0x4)
                0x20014084                __data_end = .
                [!provide]                PROVIDE (__data_end, __data_end)
                0x00002018                __data_init_end = LOADADDR (.data)
                [!provide]                PROVIDE (__data_init_end, __data_init_end)
                0x00000024                PROVIDE (__data_size, (__data_end - __data_start))
                0x00000024                PROVIDE (__data_init_size, __data_size)
                [!provide]                PROVIDE (__data_init_end, (__data_init_start + __data_init_size))

.igot.plt       0x20014084        0x0 load address 0x0000203c
 .igot.plt      0x20014084        0x0 IRMessage.o
                0x20014084                . = ALIGN (0x4)
                0x20014084                __heap_start = .
                [!provide]                PROVIDE (__heap_start, __heap_start)
                0x20014084                . = ALIGN (0x4)
                0x20018000                __heap_end = __ram_end
                [!provide]                PROVIDE (__heap_end, __heap_end)

.stab
 *(.stab)

.stabstr
 *(.stabstr)

.debug
 *(.debug)

.line
 *(.line)

.debug_srcinfo
 *(.debug_srcinfo)

.debug_sfnames
 *(.debug_sfnames)

.debug_aranges
 *(.debug_aranges)

.debug_pubnames
 *(.debug_pubnames)

.debug_info
 *(.debug_info .gnu.linkonce.wi.*)

.debug_abbrev
 *(.debug_abbrev)

.debug_line
 *(.debug_line)

.debug_frame    0x00000000       0xb0
 *(.debug_frame)
 .debug_frame   0x00000000       0x44 c:/program files (x86)/gnu tools arm embedded/5.3 2016q1/bin/../lib/gcc/arm-none-eabi/5.3.1/armv7-m\libgcc.a(_aeabi_ldivmod.o)
 .debug_frame   0x00000044       0x38 c:/program files (x86)/gnu tools arm embedded/5.3 2016q1/bin/../lib/gcc/arm-none-eabi/5.3.1/armv7-m\libgcc.a(_udivmoddi4.o)
 .debug_frame   0x0000007c       0x34 c:/program files (x86)/gnu tools arm embedded/5.3 2016q1/bin/../lib/gcc/arm-none-eabi/5.3.1/../../../../arm-none-eabi/lib/armv7-m\libc.a(lib_a-memset.o)

.comment        0x00000000       0x6e
 .comment       0x00000000       0x6e IRMessage.o
                                 0x6f (size before relaxing)
 .comment       0x0000006e       0x6f IRReceiver.o
 .comment       0x0000006e       0x6f hwlib.o
 .comment       0x0000006e       0x6f coroutine.o
 .comment       0x0000006e       0x6f rtos.o
 .comment       0x0000006e       0x6f main.o
 .comment       0x0000006e       0x6f bmptk_cortex.o
 .comment       0x0000006e       0x6f bmptk_heap_bmptk.o
 .comment       0x0000006e       0x6f bmptk_fixed_size_stack.o

.debug_str
 *(.debug_str)

.debug_loc
 *(.debug_loc)

.debug_macinfo
 *(.debug_macinfo)

.debug_weaknames
 *(.debug_weaknames)

.debug_funcnames
 *(.debug_funcnames)

.debug_typenames
 *(.debug_typenames)

.debug_varnames
 *(.debug_varnames)

.note.gnu.arm.ident
 *(.note.gnu.arm.ident)

.ARM.attributes
                0x00000000       0x31
 *(.ARM.attributes)
 .ARM.attributes
                0x00000000       0x33 IRMessage.o
 .ARM.attributes
                0x00000033       0x33 IRReceiver.o
 .ARM.attributes
                0x00000066       0x33 hwlib.o
 .ARM.attributes
                0x00000099       0x33 coroutine.o
 .ARM.attributes
                0x000000cc       0x21 switch_to.o
 .ARM.attributes
                0x000000ed       0x33 rtos.o
 .ARM.attributes
                0x00000120       0x33 main.o
 .ARM.attributes
                0x00000153       0x33 bmptk_cortex.o
 .ARM.attributes
                0x00000186       0x33 bmptk_heap_bmptk.o
 .ARM.attributes
                0x000001b9       0x33 bmptk_fixed_size_stack.o
 .ARM.attributes
                0x000001ec       0x1d c:/program files (x86)/gnu tools arm embedded/5.3 2016q1/bin/../lib/gcc/arm-none-eabi/5.3.1/armv7-m\libgcc.a(_aeabi_ldivmod.o)
 .ARM.attributes
                0x00000209       0x2d c:/program files (x86)/gnu tools arm embedded/5.3 2016q1/bin/../lib/gcc/arm-none-eabi/5.3.1/armv7-m\libgcc.a(_udivmoddi4.o)
 .ARM.attributes
                0x00000236       0x1d c:/program files (x86)/gnu tools arm embedded/5.3 2016q1/bin/../lib/gcc/arm-none-eabi/5.3.1/armv7-m\libgcc.a(_dvmd_tls.o)
 .ARM.attributes
                0x00000253       0x2d c:/program files (x86)/gnu tools arm embedded/5.3 2016q1/bin/../lib/gcc/arm-none-eabi/5.3.1/../../../../arm-none-eabi/lib/armv7-m\libc.a(lib_a-memset.o)

/DISCARD/
 *(.note.GNU-stack)
                [!provide]                PROVIDE (__text_size, (__text_end - __text_start))
                [!provide]                PROVIDE (__exidx_size, (__exidx_end - __exidx_start))
                [!provide]                PROVIDE (__bss_size, (__bss_end - __bss_start))
                [!provide]                PROVIDE (__stack_size, (__stack_end - __stack_start))
                [!provide]                PROVIDE (__heap_size, (__heap_end - __heap_start))
OUTPUT(main.elf elf32-littlearm)
