Archive member included to satisfy reference by file (symbol)

c:/program files (x86)/gnu tools arm embedded/5.3 2016q1/bin/../lib/gcc/arm-none-eabi/5.3.1/armv7-m\libgcc.a(_aeabi_ldivmod.o)
                              game.o (__aeabi_ldivmod)
c:/program files (x86)/gnu tools arm embedded/5.3 2016q1/bin/../lib/gcc/arm-none-eabi/5.3.1/armv7-m\libgcc.a(_udivmoddi4.o)
                              c:/program files (x86)/gnu tools arm embedded/5.3 2016q1/bin/../lib/gcc/arm-none-eabi/5.3.1/armv7-m\libgcc.a(_aeabi_ldivmod.o) (__udivmoddi4)
c:/program files (x86)/gnu tools arm embedded/5.3 2016q1/bin/../lib/gcc/arm-none-eabi/5.3.1/armv7-m\libgcc.a(_dvmd_tls.o)
                              c:/program files (x86)/gnu tools arm embedded/5.3 2016q1/bin/../lib/gcc/arm-none-eabi/5.3.1/armv7-m\libgcc.a(_aeabi_ldivmod.o) (__aeabi_ldiv0)

Allocating common symbols
Common symbol       size              file

__dso_handle        0x4               bmptk_cortex.o

Discarded input sections

 .text          0x00000000        0x0 IRMessage.o
 .data          0x00000000        0x0 IRMessage.o
 .bss           0x00000000        0x0 IRMessage.o
 .text._ZN9IRMessageC2Eii
                0x00000000       0x2e IRMessage.o
 .text._Z6getBitis
                0x00000000        0xe IRMessage.o
 .text._ZN9IRMessage6encodeEv
                0x00000000       0x36 IRMessage.o
 .text._ZN9IRMessage5setIdEi
                0x00000000       0x18 IRMessage.o
 .text._ZN9IRMessage7setDataEi
                0x00000000       0x18 IRMessage.o
 .text._ZN9IRMessage8getErrorEv
                0x00000000        0x4 IRMessage.o
 .group         0x00000000        0x8 game.o
 .group         0x00000000        0x8 game.o
 .group         0x00000000        0x8 game.o
 .group         0x00000000        0x8 game.o
 .group         0x00000000        0x8 game.o
 .group         0x00000000        0x8 game.o
 .group         0x00000000        0x8 game.o
 .group         0x00000000        0x8 game.o
 .group         0x00000000        0x8 game.o
 .group         0x00000000        0x8 game.o
 .group         0x00000000        0x8 game.o
 .group         0x00000000        0x8 game.o
 .group         0x00000000        0x8 game.o
 .group         0x00000000        0x8 game.o
 .group         0x00000000        0x8 game.o
 .group         0x00000000        0x8 game.o
 .group         0x00000000        0x8 game.o
 .group         0x00000000        0x8 game.o
 .group         0x00000000        0x8 game.o
 .group         0x00000000        0x8 game.o
 .group         0x00000000        0x8 game.o
 .group         0x00000000        0x8 game.o
 .group         0x00000000        0x8 game.o
 .group         0x00000000        0x8 game.o
 .group         0x00000000        0x8 game.o
 .group         0x00000000        0x8 game.o
 .group         0x00000000        0x8 game.o
 .text          0x00000000        0x0 game.o
 .data          0x00000000        0x0 game.o
 .bss           0x00000000        0x0 game.o
 .text._ZN5hwlib19_pin_in_dummy_class3getEv
                0x00000000        0x4 game.o
 .text._ZN5hwlib20_pin_out_dummy_class3setEb
                0x00000000        0x2 game.o
 .text._ZN5hwlib23_pin_in_out_dummy_class3setEb
                0x00000000        0x2 game.o
 .text._ZN5hwlib23_pin_in_out_dummy_class3getEv
                0x00000000        0x4 game.o
 .text._ZN5hwlib23_pin_in_out_dummy_class19direction_set_inputEv
                0x00000000        0x2 game.o
 .text._ZN5hwlib23_pin_in_out_dummy_class20direction_set_outputEv
                0x00000000        0x2 game.o
 .text._ZN5hwlib19_pin_oc_dummy_class3setEb
                0x00000000        0x2 game.o
 .text._ZN5hwlib19_pin_oc_dummy_class3getEv
                0x00000000        0x4 game.o
 .text._ZN5hwlib19cin_using_uart_getc4getcEv
                0x00000000        0x4 game.o
 .text._ZN5hwlib19cin_using_uart_getc14char_availableEv
                0x00000000        0x4 game.o
 .text._ZN5hwlib6window5writeENS_8locationENS_5colorE
                0x00000000       0x3e game.o
 .text._ZN5hwlib4line4drawERNS_6windowE
                0x00000000       0xa4 game.o
 .text._ZN5hwlib6circle4drawERNS_6windowE
                0x00000000      0x2ec game.o
 .text._ZN5hwlib5blinkERNS_7pin_outEi
                0x00000000       0x28 game.o
 .text._ZN5hwlib4kittERNS_11port_in_outEi
                0x00000000       0x54 game.o
 .text._ZN5hwlib4kittERNS_8port_outEi
                0x00000000       0x4e game.o
 .text._ZN5hwlib4kittERNS_7port_ocEi
                0x00000000       0x4e game.o
 .text._ZN5hwlib4randEv
                0x00000000       0x20 game.o
 .text._ZN5hwlib15random_in_rangeEjj
                0x00000000       0x1a game.o
 .text._ZN5hwlib21graphics_random_linesERNS_6windowE
                0x00000000       0xe8 game.o
 .text._ZN5hwlib23graphics_random_circlesERNS_6windowE
                0x00000000       0x8c game.o
 .text._ZN3due11ad_pin_infoENS_7ad_pinsE
                0x00000000       0x1c game.o
 .text._ZN3due11ad_seq_infoEi
                0x00000000       0x20 game.o
 .text._ZN3due6now_usEv
                0x00000000       0x10 game.o
 .text._ZN3due11wait_us_oldEi
                0x00000000       0x28 game.o
 .text._ZN5hwlib24uart_getc_bit_banged_pinERNS_6pin_inE
                0x00000000       0xaa game.o
 .text._ZN5hwlib6now_usEv
                0x00000000        0x8 game.o
 .text._ZN4gameC2Ei
                0x00000000        0x4 game.o
 .text._ZN4game4initEv
                0x00000000       0x30 game.o
 .rodata._ZTVN5hwlib19_pin_in_dummy_classE
                0x00000000        0xc game.o
 .rodata._ZTVN5hwlib20_pin_out_dummy_classE
                0x00000000        0xc game.o
 .rodata._ZTVN5hwlib23_pin_in_out_dummy_classE
                0x00000000       0x18 game.o
 .rodata._ZTVN5hwlib19_pin_oc_dummy_classE
                0x00000000       0x10 game.o
 .rodata._ZTVN5hwlib19cin_using_uart_getcE
                0x00000000       0x10 game.o
 .rodata._ZTVN5hwlib4lineE
                0x00000000        0xc game.o
 .rodata._ZTVN5hwlib6circleE
                0x00000000        0xc game.o
 .data._ZN5hwlib3cinE
                0x00000000        0x4 game.o
 .data._ZN5hwlib12pin_in_dummyE
                0x00000000        0x4 game.o
 .data._ZN5hwlib16pin_in_out_dummyE
                0x00000000        0x4 game.o
 .data._ZN5hwlib12pin_oc_dummyE
                0x00000000        0x4 game.o
 .data.pin_d4   0x00000000        0x4 game.o
 .bss._ZZN5hwlib4randEvE1n
                0x00000000        0x4 game.o
 .data.pin_d6   0x00000000        0x4 game.o
 .data._ZN5hwlib13pin_out_dummyE
                0x00000000        0x4 game.o
 .rodata._ZZN3due11ad_pin_infoENS_7ad_pinsEE17ad_pin_info_array
                0x00000000        0xc game.o
 .rodata._ZZN3due11ad_seq_infoEiE12ad_seq_array
                0x00000000       0x70 game.o
 .data.pin_d5   0x00000000        0x4 game.o
 .data.pin_d7   0x00000000        0x4 game.o
 .group         0x00000000        0x8 infrared.o
 .group         0x00000000        0x8 infrared.o
 .group         0x00000000        0x8 infrared.o
 .group         0x00000000        0x8 infrared.o
 .group         0x00000000        0x8 infrared.o
 .group         0x00000000        0x8 infrared.o
 .group         0x00000000        0x8 infrared.o
 .group         0x00000000        0x8 infrared.o
 .group         0x00000000        0x8 infrared.o
 .group         0x00000000        0x8 infrared.o
 .group         0x00000000        0x8 infrared.o
 .group         0x00000000        0x8 infrared.o
 .group         0x00000000        0x8 infrared.o
 .group         0x00000000        0x8 infrared.o
 .group         0x00000000        0x8 infrared.o
 .group         0x00000000        0x8 infrared.o
 .group         0x00000000        0x8 infrared.o
 .group         0x00000000        0x8 infrared.o
 .group         0x00000000        0x8 infrared.o
 .group         0x00000000        0x8 infrared.o
 .group         0x00000000        0x8 infrared.o
 .group         0x00000000        0x8 infrared.o
 .group         0x00000000        0x8 infrared.o
 .group         0x00000000        0x8 infrared.o
 .group         0x00000000        0x8 infrared.o
 .group         0x00000000        0x8 infrared.o
 .group         0x00000000        0x8 infrared.o
 .group         0x00000000        0x8 infrared.o
 .group         0x00000000        0x8 infrared.o
 .text          0x00000000        0x0 infrared.o
 .data          0x00000000        0x0 infrared.o
 .bss           0x00000000        0x0 infrared.o
 .text._ZN5hwlib19_pin_in_dummy_class3getEv
                0x00000000        0x4 infrared.o
 .text._ZN5hwlib20_pin_out_dummy_class3setEb
                0x00000000        0x2 infrared.o
 .text._ZN5hwlib23_pin_in_out_dummy_class3setEb
                0x00000000        0x2 infrared.o
 .text._ZN5hwlib23_pin_in_out_dummy_class3getEv
                0x00000000        0x4 infrared.o
 .text._ZN5hwlib23_pin_in_out_dummy_class19direction_set_inputEv
                0x00000000        0x2 infrared.o
 .text._ZN5hwlib23_pin_in_out_dummy_class20direction_set_outputEv
                0x00000000        0x2 infrared.o
 .text._ZN5hwlib19_pin_oc_dummy_class3setEb
                0x00000000        0x2 infrared.o
 .text._ZN5hwlib19_pin_oc_dummy_class3getEv
                0x00000000        0x4 infrared.o
 .text._ZN5hwlib7ostream5flushEv
                0x00000000        0x2 infrared.o
 .text._ZN5hwlib20cout_using_uart_putc4putcEc
                0x00000000        0x6 infrared.o
 .text._ZN5hwlib19cin_using_uart_getc4getcEv
                0x00000000        0x4 infrared.o
 .text._ZN5hwlib19cin_using_uart_getc14char_availableEv
                0x00000000        0x4 infrared.o
 .text._ZN5hwliblsERNS_7ostreamEPKc
                0x00000000       0x68 infrared.o
 .text._ZN5hwliblsERNS_7ostreamEi
                0x00000000       0xd4 infrared.o
 .text._ZN5hwlib6window5writeENS_8locationENS_5colorE
                0x00000000       0x3e infrared.o
 .text._ZN5hwlib4line4drawERNS_6windowE
                0x00000000       0xa4 infrared.o
 .text._ZN5hwlib6circle4drawERNS_6windowE
                0x00000000      0x2ec infrared.o
 .text._ZN5hwlib5blinkERNS_7pin_outEi
                0x00000000       0x28 infrared.o
 .text._ZN5hwlib4kittERNS_11port_in_outEi
                0x00000000       0x54 infrared.o
 .text._ZN5hwlib4kittERNS_8port_outEi
                0x00000000       0x4e infrared.o
 .text._ZN5hwlib4kittERNS_7port_ocEi
                0x00000000       0x4e infrared.o
 .text._ZN5hwlib4randEv
                0x00000000       0x20 infrared.o
 .text._ZN5hwlib15random_in_rangeEjj
                0x00000000       0x1a infrared.o
 .text._ZN5hwlib21graphics_random_linesERNS_6windowE
                0x00000000       0xe8 infrared.o
 .text._ZN5hwlib23graphics_random_circlesERNS_6windowE
                0x00000000       0x8c infrared.o
 .text._ZN6sam3xa10SystemInitEv
                0x00000000       0x88 infrared.o
 .text._ZN3due8pin_infoENS_4pinsE
                0x00000000       0x20 infrared.o
 .text._ZN3due11ad_pin_infoENS_7ad_pinsE
                0x00000000       0x1c infrared.o
 .text._ZN3due11ad_seq_infoEi
                0x00000000       0x20 infrared.o
 .text._ZN3due14port_registersEi
                0x00000000       0x48 infrared.o
 .text._ZN3due9now_ticksEv
                0x00000000       0x60 infrared.o
 .text._ZN3due6now_usEv
                0x00000000       0x10 infrared.o
 .text._ZN3due11wait_us_oldEi
                0x00000000       0x28 infrared.o
 .text._ZN5hwlib9now_ticksEv
                0x00000000        0x8 infrared.o
 .text._ZN5hwlib24uart_putc_bit_banged_pinEcRNS_7pin_outE
                0x00000000       0xc8 infrared.o
 .text._ZN5hwlib24uart_getc_bit_banged_pinERNS_6pin_inE
                0x00000000       0xaa infrared.o
 .text._ZN5hwlib6now_usEv
                0x00000000        0x8 infrared.o
 .text._ZN8infrared5driveEi
                0x00000000        0x2 infrared.o
 .rodata._ZTVN5hwlib19_pin_in_dummy_classE
                0x00000000        0xc infrared.o
 .rodata._ZTVN5hwlib20_pin_out_dummy_classE
                0x00000000        0xc infrared.o
 .rodata._ZTVN5hwlib23_pin_in_out_dummy_classE
                0x00000000       0x18 infrared.o
 .rodata._ZTVN5hwlib19_pin_oc_dummy_classE
                0x00000000       0x10 infrared.o
 .rodata._ZTVN5hwlib20cout_using_uart_putcE
                0x00000000       0x10 infrared.o
 .rodata._ZTVN5hwlib19cin_using_uart_getcE
                0x00000000       0x10 infrared.o
 .rodata._ZTVN5hwlib4lineE
                0x00000000        0xc infrared.o
 .rodata._ZTVN5hwlib6circleE
                0x00000000        0xc infrared.o
 .data._ZN5hwlib3cinE
                0x00000000        0x4 infrared.o
 .data._ZN5hwlib12pin_in_dummyE
                0x00000000        0x4 infrared.o
 .data._ZN5hwlib16pin_in_out_dummyE
                0x00000000        0x4 infrared.o
 .bss._ZZN3due9now_ticksEvE4high
                0x00000000        0x8 infrared.o
 .data._ZN5hwlib12pin_oc_dummyE
                0x00000000        0x4 infrared.o
 .bss._ZZN5hwlib4randEvE1n
                0x00000000        0x4 infrared.o
 .data._ZN5hwlib13pin_out_dummyE
                0x00000000        0x4 infrared.o
 .data._ZN6sam3xa15SystemCoreClockE
                0x00000000        0x4 infrared.o
 .rodata._ZZN3due11ad_pin_infoENS_7ad_pinsEE17ad_pin_info_array
                0x00000000        0xc infrared.o
 .bss._ZZN3due9now_ticksEvE8last_low
                0x00000000        0x4 infrared.o
 .bss._ZZN3due9now_ticksEvE9init_done
                0x00000000        0x1 infrared.o
 .rodata._ZZN3due8pin_infoENS_4pinsEE14pin_info_array
                0x00000000       0xa4 infrared.o
 .rodata._ZZN3due11ad_seq_infoEiE12ad_seq_array
                0x00000000       0x70 infrared.o
 .data._ZN5hwlib4coutE
                0x00000000       0x14 infrared.o
 .group         0x00000000        0x8 hwlib.o
 .group         0x00000000        0x8 hwlib.o
 .group         0x00000000        0x8 hwlib.o
 .group         0x00000000        0x8 hwlib.o
 .group         0x00000000        0x8 hwlib.o
 .group         0x00000000        0x8 hwlib.o
 .group         0x00000000        0x8 hwlib.o
 .group         0x00000000        0x8 hwlib.o
 .group         0x00000000        0x8 hwlib.o
 .group         0x00000000        0x8 hwlib.o
 .group         0x00000000        0x8 hwlib.o
 .group         0x00000000        0x8 hwlib.o
 .group         0x00000000        0x8 hwlib.o
 .group         0x00000000        0x8 hwlib.o
 .group         0x00000000        0x8 hwlib.o
 .group         0x00000000        0x8 hwlib.o
 .group         0x00000000        0x8 hwlib.o
 .group         0x00000000        0x8 hwlib.o
 .group         0x00000000        0x8 hwlib.o
 .group         0x00000000        0x8 hwlib.o
 .group         0x00000000        0x8 hwlib.o
 .group         0x00000000        0x8 hwlib.o
 .group         0x00000000        0x8 hwlib.o
 .group         0x00000000        0x8 hwlib.o
 .group         0x00000000        0x8 hwlib.o
 .group         0x00000000        0x8 hwlib.o
 .group         0x00000000        0x8 hwlib.o
 .group         0x00000000        0x8 hwlib.o
 .group         0x00000000        0x8 hwlib.o
 .group         0x00000000        0x8 hwlib.o
 .group         0x00000000        0x8 hwlib.o
 .group         0x00000000        0x8 hwlib.o
 .group         0x00000000        0x8 hwlib.o
 .text          0x00000000        0x0 hwlib.o
 .data          0x00000000        0x0 hwlib.o
 .bss           0x00000000        0x0 hwlib.o
 .text._ZN5hwlib19_pin_in_dummy_class3getEv
                0x00000000        0x4 hwlib.o
 .text._ZN5hwlib20_pin_out_dummy_class3setEb
                0x00000000        0x2 hwlib.o
 .text._ZN5hwlib23_pin_in_out_dummy_class3setEb
                0x00000000        0x2 hwlib.o
 .text._ZN5hwlib23_pin_in_out_dummy_class3getEv
                0x00000000        0x4 hwlib.o
 .text._ZN5hwlib23_pin_in_out_dummy_class19direction_set_inputEv
                0x00000000        0x2 hwlib.o
 .text._ZN5hwlib23_pin_in_out_dummy_class20direction_set_outputEv
                0x00000000        0x2 hwlib.o
 .text._ZN5hwlib19_pin_oc_dummy_class3setEb
                0x00000000        0x2 hwlib.o
 .text._ZN5hwlib19_pin_oc_dummy_class3getEv
                0x00000000        0x4 hwlib.o
 .text._ZN5hwlib7ostream5flushEv
                0x00000000        0x2 hwlib.o
 .text._ZNK5hwlib9image_8x818get_implementationENS_8locationE
                0x00000000       0x4c hwlib.o
 .text._ZN3due6pin_in3getEv
                0x00000000       0x10 hwlib.o
 .text._ZN5hwlib7ostream6fillerEi
                0x00000000       0x1a hwlib.o
 .text._ZN5hwliblsERNS_7ostreamEPKc
                0x00000000       0x54 hwlib.o
 .text._ZN5hwliblsERNS_7ostreamEi
                0x00000000       0xd4 hwlib.o
 .text._ZN5hwliblsERNS_7ostreamENS_8locationE
                0x00000000       0x38 hwlib.o
 .text._ZN5hwlib6window5writeENS_8locationENS_5colorE
                0x00000000       0x3e hwlib.o
 .text._ZN5hwlib4line4drawERNS_6windowE
                0x00000000       0xa4 hwlib.o
 .text._ZN5hwlib6circle4drawERNS_6windowE
                0x00000000      0x2ec hwlib.o
 .text._ZN5hwlib4randEv
                0x00000000       0x20 hwlib.o
 .text._ZN5hwlib15random_in_rangeEjj
                0x00000000       0x1a hwlib.o
 .text._ZN6sam3xa10SystemInitEv
                0x00000000       0x88 hwlib.o
 .text._ZN3due8pin_infoENS_4pinsE
                0x00000000       0x20 hwlib.o
 .text._ZN3due11ad_pin_infoENS_7ad_pinsE
                0x00000000       0x1c hwlib.o
 .text._ZN3due11ad_seq_infoEi
                0x00000000       0x20 hwlib.o
 .text._ZN3due14port_registersEi
                0x00000000       0x48 hwlib.o
 .text._ZN3due9now_ticksEv
                0x00000000       0x60 hwlib.o
 .text._ZN3due6now_usEv
                0x00000000       0x10 hwlib.o
 .text._ZN3due11wait_us_oldEi
                0x00000000       0x28 hwlib.o
 .text._ZN5hwlib9now_ticksEv
                0x00000000        0x8 hwlib.o
 .text._ZN5hwlib24uart_putc_bit_banged_pinEcRNS_7pin_outE
                0x00000000       0xc8 hwlib.o
 .text._ZN5hwlib6now_usEv
                0x00000000        0x8 hwlib.o
 .text._ZN5hwlib7wait_usEi
                0x00000000       0x20 hwlib.o
 .text._ZN5hwlib24uart_getc_bit_banged_pinERNS_6pin_inE
                0x00000000       0xaa hwlib.o
 .text._ZN5hwlib7wait_nsEi
                0x00000000       0x10 hwlib.o
 .text._ZN5hwlib7wait_msEi
                0x00000000       0x16 hwlib.o
 .text._ZN5hwlib5blinkERNS_7pin_outEi
                0x00000000       0x28 hwlib.o
 .text._ZN5hwlib4kittERNS_11port_in_outEi
                0x00000000       0x54 hwlib.o
 .text._ZN5hwlib4kittERNS_8port_outEi
                0x00000000       0x4e hwlib.o
 .text._ZN5hwlib4kittERNS_7port_ocEi
                0x00000000       0x4e hwlib.o
 .text._ZN5hwlib21graphics_random_linesERNS_6windowE
                0x00000000       0xe8 hwlib.o
 .text._ZN5hwlib23graphics_random_circlesERNS_6windowE
                0x00000000       0x8c hwlib.o
 .text._ZN5hwlib20cout_using_uart_putc4putcEc
                0x00000000        0xa hwlib.o
 .text._ZN5hwlib19uart_char_availableEv
                0x00000000       0x40 hwlib.o
 .text._ZN5hwlib19cin_using_uart_getc14char_availableEv
                0x00000000        0x8 hwlib.o
 .text._ZN5hwlib9uart_getcEv
                0x00000000       0x38 hwlib.o
 .text._ZN5hwlib19cin_using_uart_getc4getcEv
                0x00000000        0x8 hwlib.o
 .rodata._ZTVN5hwlib19_pin_in_dummy_classE
                0x00000000        0xc hwlib.o
 .rodata._ZTVN5hwlib20_pin_out_dummy_classE
                0x00000000        0xc hwlib.o
 .rodata._ZTVN5hwlib23_pin_in_out_dummy_classE
                0x00000000       0x18 hwlib.o
 .rodata._ZTVN5hwlib19_pin_oc_dummy_classE
                0x00000000       0x10 hwlib.o
 .rodata._ZTVN5hwlib20cout_using_uart_putcE
                0x00000000       0x10 hwlib.o
 .rodata._ZTVN5hwlib19cin_using_uart_getcE
                0x00000000       0x10 hwlib.o
 .rodata._ZTVN5hwlib9image_8x8E
                0x00000000        0xc hwlib.o
 .rodata._ZTVN5hwlib4lineE
                0x00000000        0xc hwlib.o
 .rodata._ZTVN5hwlib6circleE
                0x00000000        0xc hwlib.o
 .rodata._ZTVN3due6pin_inE
                0x00000000        0xc hwlib.o
 .bss._ZZN3due9now_ticksEvE4high
                0x00000000        0x8 hwlib.o
 .rodata._ZZN3due11ad_pin_infoENS_7ad_pinsEE17ad_pin_info_array
                0x00000000        0xc hwlib.o
 .data._ZN5hwlib13pin_out_dummyE
                0x00000000        0x4 hwlib.o
 .bss._ZZN3due9now_ticksEvE9init_done
                0x00000000        0x1 hwlib.o
 .bss._ZZN5hwlib4randEvE1n
                0x00000000        0x4 hwlib.o
 .rodata._ZN5hwlibL5blackE
                0x00000000        0x4 hwlib.o
 .bss._ZZN5hwlib9uart_getcEvE3pin
                0x00000000        0xc hwlib.o
 .data._ZN5hwlib12pin_oc_dummyE
                0x00000000        0x4 hwlib.o
 .rodata._ZN5hwlibL5whiteE
                0x00000000        0x4 hwlib.o
 .data._ZN5hwlib16pin_in_out_dummyE
                0x00000000        0x4 hwlib.o
 .data._ZN5hwlib15font_16x16_dataE
                0x00000000      0xbe4 hwlib.o
 .data._ZN6sam3xa15SystemCoreClockE
                0x00000000        0x4 hwlib.o
 .data._ZN5hwlib3cinE
                0x00000000        0x4 hwlib.o
 .data._ZN5hwlib12pin_in_dummyE
                0x00000000        0x4 hwlib.o
 .rodata._ZN5hwlib16font_default_8x86imagesE
                0x00000000      0xa00 hwlib.o
 .bss._ZZN3due9now_ticksEvE8last_low
                0x00000000        0x4 hwlib.o
 .bss._ZGVZN5hwlib19uart_char_availableEvE3pin
                0x00000000        0x4 hwlib.o
 .rodata._ZZN3due11ad_seq_infoEiE12ad_seq_array
                0x00000000       0x70 hwlib.o
 .bss._ZGVZN5hwlib9uart_getcEvE3pin
                0x00000000        0x4 hwlib.o
 .data._ZN5hwlib4coutE
                0x00000000       0x14 hwlib.o
 .rodata.str1.1
                0x00000000       0x1d hwlib.o
 .rodata._ZZN3due8pin_infoENS_4pinsEE14pin_info_array
                0x00000000       0xa4 hwlib.o
 .bss._ZZN5hwlib19uart_char_availableEvE3pin
                0x00000000        0xc hwlib.o
 .text          0x00000000        0x0 coroutine.o
 .data          0x00000000        0x0 coroutine.o
 .bss           0x00000000        0x0 coroutine.o
 .data          0x00000000        0x0 switch_to.o
 .bss           0x00000000        0x0 switch_to.o
 .group         0x00000000        0x8 rtos.o
 .group         0x00000000        0x8 rtos.o
 .group         0x00000000        0x8 rtos.o
 .group         0x00000000        0x8 rtos.o
 .group         0x00000000        0x8 rtos.o
 .group         0x00000000        0x8 rtos.o
 .group         0x00000000        0x8 rtos.o
 .group         0x00000000        0x8 rtos.o
 .group         0x00000000        0x8 rtos.o
 .group         0x00000000        0x8 rtos.o
 .group         0x00000000        0x8 rtos.o
 .group         0x00000000        0x8 rtos.o
 .group         0x00000000        0x8 rtos.o
 .group         0x00000000        0x8 rtos.o
 .group         0x00000000        0x8 rtos.o
 .group         0x00000000        0x8 rtos.o
 .group         0x00000000        0x8 rtos.o
 .group         0x00000000        0x8 rtos.o
 .group         0x00000000        0x8 rtos.o
 .group         0x00000000        0x8 rtos.o
 .group         0x00000000        0x8 rtos.o
 .group         0x00000000        0x8 rtos.o
 .group         0x00000000        0x8 rtos.o
 .group         0x00000000        0x8 rtos.o
 .group         0x00000000        0x8 rtos.o
 .group         0x00000000        0x8 rtos.o
 .group         0x00000000        0x8 rtos.o
 .group         0x00000000        0x8 rtos.o
 .group         0x00000000        0x8 rtos.o
 .group         0x00000000        0x8 rtos.o
 .group         0x00000000        0x8 rtos.o
 .group         0x00000000        0x8 rtos.o
 .group         0x00000000        0x8 rtos.o
 .group         0x00000000        0x8 rtos.o
 .group         0x00000000        0x8 rtos.o
 .group         0x00000000        0x8 rtos.o
 .group         0x00000000        0x8 rtos.o
 .text          0x00000000        0x0 rtos.o
 .data          0x00000000        0x0 rtos.o
 .bss           0x00000000        0x0 rtos.o
 .text._ZN5hwlib19_pin_in_dummy_class3getEv
                0x00000000        0x4 rtos.o
 .text._ZN5hwlib20_pin_out_dummy_class3setEb
                0x00000000        0x2 rtos.o
 .text._ZN5hwlib23_pin_in_out_dummy_class3setEb
                0x00000000        0x2 rtos.o
 .text._ZN5hwlib23_pin_in_out_dummy_class3getEv
                0x00000000        0x4 rtos.o
 .text._ZN5hwlib23_pin_in_out_dummy_class19direction_set_inputEv
                0x00000000        0x2 rtos.o
 .text._ZN5hwlib23_pin_in_out_dummy_class20direction_set_outputEv
                0x00000000        0x2 rtos.o
 .text._ZN5hwlib19_pin_oc_dummy_class3setEb
                0x00000000        0x2 rtos.o
 .text._ZN5hwlib19_pin_oc_dummy_class3getEv
                0x00000000        0x4 rtos.o
 .text._ZN5hwlib7ostream5flushEv
                0x00000000        0x2 rtos.o
 .text._ZN4rtos8callback6cancelEv
                0x00000000        0xa rtos.o
 .text._ZN5hwlib20cout_using_uart_putc4putcEc
                0x00000000        0x6 rtos.o
 .text._ZN5hwlib19cin_using_uart_getc4getcEv
                0x00000000        0x4 rtos.o
 .text._ZN5hwlib19cin_using_uart_getc14char_availableEv
                0x00000000        0x4 rtos.o
 .text._ZN5hwlib7ostream7reverse10add_prefixERKS0_.part.1.constprop.23
                0x00000000       0x4c rtos.o
 .text._ZN5hwlib7ostreamlsEc
                0x00000000        0xe rtos.o
 .text._ZN5hwliblsERNS_7ostreamEPKc
                0x00000000       0x68 rtos.o
 .text._ZN5hwliblsERNS_7ostreamEi
                0x00000000       0x92 rtos.o
 .text._ZN5hwliblsERNS_7ostreamEx
                0x00000000       0xbc rtos.o
 .text._ZN5hwliblsERNS_7ostreamEj
                0x00000000        0xc rtos.o
 .text._ZN5hwlib6window5writeENS_8locationENS_5colorE
                0x00000000       0x3e rtos.o
 .text._ZN5hwlib4line4drawERNS_6windowE
                0x00000000       0xa4 rtos.o
 .text._ZN5hwlib6circle4drawERNS_6windowE
                0x00000000      0x2ec rtos.o
 .text._ZN5hwlib4randEv
                0x00000000       0x20 rtos.o
 .text._ZN5hwlib15random_in_rangeEjj
                0x00000000       0x1a rtos.o
 .text._ZN6sam3xa10SystemInitEv
                0x00000000       0x88 rtos.o
 .text._ZN3due8pin_infoENS_4pinsE
                0x00000000       0x20 rtos.o
 .text._ZN3due11ad_pin_infoENS_7ad_pinsE
                0x00000000       0x1c rtos.o
 .text._ZN3due11ad_seq_infoEi
                0x00000000       0x20 rtos.o
 .text._ZN3due14port_registersEi
                0x00000000       0x48 rtos.o
 .text._ZN3due9now_ticksEv
                0x00000000       0x60 rtos.o
 .text._ZN3due6now_usEv
                0x00000000       0x10 rtos.o
 .text._ZN3due11wait_us_oldEi
                0x00000000       0x28 rtos.o
 .text._ZN5hwlib9now_ticksEv
                0x00000000        0x8 rtos.o
 .text._ZN5hwlib24uart_putc_bit_banged_pinEcRNS_7pin_outE
                0x00000000       0xc8 rtos.o
 .text._ZN5hwlib6now_usEv
                0x00000000        0x8 rtos.o
 .text._Z6strlenPKc
                0x00000000       0x10 rtos.o
 .text._Z6strcpyPcPKc
                0x00000000       0x14 rtos.o
 .text._Z15string_allocatePKc
                0x00000000       0x26 rtos.o
 .text._Z12nr_from_maskj
                0x00000000       0x1c rtos.o
 .text._Z15task_trampolinev
                0x00000000       0x34 rtos.o
 .text._ZN4rtos9task_base7suspendEv
                0x00000000        0x8 rtos.o
 .text._ZN4rtos9task_base6resumeEv
                0x00000000        0x8 rtos.o
 .text._ZN4rtos9task_base7unblockEv
                0x00000000       0x14 rtos.o
 .text._ZNK4rtos9task_base5printERN5hwlib7ostreamEb
                0x00000000      0x158 rtos.o
 .text._ZNK4rtos5eventeqERKS0_
                0x00000000       0x3c rtos.o
 .text._ZNK4rtos5eventneERKS0_
                0x00000000       0x3c rtos.o
 .text._ZNK4rtos5eventeqERKNS_8waitableE
                0x00000000       0x1a rtos.o
 .text._ZNK4rtos5eventneERKNS_8waitableE
                0x00000000       0x1a rtos.o
 .text._ZNK4rtos5eventplERKS0_
                0x00000000       0x3c rtos.o
 .text._ZNK4rtos5event5printERN5hwlib7ostreamE
                0x00000000       0x30 rtos.o
 .text._ZNK4rtos4flag5printERN5hwlib7ostreamEb
                0x00000000       0xc8 rtos.o
 .text._ZN4rtos5timer3setEm
                0x00000000        0xe rtos.o
 .text._ZN4rtos5timer5startEm
                0x00000000        0xe rtos.o
 .text._ZNK4rtos5timer5printERN5hwlib7ostreamEb
                0x00000000       0xd4 rtos.o
 .text._ZNK4rtos5clock5printERN5hwlib7ostreamEb
                0x00000000       0xd8 rtos.o
 .text._ZN4rtos12waitable_set17waitable_allocateEv
                0x00000000       0x38 rtos.o
 .text._ZN4rtos8waitableC2EPNS_9task_baseEPKc
                0x00000000       0x2c rtos.o
 .text._ZN4rtos12waitable_set3setERKNS_8waitableE
                0x00000000       0x14 rtos.o
 .text._ZN4rtos5clock7time_upEv
                0x00000000       0x2e rtos.o
 .text._ZThn16_N4rtos5clock7time_upEv
                0x00000000        0x8 rtos.o
 .text._ZN4rtos5timer7time_upEv
                0x00000000       0x10 rtos.o
 .text._ZN4rtos4flag3setEv
                0x00000000       0x10 rtos.o
 .text._ZN4rtos12waitable_set5clearERKNS_8waitableE
                0x00000000        0xc rtos.o
 .text._ZN4rtos8waitable5clearEv
                0x00000000        0xa rtos.o
 .text._ZN4rtos5timer6cancelEv
                0x00000000       0x16 rtos.o
 .text._ZThn16_N4rtos5timer6cancelEv
                0x00000000        0x8 rtos.o
 .text._ZN4rtos5clock5clearEv
                0x00000000        0x8 rtos.o
 .text._ZN4rtos5mutex4waitEv
                0x00000000       0x30 rtos.o
 .text._ZN4rtos5mutex6signalEv
                0x00000000       0x50 rtos.o
 .text._ZNK4rtos5mutex5printERN5hwlib7ostreamEb
                0x00000000       0xec rtos.o
 .text._ZN4rtos5mutexD2Ev
                0x00000000       0x28 rtos.o
 .text._ZNK4rtos12channel_base5printERN5hwlib7ostreamEb
                0x00000000       0xe4 rtos.o
 .text._ZNK4rtos9pool_base5printERN5hwlib7ostreamEb
                0x00000000       0x78 rtos.o
 .text._ZNK4rtos12mailbox_base5printERN5hwlib7ostreamEb
                0x00000000       0xc4 rtos.o
 .text._ZlsRN5hwlib7ostreamERKN4rtos9task_baseE
                0x00000000       0x12 rtos.o
 .text._ZlsRN5hwlib7ostreamERKN4rtos4flagE
                0x00000000       0x12 rtos.o
 .text._ZlsRN5hwlib7ostreamERKN4rtos5eventE
                0x00000000       0x10 rtos.o
 .text._ZlsRN5hwlib7ostreamERKN4rtos5timerE
                0x00000000       0x12 rtos.o
 .text._ZlsRN5hwlib7ostreamERKN4rtos5clockE
                0x00000000       0x12 rtos.o
 .text._ZlsRN5hwlib7ostreamERKN4rtos12channel_baseE
                0x00000000       0x12 rtos.o
 .text._ZlsRN5hwlib7ostreamERKN4rtos5mutexE
                0x00000000       0x12 rtos.o
 .text._ZlsRN5hwlib7ostreamERKN4rtos12mailbox_baseE
                0x00000000       0x12 rtos.o
 .text._ZlsRN5hwlib7ostreamERKN4rtos9pool_baseE
                0x00000000       0x12 rtos.o
 .text._ZNK4rtos9task_base4nameEv
                0x00000000        0x4 rtos.o
 .text._ZN4rtos3addEPNS_4flagE
                0x00000000       0x10 rtos.o
 .text._ZN4rtos4flagC2EPNS_9task_baseEPKc
                0x00000000       0x20 rtos.o
 .text._ZN4rtos3addEPNS_5timerE
                0x00000000       0x10 rtos.o
 .text._ZN4rtos3addEPNS_5clockE
                0x00000000       0x10 rtos.o
 .text._ZN4rtos3addEPNS_5mutexE
                0x00000000       0x10 rtos.o
 .text._ZN4rtos5mutexC2EPKc
                0x00000000       0x1e rtos.o
 .text._ZN4rtos3addEPNS_12channel_baseE
                0x00000000       0x10 rtos.o
 .text._ZN4rtos12channel_baseC2EPNS_9task_baseEPKc
                0x00000000       0x30 rtos.o
 .text._ZN4rtos3addEPNS_12mailbox_baseE
                0x00000000       0x10 rtos.o
 .text._ZN4rtos12mailbox_baseC2EPKc
                0x00000000       0x20 rtos.o
 .text._ZN4rtos3addEPNS_9pool_baseE
                0x00000000       0x10 rtos.o
 .text._ZN4rtos9pool_baseC2EPKc
                0x00000000       0x1c rtos.o
 .text._ZN4rtos5printERN5hwlib7ostreamE
                0x00000000      0x258 rtos.o
 .text._ZN4rtos4beatEv
                0x00000000      0x14c rtos.o
 .text._ZN4rtos8run_timeEv
                0x00000000        0x8 rtos.o
 .text._ZN4rtos3runEv
                0x00000000       0x40 rtos.o
 .text._ZN4rtos3addEPNS_8callbackE
                0x00000000       0x10 rtos.o
 .text._ZN4rtos8callbackC2EPKc
                0x00000000       0x28 rtos.o
 .text._ZN4rtos5timerC2EPNS_9task_baseEPKc
                0x00000000       0x34 rtos.o
 .text._ZN4rtos5clockC2EPNS_9task_baseEmPKc
                0x00000000       0x3c rtos.o
 .text._ZN4rtos3addEPNS_9task_baseE
                0x00000000       0x7c rtos.o
 .text._ZN4rtos9task_baseC2ER9coroutineILi0EEjPKc
                0x00000000       0x4c rtos.o
 .text._ZN4rtos19do_statistics_clearEv
                0x00000000       0x18 rtos.o
 .text._ZN4rtos18display_statisticsEv
                0x00000000       0x28 rtos.o
 .text._ZN5hwlib24uart_getc_bit_banged_pinERNS_6pin_inE
                0x00000000       0xaa rtos.o
 .text._ZN5hwlib5blinkERNS_7pin_outEi
                0x00000000       0x28 rtos.o
 .text._ZN5hwlib4kittERNS_11port_in_outEi
                0x00000000       0x54 rtos.o
 .text._ZN5hwlib4kittERNS_8port_outEi
                0x00000000       0x4e rtos.o
 .text._ZN5hwlib4kittERNS_7port_ocEi
                0x00000000       0x4e rtos.o
 .text._ZN5hwlib21graphics_random_linesERNS_6windowE
                0x00000000       0xe8 rtos.o
 .text._ZN5hwlib23graphics_random_circlesERNS_6windowE
                0x00000000       0x8c rtos.o
 .rodata._ZTVN5hwlib19_pin_in_dummy_classE
                0x00000000        0xc rtos.o
 .rodata._ZTVN5hwlib20_pin_out_dummy_classE
                0x00000000        0xc rtos.o
 .rodata._ZTVN5hwlib23_pin_in_out_dummy_classE
                0x00000000       0x18 rtos.o
 .rodata._ZTVN5hwlib19_pin_oc_dummy_classE
                0x00000000       0x10 rtos.o
 .rodata._ZTVN5hwlib20cout_using_uart_putcE
                0x00000000       0x10 rtos.o
 .rodata._ZTVN5hwlib19cin_using_uart_getcE
                0x00000000       0x10 rtos.o
 .rodata._ZTVN5hwlib4lineE
                0x00000000        0xc rtos.o
 .rodata._ZTVN5hwlib6circleE
                0x00000000        0xc rtos.o
 .rodata._ZTVN4rtos8waitableE
                0x00000000        0xc rtos.o
 .rodata._ZTVN4rtos4flagE
                0x00000000        0xc rtos.o
 .rodata._ZTVN4rtos8callbackE
                0x00000000       0x10 rtos.o
 .rodata._ZTVN4rtos12channel_baseE
                0x00000000        0xc rtos.o
 .rodata._ZZN3due11ad_pin_infoENS_7ad_pinsEE17ad_pin_info_array
                0x00000000        0xc rtos.o
 .bss._ZZN3due9now_ticksEvE9init_done
                0x00000000        0x1 rtos.o
 .bss._ZN4rtos10must_clearE
                0x00000000        0x1 rtos.o
 .bss._ZN4rtos6clocksE
                0x00000000        0x4 rtos.o
 .data._ZN5hwlib13pin_out_dummyE
                0x00000000        0x4 rtos.o
 .bss._ZZN5hwlib4randEvE1n
                0x00000000        0x4 rtos.o
 .rodata._ZTVN4rtos5clockE
                0x00000000       0x20 rtos.o
 .bss._ZN4rtos9timerListE
                0x00000000        0x4 rtos.o
 .bss._ZN4rtos8taskListE
                0x00000000        0x4 rtos.o
 .bss._ZN4rtos6timersE
                0x00000000        0x4 rtos.o
 .rodata._ZZN3due11ad_seq_infoEiE12ad_seq_array
                0x00000000       0x70 rtos.o
 .data._ZN5hwlib12pin_oc_dummyE
                0x00000000        0x4 rtos.o
 .data._ZN5hwlib16pin_in_out_dummyE
                0x00000000        0x4 rtos.o
 .data._ZN6sam3xa15SystemCoreClockE
                0x00000000        0x4 rtos.o
 .bss.last_run_time
                0x00000000        0x8 rtos.o
 .data._ZN5hwlib12pin_in_dummyE
                0x00000000        0x4 rtos.o
 .bss._ZZN3due9now_ticksEvE8last_low
                0x00000000        0x4 rtos.o
 .bss._ZN4rtos5poolsE
                0x00000000        0x4 rtos.o
 .bss._ZN4rtos7mutexesE
                0x00000000        0x4 rtos.o
 .rodata._ZTVN4rtos5timerE
                0x00000000       0x24 rtos.o
 .bss._ZN4rtos9mailboxesE
                0x00000000        0x4 rtos.o
 .data._ZN5hwlib3cinE
                0x00000000        0x4 rtos.o
 .bss._ZZN3due9now_ticksEvE4high
                0x00000000        0x8 rtos.o
 .rodata._ZTVN4rtos9task_baseE
                0x00000000       0x14 rtos.o
 .rodata._ZZN3due8pin_infoENS_4pinsEE14pin_info_array
                0x00000000       0xa4 rtos.o
 .bss._ZN4rtos8channelsE
                0x00000000        0x4 rtos.o
 .data._ZN5hwlib4coutE
                0x00000000       0x14 rtos.o
 .group         0x00000000        0x8 main.o
 .group         0x00000000        0x8 main.o
 .group         0x00000000        0x8 main.o
 .group         0x00000000        0x8 main.o
 .group         0x00000000        0x8 main.o
 .group         0x00000000        0x8 main.o
 .group         0x00000000        0x8 main.o
 .group         0x00000000        0x8 main.o
 .group         0x00000000        0x8 main.o
 .group         0x00000000        0x8 main.o
 .group         0x00000000        0x8 main.o
 .group         0x00000000        0x8 main.o
 .group         0x00000000        0x8 main.o
 .group         0x00000000        0x8 main.o
 .group         0x00000000        0x8 main.o
 .group         0x00000000        0x8 main.o
 .group         0x00000000        0x8 main.o
 .group         0x00000000        0x8 main.o
 .group         0x00000000        0x8 main.o
 .group         0x00000000        0x8 main.o
 .group         0x00000000        0x8 main.o
 .group         0x00000000        0x8 main.o
 .group         0x00000000        0x8 main.o
 .group         0x00000000        0x8 main.o
 .text          0x00000000        0x0 main.o
 .data          0x00000000        0x0 main.o
 .bss           0x00000000        0x0 main.o
 .text._ZN5hwlib19_pin_in_dummy_class3getEv
                0x00000000        0x4 main.o
 .text._ZN5hwlib20_pin_out_dummy_class3setEb
                0x00000000        0x2 main.o
 .text._ZN5hwlib23_pin_in_out_dummy_class3setEb
                0x00000000        0x2 main.o
 .text._ZN5hwlib23_pin_in_out_dummy_class3getEv
                0x00000000        0x4 main.o
 .text._ZN5hwlib23_pin_in_out_dummy_class19direction_set_inputEv
                0x00000000        0x2 main.o
 .text._ZN5hwlib23_pin_in_out_dummy_class20direction_set_outputEv
                0x00000000        0x2 main.o
 .text._ZN5hwlib19_pin_oc_dummy_class3setEb
                0x00000000        0x2 main.o
 .text._ZN5hwlib19_pin_oc_dummy_class3getEv
                0x00000000        0x4 main.o
 .text._ZN5hwlib7ostream5flushEv
                0x00000000        0x2 main.o
 .text._ZN5hwlib20cout_using_uart_putc4putcEc
                0x00000000        0x6 main.o
 .text._ZN5hwlib19cin_using_uart_getc4getcEv
                0x00000000        0x4 main.o
 .text._ZN5hwlib19cin_using_uart_getc14char_availableEv
                0x00000000        0x4 main.o
 .text._ZN5hwlib6window5writeENS_8locationENS_5colorE
                0x00000000       0x3e main.o
 .text._ZN5hwlib4line4drawERNS_6windowE
                0x00000000       0xa4 main.o
 .text._ZN5hwlib6circle4drawERNS_6windowE
                0x00000000      0x2ec main.o
 .text._ZN5hwlib5blinkERNS_7pin_outEi
                0x00000000       0x28 main.o
 .text._ZN5hwlib4kittERNS_11port_in_outEi
                0x00000000       0x54 main.o
 .text._ZN5hwlib4kittERNS_8port_outEi
                0x00000000       0x4e main.o
 .text._ZN5hwlib4kittERNS_7port_ocEi
                0x00000000       0x4e main.o
 .text._ZN5hwlib4randEv
                0x00000000       0x20 main.o
 .text._ZN5hwlib15random_in_rangeEjj
                0x00000000       0x1a main.o
 .text._ZN5hwlib21graphics_random_linesERNS_6windowE
                0x00000000       0xe8 main.o
 .text._ZN5hwlib23graphics_random_circlesERNS_6windowE
                0x00000000       0x8c main.o
 .text._ZN6sam3xa10SystemInitEv
                0x00000000       0x88 main.o
 .text._ZN3due8pin_infoENS_4pinsE
                0x00000000       0x20 main.o
 .text._ZN3due11ad_pin_infoENS_7ad_pinsE
                0x00000000       0x1c main.o
 .text._ZN3due11ad_seq_infoEi
                0x00000000       0x20 main.o
 .text._ZN3due14port_registersEi
                0x00000000       0x48 main.o
 .text._ZN3due9now_ticksEv
                0x00000000       0x60 main.o
 .text._ZN3due6now_usEv
                0x00000000       0x10 main.o
 .text._ZN3due11wait_us_oldEi
                0x00000000       0x28 main.o
 .text._ZN5hwlib9now_ticksEv
                0x00000000        0x8 main.o
 .text._ZN5hwlib24uart_putc_bit_banged_pinEcRNS_7pin_outE
                0x00000000       0xc8 main.o
 .text._ZN5hwlib24uart_getc_bit_banged_pinERNS_6pin_inE
                0x00000000       0xaa main.o
 .text._ZN5hwlib6now_usEv
                0x00000000        0x8 main.o
 .rodata._ZTVN5hwlib19_pin_in_dummy_classE
                0x00000000        0xc main.o
 .rodata._ZTVN5hwlib20_pin_out_dummy_classE
                0x00000000        0xc main.o
 .rodata._ZTVN5hwlib23_pin_in_out_dummy_classE
                0x00000000       0x18 main.o
 .rodata._ZTVN5hwlib19_pin_oc_dummy_classE
                0x00000000       0x10 main.o
 .rodata._ZTVN5hwlib20cout_using_uart_putcE
                0x00000000       0x10 main.o
 .rodata._ZTVN5hwlib19cin_using_uart_getcE
                0x00000000       0x10 main.o
 .rodata._ZTVN5hwlib4lineE
                0x00000000        0xc main.o
 .rodata._ZTVN5hwlib6circleE
                0x00000000        0xc main.o
 .data._ZN5hwlib3cinE
                0x00000000        0x4 main.o
 .data._ZN5hwlib12pin_in_dummyE
                0x00000000        0x4 main.o
 .data._ZN5hwlib16pin_in_out_dummyE
                0x00000000        0x4 main.o
 .bss._ZZN3due9now_ticksEvE4high
                0x00000000        0x8 main.o
 .data._ZN5hwlib12pin_oc_dummyE
                0x00000000        0x4 main.o
 .bss._ZZN5hwlib4randEvE1n
                0x00000000        0x4 main.o
 .data._ZN5hwlib13pin_out_dummyE
                0x00000000        0x4 main.o
 .data._ZN6sam3xa15SystemCoreClockE
                0x00000000        0x4 main.o
 .rodata._ZZN3due11ad_pin_infoENS_7ad_pinsEE17ad_pin_info_array
                0x00000000        0xc main.o
 .rodata.str1.1
                0x00000000       0x17 main.o
 .bss._ZZN3due9now_ticksEvE8last_low
                0x00000000        0x4 main.o
 .bss._ZZN3due9now_ticksEvE9init_done
                0x00000000        0x1 main.o
 .rodata._ZZN3due8pin_infoENS_4pinsEE14pin_info_array
                0x00000000       0xa4 main.o
 .rodata._ZZN3due11ad_seq_infoEiE12ad_seq_array
                0x00000000       0x70 main.o
 .data._ZN5hwlib4coutE
                0x00000000       0x14 main.o
 .text          0x00000000        0x0 bmptk_cortex.o
 .data          0x00000000        0x0 bmptk_cortex.o
 .bss           0x00000000        0x0 bmptk_cortex.o
 .text.__aeabi_idiv0
                0x00000000        0x4 bmptk_cortex.o
 .text.__cxa_pure_virtual
                0x00000000        0x2 bmptk_cortex.o
 COMMON         0x00000000        0x4 bmptk_cortex.o
 .text          0x00000000        0x0 bmptk_heap_bmptk.o
 .data          0x00000000        0x0 bmptk_heap_bmptk.o
 .bss           0x00000000        0x0 bmptk_heap_bmptk.o
 .text.malloc   0x00000000       0x24 bmptk_heap_bmptk.o
 .text.free     0x00000000        0x4 bmptk_heap_bmptk.o
 .text.bmptk_heap_free
                0x00000000       0x14 bmptk_heap_bmptk.o
 .text.bmptk_heap_used
                0x00000000       0x14 bmptk_heap_bmptk.o
 .text.bmptk_heap_size
                0x00000000       0x10 bmptk_heap_bmptk.o
 .data._last_free
                0x00000000        0x4 bmptk_heap_bmptk.o
 .data._first_free
                0x00000000        0x4 bmptk_heap_bmptk.o
 .text          0x00000000        0x0 bmptk_fixed_size_stack.o
 .data          0x00000000        0x0 bmptk_fixed_size_stack.o
 .bss           0x00000000        0x0 bmptk_fixed_size_stack.o
 .text.bmptk_stack_size
                0x00000000        0x6 bmptk_fixed_size_stack.o
 .text.bmptk_stack_free
                0x00000000       0x18 bmptk_fixed_size_stack.o
 .text.bmptk_stack_used
                0x00000000        0xc bmptk_fixed_size_stack.o
 .text          0x00000000       0xa0 c:/program files (x86)/gnu tools arm embedded/5.3 2016q1/bin/../lib/gcc/arm-none-eabi/5.3.1/armv7-m\libgcc.a(_aeabi_ldivmod.o)
 .data          0x00000000        0x0 c:/program files (x86)/gnu tools arm embedded/5.3 2016q1/bin/../lib/gcc/arm-none-eabi/5.3.1/armv7-m\libgcc.a(_aeabi_ldivmod.o)
 .bss           0x00000000        0x0 c:/program files (x86)/gnu tools arm embedded/5.3 2016q1/bin/../lib/gcc/arm-none-eabi/5.3.1/armv7-m\libgcc.a(_aeabi_ldivmod.o)
 .text          0x00000000      0x2ec c:/program files (x86)/gnu tools arm embedded/5.3 2016q1/bin/../lib/gcc/arm-none-eabi/5.3.1/armv7-m\libgcc.a(_udivmoddi4.o)
 .data          0x00000000        0x0 c:/program files (x86)/gnu tools arm embedded/5.3 2016q1/bin/../lib/gcc/arm-none-eabi/5.3.1/armv7-m\libgcc.a(_udivmoddi4.o)
 .bss           0x00000000        0x0 c:/program files (x86)/gnu tools arm embedded/5.3 2016q1/bin/../lib/gcc/arm-none-eabi/5.3.1/armv7-m\libgcc.a(_udivmoddi4.o)
 .ARM.extab     0x00000000        0x0 c:/program files (x86)/gnu tools arm embedded/5.3 2016q1/bin/../lib/gcc/arm-none-eabi/5.3.1/armv7-m\libgcc.a(_udivmoddi4.o)
 .ARM.exidx     0x00000000        0x8 c:/program files (x86)/gnu tools arm embedded/5.3 2016q1/bin/../lib/gcc/arm-none-eabi/5.3.1/armv7-m\libgcc.a(_udivmoddi4.o)
 .text          0x00000000        0x4 c:/program files (x86)/gnu tools arm embedded/5.3 2016q1/bin/../lib/gcc/arm-none-eabi/5.3.1/armv7-m\libgcc.a(_dvmd_tls.o)
 .data          0x00000000        0x0 c:/program files (x86)/gnu tools arm embedded/5.3 2016q1/bin/../lib/gcc/arm-none-eabi/5.3.1/armv7-m\libgcc.a(_dvmd_tls.o)
 .bss           0x00000000        0x0 c:/program files (x86)/gnu tools arm embedded/5.3 2016q1/bin/../lib/gcc/arm-none-eabi/5.3.1/armv7-m\libgcc.a(_dvmd_tls.o)

Memory Configuration

Name             Origin             Length             Attributes
rom              0x00000000         0x00080000         xr
ram              0x20000000         0x00018000         xrw
nul              0x20000000         0x00000000         xrw
*default*        0x00000000         0xffffffff

Linker script and memory map

LOAD c:/program files (x86)/gnu tools arm embedded/5.3 2016q1/bin/../lib/gcc/arm-none-eabi/5.3.1/armv7-m\libgcc.a
LOAD IRMessage.o
LOAD game.o
LOAD infrared.o
LOAD hwlib.o
LOAD coroutine.o
LOAD switch_to.o
LOAD rtos.o
LOAD main.o
LOAD bmptk_cortex.o
LOAD bmptk_heap_bmptk.o
LOAD bmptk_fixed_size_stack.o
LOAD c:/program files (x86)/gnu tools arm embedded/5.3 2016q1/bin/../lib/gcc/arm-none-eabi/5.3.1/../../../../arm-none-eabi/lib/armv7-m\libstdc++.a
LOAD c:/program files (x86)/gnu tools arm embedded/5.3 2016q1/bin/../lib/gcc/arm-none-eabi/5.3.1/../../../../arm-none-eabi/lib/armv7-m\libm.a
START GROUP
LOAD c:/program files (x86)/gnu tools arm embedded/5.3 2016q1/bin/../lib/gcc/arm-none-eabi/5.3.1/armv7-m\libgcc.a
LOAD c:/program files (x86)/gnu tools arm embedded/5.3 2016q1/bin/../lib/gcc/arm-none-eabi/5.3.1/../../../../arm-none-eabi/lib/armv7-m\libc.a
END GROUP
                0x00000000                __rom_start = ORIGIN (rom)
                0x00080000                __rom_size = LENGTH (rom)
                0x00080000                __rom_end = (__rom_start + __rom_size)
                0x20000000                __ram_start = ORIGIN (ram)
                0x00018000                __ram_size = LENGTH (ram)
                0x20018000                __ram_end = (__ram_start + __ram_size)
                [!provide]                PROVIDE (__rom_start, __rom_start)
                [!provide]                PROVIDE (__rom_size, __rom_size)
                [!provide]                PROVIDE (__rom_end, __rom_end)
                [!provide]                PROVIDE (__ram_start, __ram_start)
                [!provide]                PROVIDE (__ram_size, __ram_size)
                [!provide]                PROVIDE (__ram_end, __ram_end)

.text           0x00000000      0xd54
                0x00000000                . = ALIGN (0x4)
                0x00000000                __text_start = .
                [!provide]                PROVIDE (__text_start, __text_start)
                0x00000000                . = ALIGN (0x4)
 *(.vectors)
 .vectors       0x00000000       0xb0 bmptk_cortex.o
                0x00000000                __vectors
                0x000000b0                . = ALIGN (0x4)
 *(.text .text.* .gnu.linkonce.t.*)
 .text._ZN9IRMessage13checkChecksumEs
                0x000000b0       0x30 IRMessage.o
                0x000000b0                IRMessage::checkChecksum(short)
 .text._ZN9IRMessage6decodeEs
                0x000000e0       0x72 IRMessage.o
                0x000000e0                IRMessage::decode(short)
 .text._ZN9IRMessageC2Es
                0x00000152       0x10 IRMessage.o
                0x00000152                IRMessage::IRMessage(short)
                0x00000152                IRMessage::IRMessage(short)
 .text._ZN9IRMessage5getIdEv
                0x00000162        0x4 IRMessage.o
                0x00000162                IRMessage::getId()
 .text._ZN9IRMessage7getDataEv
                0x00000166        0x4 IRMessage.o
                0x00000166                IRMessage::getData()
 .text._ZN5hwlib7ostream5flushEv
                0x0000016a        0x2 game.o
                0x0000016a                hwlib::ostream::flush()
 .text._ZN5hwlib20cout_using_uart_putc4putcEc
                0x0000016c        0x6 game.o
                0x0000016c                hwlib::cout_using_uart_putc::putc(char)
 .text._ZN5hwlib7ostream6fillerEi
                0x00000172       0x1a game.o
                0x00000172                hwlib::ostream::filler(int)
 .text._ZN5hwliblsERNS_7ostreamEPKc
                0x0000018c       0x54 game.o
                0x0000018c                hwlib::operator<<(hwlib::ostream&, char const*)
 .text._ZN5hwliblsERNS_7ostreamEi
                0x000001e0       0xd4 game.o
                0x000001e0                hwlib::operator<<(hwlib::ostream&, int)
 .text._ZN6sam3xa10SystemInitEv
                0x000002b4       0x88 game.o
                0x000002b4                sam3xa::SystemInit()
 .text._ZN3due8pin_infoENS_4pinsE
                0x0000033c       0x20 game.o
                0x0000033c                due::pin_info(due::pins)
 .text._ZN3due14port_registersEi
                0x0000035c       0x48 game.o
                0x0000035c                due::port_registers(int)
 .text._ZN3due9now_ticksEv
                0x000003a4       0x60 game.o
                0x000003a4                due::now_ticks()
 .text._ZN5hwlib9now_ticksEv
                0x00000404        0x8 game.o
                0x00000404                hwlib::now_ticks()
 .text._ZN5hwlib24uart_putc_bit_banged_pinEcRNS_7pin_outE
                0x0000040c       0xc8 game.o
                0x0000040c                hwlib::uart_putc_bit_banged_pin(char, hwlib::pin_out&)
 .text._ZN3due6pin_in3getEv
                0x000004d4       0x10 infrared.o
                0x000004d4                due::pin_in::get()
 .text._ZN5hwlib7ostreamlsEc
                0x000004e4        0xe infrared.o
                0x000004e4                hwlib::ostream::operator<<(char)
 .text._ZN8infraredC2Ei
                0x000004f2        0x4 infrared.o
                0x000004f2                infrared::infrared(int)
                0x000004f2                infrared::infrared(int)
 *fill*         0x000004f6        0x2 
 .text._ZN8infrared4initEv
                0x000004f8       0x30 infrared.o
                0x000004f8                infrared::init()
 .text._ZN8infrared5checkEv
                0x00000528      0x128 infrared.o
                0x00000528                infrared::check()
 .text._ZN3due7pin_out3setEb
                0x00000650        0xe hwlib.o
                0x00000650                due::pin_out::set(bool)
 *fill*         0x0000065e        0x2 
 .text._ZN5hwlib9uart_putcEc
                0x00000660       0x3c hwlib.o
                0x00000660                hwlib::uart_putc(char)
 .text          0x0000069c       0x24 switch_to.o
                0x0000069c                switch_from_to
 .text._ZN4rtos9task_base7releaseEv
                0x000006c0       0x24 rtos.o
                0x000006c0                rtos::task_base::release()
 .text._ZN4rtos9task_base5blockEv
                0x000006e4       0x70 rtos.o
                0x000006e4                rtos::task_base::block()
 .text._ZN4rtos12waitable_set4waitEj
                0x00000754       0x64 rtos.o
                0x00000754                rtos::waitable_set::wait(unsigned int)
 .text._ZN4rtos9task_base5sleepEj
                0x000007b8       0x20 rtos.o
                0x000007b8                rtos::task_base::sleep(unsigned int)
 .text._ZN5hwlib7wait_usEi
                0x000007d8       0x40 rtos.o
                0x000007d8                hwlib::wait_us(int)
 .text._ZN5hwlib7wait_nsEi
                0x00000818       0x10 rtos.o
                0x00000818                hwlib::wait_ns(int)
 .text._ZN5hwlib7wait_msEi
                0x00000828       0x16 rtos.o
                0x00000828                hwlib::wait_ms(int)
 *fill*         0x0000083e        0x2 
 .text.startup.main
                0x00000840       0x2c main.o
                0x00000840                main
 .text.Int27_Handler
                0x0000086c        0x2 bmptk_cortex.o
                0x0000086c                Int27_Handler
 *fill*         0x0000086e        0x2 
 .text.__startup
                0x00000870       0x48 bmptk_cortex.o
                0x00000870                __startup
 .text.SysTick_Handler
                0x000008b8        0x2 bmptk_cortex.o
                0x000008b8                SysTick_Handler
                0x000008bc                . = ALIGN (0x4)
 *fill*         0x000008ba        0x2 
 *(.glue_7t .glue_7)
 .glue_7        0x000008bc        0x0 linker stubs
 .glue_7t       0x000008bc        0x0 linker stubs
                0x000008bc                . = ALIGN (0x4)
 *(.rodata .rodata.* .gnu.linkonce.r.*)
 .rodata._ZTVN5hwlib20cout_using_uart_putcE
                0x000008bc       0x10 game.o
                0x000008bc                vtable for hwlib::cout_using_uart_putc
 .rodata.str1.1
                0x000008cc       0x3c game.o
                                 0x3e (size before relaxing)
 .rodata._ZZN3due8pin_infoENS_4pinsEE14pin_info_array
                0x00000908       0xa4 game.o
 .rodata._ZTVN3due6pin_inE
                0x000009ac        0xc infrared.o
                0x000009ac                vtable for due::pin_in
 .rodata.str1.1
                0x000009b8       0x45 infrared.o
                                 0x61 (size before relaxing)
 *fill*         0x000009fd        0x3 
 .rodata._ZTVN3due7pin_outE
                0x00000a00        0xc hwlib.o
                0x00000a00                vtable for due::pin_out
 .rodata.str1.1
                0x00000a0c      0x348 rtos.o
                                0x364 (size before relaxing)
                0x00000d54                . = ALIGN (0x4)
 *(.ARM.extab* .gnu.linkonce.armextab.*)
                0x00000d54                . = ALIGN (0x4)
 *(.gcc_except_table)
                0x00000d54                . = ALIGN (0x4)
 *(.eh_frame_hdr)
                0x00000d54                . = ALIGN (0x4)
 *(.eh_frame)
                0x00000d54                . = ALIGN (0x4)
                0x00000d54                __text_end = .
                [!provide]                PROVIDE (__text_end, __text_end)

.vfp11_veneer   0x00000d54        0x0
 .vfp11_veneer  0x00000d54        0x0 linker stubs

.v4_bx          0x00000d54        0x0
 .v4_bx         0x00000d54        0x0 linker stubs

.iplt           0x00000d54        0x0
 .iplt          0x00000d54        0x0 IRMessage.o

.rel.dyn        0x00000d54        0x0
 .rel.iplt      0x00000d54        0x0 IRMessage.o

.IF_YOU_SEE_THIS_YOU_HAVE_ONE_OR_MORE_GLOBAL_OBJECT_CONSTRUCTORS
 *(.init)
 *(.preinit_array)
 *(SORT(.init_array.*))
 *(.init_array)
                0x00000d54                . = ALIGN (0x4)
                0x00000d54                __exidx_start = .
                [!provide]                PROVIDE (__exidx_start, __exidx_start)

.ARM.exidx
 *(.ARM.exidx* .gnu.linkonce.armexidx.*)
                0x00000d54                . = ALIGN (0x4)
                0x00000d54                __exidx_end = .
                [!provide]                PROVIDE (__exidx_end, __exidx_end)

.bss            0x20000000    0x14038
                0x20000000                . = ALIGN (0x4)
                0x20000000                __bss_start = .
                [!provide]                PROVIDE (__bss_start, __bss_start)
                0x20000000                . = ALIGN (0x4)
                0x20000000                __stack_start = .
                [!provide]                PROVIDE (__stack_start, __stack_start)
                0x20000000                . = ALIGN (0x4)
 *(.bmptk_stack)
 .bmptk_stack   0x20000000    0x14001 bmptk_fixed_size_stack.o
                0x20000000                bmptk_stack
                0x20014000                bmptk_stack_beyond
                0x20014008                . = ALIGN (0x8)
 *fill*         0x20014001        0x7 
                0x20014008                __main_stack_end = .
                [!provide]                PROVIDE (__main_stack_end, __main_stack_end)
                0x20014008                . = ALIGN (0x4)
                0x20014008                __stack_end = .
                [!provide]                PROVIDE (__stack_end, __stack_end)
                0x20014008                . = ALIGN (0x4)
 *(.bss .bss.* .gnu.linkonce.b.*)
 .bss._ZZN3due9now_ticksEvE4high
                0x20014008        0x8 game.o
 .bss._ZZN3due9now_ticksEvE8last_low
                0x20014010        0x4 game.o
 .bss._ZZN3due9now_ticksEvE9init_done
                0x20014014        0x1 game.o
 *fill*         0x20014015        0x3 
 .bss._ZGVZN5hwlib9uart_putcEcE3pin
                0x20014018        0x4 hwlib.o
 .bss._ZZN5hwlib9uart_putcEcE3pin
                0x2001401c        0xc hwlib.o
 .bss._ZN17coroutine_context7main_spE
                0x20014028        0x4 coroutine.o
                0x20014028                coroutine_context::main_sp
 .bss._ZN4rtos17scheduler_runningE
                0x2001402c        0x1 rtos.o
                0x2001402c                rtos::scheduler_running
 *fill*         0x2001402d        0x3 
 .bss._ZN4rtos17rtos_current_taskE
                0x20014030        0x4 rtos.o
                0x20014030                rtos::rtos_current_task
 .bss._ZN4rtos5flagsE
                0x20014034        0x4 rtos.o
                0x20014034                rtos::flags
                0x20014038                . = ALIGN (0x4)
 *(COMMON)
                0x20014038                . = ALIGN (0x4)
                0x20014038                __bss_end = .
                [!provide]                PROVIDE (__bss_end, __bss_end)

.data           0x20014038       0x1c load address 0x00000d54
                0x20014038                . = ALIGN (0x4)
                0x00000d54                __data_init_start = LOADADDR (.data)
                [!provide]                PROVIDE (__data_init_start, __data_init_start)
                0x20014038                __data_start = .
                [!provide]                PROVIDE (__data_start, __data_start)
                0x20014038                . = ALIGN (0x4)
 *(.data .data.* .gnu.linkonce.d.*)
 .data._ZN6sam3xa15SystemCoreClockE
                0x20014038        0x4 game.o
                0x20014038                sam3xa::SystemCoreClock
 .data._ZN5hwlib4coutE
                0x2001403c       0x14 game.o
                0x2001403c                hwlib::cout
 .data._ZN17coroutine_context24current_coroutine_sp_ptrE
                0x20014050        0x4 coroutine.o
                0x20014050                coroutine_context::current_coroutine_sp_ptr
                0x20014054                . = ALIGN (0x4)
                0x20014054                __data_end = .
                [!provide]                PROVIDE (__data_end, __data_end)
                0x00000d54                __data_init_end = LOADADDR (.data)
                [!provide]                PROVIDE (__data_init_end, __data_init_end)
                0x0000001c                PROVIDE (__data_size, (__data_end - __data_start))
                0x0000001c                PROVIDE (__data_init_size, __data_size)
                [!provide]                PROVIDE (__data_init_end, (__data_init_start + __data_init_size))

.igot.plt       0x20014054        0x0 load address 0x00000d70
 .igot.plt      0x20014054        0x0 IRMessage.o
                0x20014054                . = ALIGN (0x4)
                0x20014054                __heap_start = .
                [!provide]                PROVIDE (__heap_start, __heap_start)
                0x20014054                . = ALIGN (0x4)
                0x20018000                __heap_end = __ram_end
                [!provide]                PROVIDE (__heap_end, __heap_end)

.stab
 *(.stab)

.stabstr
 *(.stabstr)

.debug
 *(.debug)

.line
 *(.line)

.debug_srcinfo
 *(.debug_srcinfo)

.debug_sfnames
 *(.debug_sfnames)

.debug_aranges
 *(.debug_aranges)

.debug_pubnames
 *(.debug_pubnames)

.debug_info
 *(.debug_info .gnu.linkonce.wi.*)

.debug_abbrev
 *(.debug_abbrev)

.debug_line
 *(.debug_line)

.debug_frame    0x00000000       0x7c
 *(.debug_frame)
 .debug_frame   0x00000000       0x44 c:/program files (x86)/gnu tools arm embedded/5.3 2016q1/bin/../lib/gcc/arm-none-eabi/5.3.1/armv7-m\libgcc.a(_aeabi_ldivmod.o)
 .debug_frame   0x00000044       0x38 c:/program files (x86)/gnu tools arm embedded/5.3 2016q1/bin/../lib/gcc/arm-none-eabi/5.3.1/armv7-m\libgcc.a(_udivmoddi4.o)

.comment        0x00000000       0x6e
 .comment       0x00000000       0x6e IRMessage.o
                                 0x6f (size before relaxing)
 .comment       0x0000006e       0x6f game.o
 .comment       0x0000006e       0x6f infrared.o
 .comment       0x0000006e       0x6f hwlib.o
 .comment       0x0000006e       0x6f coroutine.o
 .comment       0x0000006e       0x6f rtos.o
 .comment       0x0000006e       0x6f main.o
 .comment       0x0000006e       0x6f bmptk_cortex.o
 .comment       0x0000006e       0x6f bmptk_heap_bmptk.o
 .comment       0x0000006e       0x6f bmptk_fixed_size_stack.o

.debug_str
 *(.debug_str)

.debug_loc
 *(.debug_loc)

.debug_macinfo
 *(.debug_macinfo)

.debug_weaknames
 *(.debug_weaknames)

.debug_funcnames
 *(.debug_funcnames)

.debug_typenames
 *(.debug_typenames)

.debug_varnames
 *(.debug_varnames)

.note.gnu.arm.ident
 *(.note.gnu.arm.ident)

.ARM.attributes
                0x00000000       0x31
 *(.ARM.attributes)
 .ARM.attributes
                0x00000000       0x33 IRMessage.o
 .ARM.attributes
                0x00000033       0x33 game.o
 .ARM.attributes
                0x00000066       0x33 infrared.o
 .ARM.attributes
                0x00000099       0x33 hwlib.o
 .ARM.attributes
                0x000000cc       0x33 coroutine.o
 .ARM.attributes
                0x000000ff       0x21 switch_to.o
 .ARM.attributes
                0x00000120       0x33 rtos.o
 .ARM.attributes
                0x00000153       0x33 main.o
 .ARM.attributes
                0x00000186       0x33 bmptk_cortex.o
 .ARM.attributes
                0x000001b9       0x33 bmptk_heap_bmptk.o
 .ARM.attributes
                0x000001ec       0x33 bmptk_fixed_size_stack.o
 .ARM.attributes
                0x0000021f       0x1d c:/program files (x86)/gnu tools arm embedded/5.3 2016q1/bin/../lib/gcc/arm-none-eabi/5.3.1/armv7-m\libgcc.a(_aeabi_ldivmod.o)
 .ARM.attributes
                0x0000023c       0x2d c:/program files (x86)/gnu tools arm embedded/5.3 2016q1/bin/../lib/gcc/arm-none-eabi/5.3.1/armv7-m\libgcc.a(_udivmoddi4.o)
 .ARM.attributes
                0x00000269       0x1d c:/program files (x86)/gnu tools arm embedded/5.3 2016q1/bin/../lib/gcc/arm-none-eabi/5.3.1/armv7-m\libgcc.a(_dvmd_tls.o)

/DISCARD/
 *(.note.GNU-stack)
                [!provide]                PROVIDE (__text_size, (__text_end - __text_start))
                [!provide]                PROVIDE (__exidx_size, (__exidx_end - __exidx_start))
                [!provide]                PROVIDE (__bss_size, (__bss_end - __bss_start))
                [!provide]                PROVIDE (__stack_size, (__stack_end - __stack_start))
                [!provide]                PROVIDE (__heap_size, (__heap_end - __heap_start))
OUTPUT(main.elf elf32-littlearm)
