Archive member included to satisfy reference by file (symbol)

/usr/lib/gcc/arm-none-eabi/4.9.3/armv7-m/libgcc.a(_aeabi_ldivmod.o)
                              IRReceiver.o (__aeabi_ldivmod)
/usr/lib/gcc/arm-none-eabi/4.9.3/armv7-m/libgcc.a(bpabi.o)
                              /usr/lib/gcc/arm-none-eabi/4.9.3/armv7-m/libgcc.a(_aeabi_ldivmod.o) (__gnu_ldivmod_helper)
/usr/lib/gcc/arm-none-eabi/4.9.3/armv7-m/libgcc.a(_dvmd_tls.o)
                              /usr/lib/gcc/arm-none-eabi/4.9.3/armv7-m/libgcc.a(_aeabi_ldivmod.o) (__aeabi_ldiv0)
/usr/lib/gcc/arm-none-eabi/4.9.3/armv7-m/libgcc.a(_divdi3.o)
                              /usr/lib/gcc/arm-none-eabi/4.9.3/armv7-m/libgcc.a(bpabi.o) (__divdi3)
/usr/lib/gcc/arm-none-eabi/4.9.3/armv7-m/libgcc.a(_udivdi3.o)
                              /usr/lib/gcc/arm-none-eabi/4.9.3/armv7-m/libgcc.a(bpabi.o) (__udivdi3)

Allocating common symbols
Common symbol       size              file

__dso_handle        0x4               bmptk_cortex.o

Discarded input sections

 .text          0x0000000000000000        0x0 IRMessage.o
 .data          0x0000000000000000        0x0 IRMessage.o
 .bss           0x0000000000000000        0x0 IRMessage.o
 .text._Z6getBitis
                0x0000000000000000        0xc IRMessage.o
 .text._ZN9IRMessageC2Es
                0x0000000000000000       0x10 IRMessage.o
 .text._ZN9IRMessage5setIdEi
                0x0000000000000000       0x18 IRMessage.o
 .text._ZN9IRMessage7setDataEi
                0x0000000000000000       0x18 IRMessage.o
 .group         0x0000000000000000        0x8 IRReceiver.o
 .group         0x0000000000000000        0x8 IRReceiver.o
 .group         0x0000000000000000        0x8 IRReceiver.o
 .group         0x0000000000000000        0x8 IRReceiver.o
 .group         0x0000000000000000        0x8 IRReceiver.o
 .group         0x0000000000000000        0x8 IRReceiver.o
 .group         0x0000000000000000        0x8 IRReceiver.o
 .group         0x0000000000000000        0x8 IRReceiver.o
 .group         0x0000000000000000        0x8 IRReceiver.o
 .group         0x0000000000000000        0x8 IRReceiver.o
 .group         0x0000000000000000        0x8 IRReceiver.o
 .group         0x0000000000000000        0x8 IRReceiver.o
 .group         0x0000000000000000        0x8 IRReceiver.o
 .group         0x0000000000000000        0x8 IRReceiver.o
 .group         0x0000000000000000        0x8 IRReceiver.o
 .group         0x0000000000000000        0x8 IRReceiver.o
 .group         0x0000000000000000        0x8 IRReceiver.o
 .group         0x0000000000000000        0x8 IRReceiver.o
 .group         0x0000000000000000        0x8 IRReceiver.o
 .group         0x0000000000000000        0x8 IRReceiver.o
 .group         0x0000000000000000        0x8 IRReceiver.o
 .group         0x0000000000000000        0x8 IRReceiver.o
 .group         0x0000000000000000        0x8 IRReceiver.o
 .group         0x0000000000000000        0x8 IRReceiver.o
 .group         0x0000000000000000        0x8 IRReceiver.o
 .group         0x0000000000000000        0x8 IRReceiver.o
 .group         0x0000000000000000        0x8 IRReceiver.o
 .group         0x0000000000000000        0x8 IRReceiver.o
 .group         0x0000000000000000        0x8 IRReceiver.o
 .group         0x0000000000000000        0x8 IRReceiver.o
 .group         0x0000000000000000        0x8 IRReceiver.o
 .text          0x0000000000000000        0x0 IRReceiver.o
 .data          0x0000000000000000        0x0 IRReceiver.o
 .bss           0x0000000000000000        0x0 IRReceiver.o
 .text._ZN5hwlib19_pin_in_dummy_class3getEv
                0x0000000000000000        0x4 IRReceiver.o
 .text._ZN5hwlib20_pin_out_dummy_class3setEb
                0x0000000000000000        0x2 IRReceiver.o
 .text._ZN5hwlib23_pin_in_out_dummy_class3setEb
                0x0000000000000000        0x2 IRReceiver.o
 .text._ZN5hwlib23_pin_in_out_dummy_class3getEv
                0x0000000000000000        0x4 IRReceiver.o
 .text._ZN5hwlib23_pin_in_out_dummy_class19direction_set_inputEv
                0x0000000000000000        0x2 IRReceiver.o
 .text._ZN5hwlib23_pin_in_out_dummy_class20direction_set_outputEv
                0x0000000000000000        0x2 IRReceiver.o
 .text._ZN5hwlib19_pin_oc_dummy_class3setEb
                0x0000000000000000        0x2 IRReceiver.o
 .text._ZN5hwlib19_pin_oc_dummy_class3getEv
                0x0000000000000000        0x4 IRReceiver.o
 .text._ZN5hwlib19cin_using_uart_getc4getcEv
                0x0000000000000000        0x4 IRReceiver.o
 .text._ZN5hwlib19cin_using_uart_getc14char_availableEv
                0x0000000000000000        0x4 IRReceiver.o
 .text._ZN5hwlib6window5writeENS_8locationENS_5colorE
                0x0000000000000000       0x3c IRReceiver.o
 .text._ZN5hwlib4line4drawERNS_6windowE
                0x0000000000000000       0xac IRReceiver.o
 .text._ZN5hwlib6circle4drawERNS_6windowE
                0x0000000000000000      0x2fc IRReceiver.o
 .text._ZN5hwlib5blinkERNS_7pin_outEi
                0x0000000000000000       0x28 IRReceiver.o
 .text._ZN5hwlib4kittERNS_11port_in_outEi
                0x0000000000000000       0x52 IRReceiver.o
 .text._ZN5hwlib4kittERNS_8port_outEi
                0x0000000000000000       0x4c IRReceiver.o
 .text._ZN5hwlib4kittERNS_7port_ocEi
                0x0000000000000000       0x4c IRReceiver.o
 .text._ZN5hwlib4randEv
                0x0000000000000000       0x20 IRReceiver.o
 .text._ZN5hwlib15random_in_rangeEjj
                0x0000000000000000       0x1a IRReceiver.o
 .text._ZN5hwlib21graphics_random_linesERNS_6windowE
                0x0000000000000000       0xe4 IRReceiver.o
 .text._ZN5hwlib23graphics_random_circlesERNS_6windowE
                0x0000000000000000       0x88 IRReceiver.o
 .text._ZN3due11ad_pin_infoENS_7ad_pinsE
                0x0000000000000000       0x1c IRReceiver.o
 .text._ZN3due11ad_seq_infoEi
                0x0000000000000000       0x20 IRReceiver.o
 .text._ZN3due6now_usEv
                0x0000000000000000       0x10 IRReceiver.o
 .text._ZN3due11wait_us_oldEi
                0x0000000000000000       0x28 IRReceiver.o
 .text._ZN5hwlib24uart_getc_bit_banged_pinERNS_6pin_inE
                0x0000000000000000       0x9c IRReceiver.o
 .text._ZN5hwlib6now_usEv
                0x0000000000000000        0x8 IRReceiver.o
 .rodata._ZTVN5hwlib19_pin_in_dummy_classE
                0x0000000000000000        0xc IRReceiver.o
 .rodata._ZTVN5hwlib20_pin_out_dummy_classE
                0x0000000000000000        0xc IRReceiver.o
 .rodata._ZTVN5hwlib23_pin_in_out_dummy_classE
                0x0000000000000000       0x18 IRReceiver.o
 .rodata._ZTVN5hwlib19_pin_oc_dummy_classE
                0x0000000000000000       0x10 IRReceiver.o
 .rodata._ZTVN5hwlib19cin_using_uart_getcE
                0x0000000000000000       0x10 IRReceiver.o
 .rodata._ZTVN5hwlib4lineE
                0x0000000000000000        0xc IRReceiver.o
 .rodata._ZTVN5hwlib6circleE
                0x0000000000000000        0xc IRReceiver.o
 .data._ZN5hwlib3cinE
                0x0000000000000000        0x4 IRReceiver.o
 .data._ZN5hwlib12pin_in_dummyE
                0x0000000000000000        0x4 IRReceiver.o
 .data._ZN5hwlib12pin_oc_dummyE
                0x0000000000000000        0x4 IRReceiver.o
 .bss._ZZN5hwlib4randEvE1n
                0x0000000000000000        0x4 IRReceiver.o
 .data._ZN5hwlib13pin_out_dummyE
                0x0000000000000000        0x4 IRReceiver.o
 .rodata._ZZN3due11ad_pin_infoENS_7ad_pinsEE17ad_pin_info_array
                0x0000000000000000        0xc IRReceiver.o
 .rodata._ZZN3due11ad_seq_infoEiE12ad_seq_array
                0x0000000000000000       0x70 IRReceiver.o
 .data._ZN5hwlib16pin_in_out_dummyE
                0x0000000000000000        0x4 IRReceiver.o
 .group         0x0000000000000000        0x8 IRSend.o
 .group         0x0000000000000000        0x8 IRSend.o
 .group         0x0000000000000000        0x8 IRSend.o
 .group         0x0000000000000000        0x8 IRSend.o
 .group         0x0000000000000000        0x8 IRSend.o
 .group         0x0000000000000000        0x8 IRSend.o
 .group         0x0000000000000000        0x8 IRSend.o
 .group         0x0000000000000000        0x8 IRSend.o
 .group         0x0000000000000000        0x8 IRSend.o
 .group         0x0000000000000000        0x8 IRSend.o
 .group         0x0000000000000000        0x8 IRSend.o
 .group         0x0000000000000000        0x8 IRSend.o
 .group         0x0000000000000000        0x8 IRSend.o
 .group         0x0000000000000000        0x8 IRSend.o
 .group         0x0000000000000000        0x8 IRSend.o
 .group         0x0000000000000000        0x8 IRSend.o
 .group         0x0000000000000000        0x8 IRSend.o
 .group         0x0000000000000000        0x8 IRSend.o
 .group         0x0000000000000000        0x8 IRSend.o
 .group         0x0000000000000000        0x8 IRSend.o
 .group         0x0000000000000000        0x8 IRSend.o
 .group         0x0000000000000000        0x8 IRSend.o
 .group         0x0000000000000000        0x8 IRSend.o
 .group         0x0000000000000000        0x8 IRSend.o
 .group         0x0000000000000000        0x8 IRSend.o
 .group         0x0000000000000000        0x8 IRSend.o
 .group         0x0000000000000000        0x8 IRSend.o
 .group         0x0000000000000000        0x8 IRSend.o
 .group         0x0000000000000000        0x8 IRSend.o
 .group         0x0000000000000000        0x8 IRSend.o
 .group         0x0000000000000000        0x8 IRSend.o
 .group         0x0000000000000000        0x8 IRSend.o
 .text          0x0000000000000000        0x0 IRSend.o
 .data          0x0000000000000000        0x0 IRSend.o
 .bss           0x0000000000000000        0x0 IRSend.o
 .text._ZN5hwlib19_pin_in_dummy_class3getEv
                0x0000000000000000        0x4 IRSend.o
 .text._ZN5hwlib20_pin_out_dummy_class3setEb
                0x0000000000000000        0x2 IRSend.o
 .text._ZN5hwlib23_pin_in_out_dummy_class3setEb
                0x0000000000000000        0x2 IRSend.o
 .text._ZN5hwlib23_pin_in_out_dummy_class3getEv
                0x0000000000000000        0x4 IRSend.o
 .text._ZN5hwlib23_pin_in_out_dummy_class19direction_set_inputEv
                0x0000000000000000        0x2 IRSend.o
 .text._ZN5hwlib23_pin_in_out_dummy_class20direction_set_outputEv
                0x0000000000000000        0x2 IRSend.o
 .text._ZN5hwlib19_pin_oc_dummy_class3setEb
                0x0000000000000000        0x2 IRSend.o
 .text._ZN5hwlib19_pin_oc_dummy_class3getEv
                0x0000000000000000        0x4 IRSend.o
 .text._ZN5hwlib7ostream5flushEv
                0x0000000000000000        0x2 IRSend.o
 .text._ZN5hwlib20cout_using_uart_putc4putcEc
                0x0000000000000000        0x6 IRSend.o
 .text._ZN5hwlib19cin_using_uart_getc4getcEv
                0x0000000000000000        0x4 IRSend.o
 .text._ZN5hwlib19cin_using_uart_getc14char_availableEv
                0x0000000000000000        0x4 IRSend.o
 .text._ZN5hwlib7ostream6fillerEi
                0x0000000000000000       0x1a IRSend.o
 .text._ZN5hwliblsERNS_7ostreamEPKc
                0x0000000000000000       0x54 IRSend.o
 .text._ZN5hwlib6window5writeENS_8locationENS_5colorE
                0x0000000000000000       0x3c IRSend.o
 .text._ZN5hwlib4line4drawERNS_6windowE
                0x0000000000000000       0xac IRSend.o
 .text._ZN5hwlib6circle4drawERNS_6windowE
                0x0000000000000000      0x2fc IRSend.o
 .text._ZN5hwlib5blinkERNS_7pin_outEi
                0x0000000000000000       0x28 IRSend.o
 .text._ZN5hwlib4kittERNS_11port_in_outEi
                0x0000000000000000       0x52 IRSend.o
 .text._ZN5hwlib4kittERNS_8port_outEi
                0x0000000000000000       0x4c IRSend.o
 .text._ZN5hwlib4kittERNS_7port_ocEi
                0x0000000000000000       0x4c IRSend.o
 .text._ZN5hwlib4randEv
                0x0000000000000000       0x20 IRSend.o
 .text._ZN5hwlib15random_in_rangeEjj
                0x0000000000000000       0x1a IRSend.o
 .text._ZN5hwlib21graphics_random_linesERNS_6windowE
                0x0000000000000000       0xe4 IRSend.o
 .text._ZN5hwlib23graphics_random_circlesERNS_6windowE
                0x0000000000000000       0x88 IRSend.o
 .text._ZN6sam3xa10SystemInitEv
                0x0000000000000000       0x88 IRSend.o
 .text._ZN3due8pin_infoENS_4pinsE
                0x0000000000000000       0x20 IRSend.o
 .text._ZN3due11ad_pin_infoENS_7ad_pinsE
                0x0000000000000000       0x1c IRSend.o
 .text._ZN3due11ad_seq_infoEi
                0x0000000000000000       0x20 IRSend.o
 .text._ZN3due14port_registersEi
                0x0000000000000000       0x48 IRSend.o
 .text._ZN3due9now_ticksEv
                0x0000000000000000       0x60 IRSend.o
 .text._ZN3due6now_usEv
                0x0000000000000000       0x10 IRSend.o
 .text._ZN3due11wait_us_oldEi
                0x0000000000000000       0x28 IRSend.o
 .text._ZN5hwlib9now_ticksEv
                0x0000000000000000        0x8 IRSend.o
 .text._ZN5hwlib24uart_putc_bit_banged_pinEcRNS_7pin_outE
                0x0000000000000000       0xba IRSend.o
 .text._ZN5hwlib24uart_getc_bit_banged_pinERNS_6pin_inE
                0x0000000000000000       0x9c IRSend.o
 .text._ZN5hwlib6now_usEv
                0x0000000000000000        0x8 IRSend.o
 .text._Z7getBit2is
                0x0000000000000000        0xc IRSend.o
 .rodata._ZTVN5hwlib19_pin_in_dummy_classE
                0x0000000000000000        0xc IRSend.o
 .rodata._ZTVN5hwlib20_pin_out_dummy_classE
                0x0000000000000000        0xc IRSend.o
 .rodata._ZTVN5hwlib23_pin_in_out_dummy_classE
                0x0000000000000000       0x18 IRSend.o
 .rodata._ZTVN5hwlib19_pin_oc_dummy_classE
                0x0000000000000000       0x10 IRSend.o
 .rodata._ZTVN5hwlib20cout_using_uart_putcE
                0x0000000000000000       0x10 IRSend.o
 .rodata._ZTVN5hwlib19cin_using_uart_getcE
                0x0000000000000000       0x10 IRSend.o
 .rodata._ZTVN5hwlib4lineE
                0x0000000000000000        0xc IRSend.o
 .rodata._ZTVN5hwlib6circleE
                0x0000000000000000        0xc IRSend.o
 .data._ZN5hwlib3cinE
                0x0000000000000000        0x4 IRSend.o
 .data._ZN5hwlib12pin_in_dummyE
                0x0000000000000000        0x4 IRSend.o
 .bss._ZZN3due9now_ticksEvE4high
                0x0000000000000000        0x8 IRSend.o
 .data._ZN5hwlib12pin_oc_dummyE
                0x0000000000000000        0x4 IRSend.o
 .bss._ZZN5hwlib4randEvE1n
                0x0000000000000000        0x4 IRSend.o
 .data._ZN5hwlib13pin_out_dummyE
                0x0000000000000000        0x4 IRSend.o
 .rodata._ZZN3due11ad_pin_infoENS_7ad_pinsEE17ad_pin_info_array
                0x0000000000000000        0xc IRSend.o
 .data._ZN5hwlib4coutE
                0x0000000000000000       0x14 IRSend.o
 .bss._ZZN3due9now_ticksEvE8last_low
                0x0000000000000000        0x4 IRSend.o
 .bss._ZZN3due9now_ticksEvE9init_done
                0x0000000000000000        0x1 IRSend.o
 .data._ZN6sam3xa15SystemCoreClockE
                0x0000000000000000        0x4 IRSend.o
 .rodata._ZZN3due8pin_infoENS_4pinsEE14pin_info_array
                0x0000000000000000       0xa4 IRSend.o
 .rodata._ZZN3due11ad_seq_infoEiE12ad_seq_array
                0x0000000000000000       0x70 IRSend.o
 .data._ZN5hwlib16pin_in_out_dummyE
                0x0000000000000000        0x4 IRSend.o
 .group         0x0000000000000000        0x8 hwlib.o
 .group         0x0000000000000000        0x8 hwlib.o
 .group         0x0000000000000000        0x8 hwlib.o
 .group         0x0000000000000000        0x8 hwlib.o
 .group         0x0000000000000000        0x8 hwlib.o
 .group         0x0000000000000000        0x8 hwlib.o
 .group         0x0000000000000000        0x8 hwlib.o
 .group         0x0000000000000000        0x8 hwlib.o
 .group         0x0000000000000000        0x8 hwlib.o
 .group         0x0000000000000000        0x8 hwlib.o
 .group         0x0000000000000000        0x8 hwlib.o
 .group         0x0000000000000000        0x8 hwlib.o
 .group         0x0000000000000000        0x8 hwlib.o
 .group         0x0000000000000000        0x8 hwlib.o
 .group         0x0000000000000000        0x8 hwlib.o
 .group         0x0000000000000000        0x8 hwlib.o
 .group         0x0000000000000000        0x8 hwlib.o
 .group         0x0000000000000000        0x8 hwlib.o
 .group         0x0000000000000000        0x8 hwlib.o
 .group         0x0000000000000000        0x8 hwlib.o
 .group         0x0000000000000000        0x8 hwlib.o
 .group         0x0000000000000000        0x8 hwlib.o
 .group         0x0000000000000000        0x8 hwlib.o
 .group         0x0000000000000000        0x8 hwlib.o
 .group         0x0000000000000000        0x8 hwlib.o
 .group         0x0000000000000000        0x8 hwlib.o
 .group         0x0000000000000000        0x8 hwlib.o
 .group         0x0000000000000000        0x8 hwlib.o
 .group         0x0000000000000000        0x8 hwlib.o
 .group         0x0000000000000000        0x8 hwlib.o
 .group         0x0000000000000000        0x8 hwlib.o
 .group         0x0000000000000000        0x8 hwlib.o
 .group         0x0000000000000000        0x8 hwlib.o
 .text          0x0000000000000000        0x0 hwlib.o
 .data          0x0000000000000000        0x0 hwlib.o
 .bss           0x0000000000000000        0x0 hwlib.o
 .text._ZN5hwlib19_pin_in_dummy_class3getEv
                0x0000000000000000        0x4 hwlib.o
 .text._ZN5hwlib20_pin_out_dummy_class3setEb
                0x0000000000000000        0x2 hwlib.o
 .text._ZN5hwlib23_pin_in_out_dummy_class3setEb
                0x0000000000000000        0x2 hwlib.o
 .text._ZN5hwlib23_pin_in_out_dummy_class3getEv
                0x0000000000000000        0x4 hwlib.o
 .text._ZN5hwlib23_pin_in_out_dummy_class19direction_set_inputEv
                0x0000000000000000        0x2 hwlib.o
 .text._ZN5hwlib23_pin_in_out_dummy_class20direction_set_outputEv
                0x0000000000000000        0x2 hwlib.o
 .text._ZN5hwlib19_pin_oc_dummy_class3setEb
                0x0000000000000000        0x2 hwlib.o
 .text._ZN5hwlib19_pin_oc_dummy_class3getEv
                0x0000000000000000        0x4 hwlib.o
 .text._ZN5hwlib7ostream5flushEv
                0x0000000000000000        0x2 hwlib.o
 .text._ZNK5hwlib9image_8x818get_implementationENS_8locationE
                0x0000000000000000       0x4c hwlib.o
 .text._ZN3due6pin_in3getEv
                0x0000000000000000       0x10 hwlib.o
 .text._ZN3due7pin_out3setEb
                0x0000000000000000        0xe hwlib.o
 .text._ZN5hwlib7ostream6fillerEi
                0x0000000000000000       0x1a hwlib.o
 .text._ZN5hwliblsERNS_7ostreamEPKc
                0x0000000000000000       0x54 hwlib.o
 .text._ZN5hwliblsERNS_7ostreamEi
                0x0000000000000000       0xd2 hwlib.o
 .text._ZN5hwliblsERNS_7ostreamENS_8locationE
                0x0000000000000000       0x38 hwlib.o
 .text._ZN5hwlib6window5writeENS_8locationENS_5colorE
                0x0000000000000000       0x3c hwlib.o
 .text._ZN5hwlib4line4drawERNS_6windowE
                0x0000000000000000       0xac hwlib.o
 .text._ZN5hwlib6circle4drawERNS_6windowE
                0x0000000000000000      0x2fc hwlib.o
 .text._ZN5hwlib4randEv
                0x0000000000000000       0x20 hwlib.o
 .text._ZN5hwlib15random_in_rangeEjj
                0x0000000000000000       0x1a hwlib.o
 .text._ZN6sam3xa10SystemInitEv
                0x0000000000000000       0x88 hwlib.o
 .text._ZN3due8pin_infoENS_4pinsE
                0x0000000000000000       0x20 hwlib.o
 .text._ZN3due11ad_pin_infoENS_7ad_pinsE
                0x0000000000000000       0x1c hwlib.o
 .text._ZN3due11ad_seq_infoEi
                0x0000000000000000       0x20 hwlib.o
 .text._ZN3due14port_registersEi
                0x0000000000000000       0x48 hwlib.o
 .text._ZN3due9now_ticksEv
                0x0000000000000000       0x60 hwlib.o
 .text._ZN3due6now_usEv
                0x0000000000000000       0x10 hwlib.o
 .text._ZN3due11wait_us_oldEi
                0x0000000000000000       0x28 hwlib.o
 .text._ZN5hwlib9now_ticksEv
                0x0000000000000000        0x8 hwlib.o
 .text._ZN5hwlib24uart_putc_bit_banged_pinEcRNS_7pin_outE
                0x0000000000000000       0xba hwlib.o
 .text._ZN5hwlib6now_usEv
                0x0000000000000000        0x8 hwlib.o
 .text._ZN5hwlib7wait_usEi
                0x0000000000000000       0x20 hwlib.o
 .text._ZN5hwlib24uart_getc_bit_banged_pinERNS_6pin_inE
                0x0000000000000000       0x9c hwlib.o
 .text._ZN5hwlib7wait_nsEi
                0x0000000000000000       0x10 hwlib.o
 .text._ZN5hwlib7wait_msEi
                0x0000000000000000       0x16 hwlib.o
 .text._ZN5hwlib5blinkERNS_7pin_outEi
                0x0000000000000000       0x28 hwlib.o
 .text._ZN5hwlib4kittERNS_11port_in_outEi
                0x0000000000000000       0x52 hwlib.o
 .text._ZN5hwlib4kittERNS_8port_outEi
                0x0000000000000000       0x4c hwlib.o
 .text._ZN5hwlib4kittERNS_7port_ocEi
                0x0000000000000000       0x4c hwlib.o
 .text._ZN5hwlib21graphics_random_linesERNS_6windowE
                0x0000000000000000       0xe4 hwlib.o
 .text._ZN5hwlib23graphics_random_circlesERNS_6windowE
                0x0000000000000000       0x88 hwlib.o
 .text._ZN5hwlib20cout_using_uart_putc4putcEc
                0x0000000000000000        0xa hwlib.o
 .text._ZN5hwlib19uart_char_availableEv
                0x0000000000000000       0x40 hwlib.o
 .text._ZN5hwlib19cin_using_uart_getc14char_availableEv
                0x0000000000000000        0x8 hwlib.o
 .text._ZN5hwlib9uart_getcEv
                0x0000000000000000       0x38 hwlib.o
 .text._ZN5hwlib19cin_using_uart_getc4getcEv
                0x0000000000000000        0x8 hwlib.o
 .rodata._ZTVN5hwlib19_pin_in_dummy_classE
                0x0000000000000000        0xc hwlib.o
 .rodata._ZTVN5hwlib20_pin_out_dummy_classE
                0x0000000000000000        0xc hwlib.o
 .rodata._ZTVN5hwlib23_pin_in_out_dummy_classE
                0x0000000000000000       0x18 hwlib.o
 .rodata._ZTVN5hwlib19_pin_oc_dummy_classE
                0x0000000000000000       0x10 hwlib.o
 .rodata._ZTVN5hwlib20cout_using_uart_putcE
                0x0000000000000000       0x10 hwlib.o
 .rodata._ZTVN5hwlib19cin_using_uart_getcE
                0x0000000000000000       0x10 hwlib.o
 .rodata._ZTVN5hwlib9image_8x8E
                0x0000000000000000        0xc hwlib.o
 .rodata._ZTVN5hwlib4lineE
                0x0000000000000000        0xc hwlib.o
 .rodata._ZTVN5hwlib6circleE
                0x0000000000000000        0xc hwlib.o
 .rodata._ZTVN3due6pin_inE
                0x0000000000000000        0xc hwlib.o
 .rodata._ZZN3due11ad_pin_infoENS_7ad_pinsEE17ad_pin_info_array
                0x0000000000000000        0xc hwlib.o
 .data._ZN5hwlib13pin_out_dummyE
                0x0000000000000000        0x4 hwlib.o
 .bss._ZZN3due9now_ticksEvE9init_done
                0x0000000000000000        0x1 hwlib.o
 .bss._ZZN5hwlib4randEvE1n
                0x0000000000000000        0x4 hwlib.o
 .rodata._ZN5hwlib16font_default_8x86imagesE
                0x0000000000000000      0xa00 hwlib.o
 .rodata._ZN5hwlibL5blackE
                0x0000000000000000        0x4 hwlib.o
 .data._ZN5hwlib12pin_oc_dummyE
                0x0000000000000000        0x4 hwlib.o
 .bss._ZZN5hwlib9uart_getcEvE3pin
                0x0000000000000000        0xc hwlib.o
 .data._ZN5hwlib12pin_in_dummyE
                0x0000000000000000        0x4 hwlib.o
 .data._ZN5hwlib4coutE
                0x0000000000000000       0x14 hwlib.o
 .rodata._ZN5hwlibL5whiteE
                0x0000000000000000        0x4 hwlib.o
 .data._ZN5hwlib16pin_in_out_dummyE
                0x0000000000000000        0x4 hwlib.o
 .rodata.str1.1
                0x0000000000000000       0x1d hwlib.o
 .data._ZN6sam3xa15SystemCoreClockE
                0x0000000000000000        0x4 hwlib.o
 .bss._ZGVZN5hwlib9uart_getcEvE3pin
                0x0000000000000000        0x4 hwlib.o
 .bss._ZZN3due9now_ticksEvE8last_low
                0x0000000000000000        0x4 hwlib.o
 .data._ZN5hwlib15font_16x16_dataE
                0x0000000000000000      0xbe4 hwlib.o
 .bss._ZGVZN5hwlib19uart_char_availableEvE3pin
                0x0000000000000000        0x4 hwlib.o
 .rodata._ZZN3due11ad_seq_infoEiE12ad_seq_array
                0x0000000000000000       0x70 hwlib.o
 .data._ZN5hwlib3cinE
                0x0000000000000000        0x4 hwlib.o
 .bss._ZZN3due9now_ticksEvE4high
                0x0000000000000000        0x8 hwlib.o
 .rodata._ZZN3due8pin_infoENS_4pinsEE14pin_info_array
                0x0000000000000000       0xa4 hwlib.o
 .bss._ZZN5hwlib19uart_char_availableEvE3pin
                0x0000000000000000        0xc hwlib.o
 .text          0x0000000000000000        0x0 coroutine.o
 .data          0x0000000000000000        0x0 coroutine.o
 .bss           0x0000000000000000        0x0 coroutine.o
 .data          0x0000000000000000        0x0 switch_to.o
 .bss           0x0000000000000000        0x0 switch_to.o
 .group         0x0000000000000000        0x8 rtos.o
 .group         0x0000000000000000        0x8 rtos.o
 .group         0x0000000000000000        0x8 rtos.o
 .group         0x0000000000000000        0x8 rtos.o
 .group         0x0000000000000000        0x8 rtos.o
 .group         0x0000000000000000        0x8 rtos.o
 .group         0x0000000000000000        0x8 rtos.o
 .group         0x0000000000000000        0x8 rtos.o
 .group         0x0000000000000000        0x8 rtos.o
 .group         0x0000000000000000        0x8 rtos.o
 .group         0x0000000000000000        0x8 rtos.o
 .group         0x0000000000000000        0x8 rtos.o
 .group         0x0000000000000000        0x8 rtos.o
 .group         0x0000000000000000        0x8 rtos.o
 .group         0x0000000000000000        0x8 rtos.o
 .group         0x0000000000000000        0x8 rtos.o
 .group         0x0000000000000000        0x8 rtos.o
 .group         0x0000000000000000        0x8 rtos.o
 .group         0x0000000000000000        0x8 rtos.o
 .group         0x0000000000000000        0x8 rtos.o
 .group         0x0000000000000000        0x8 rtos.o
 .group         0x0000000000000000        0x8 rtos.o
 .group         0x0000000000000000        0x8 rtos.o
 .group         0x0000000000000000        0x8 rtos.o
 .group         0x0000000000000000        0x8 rtos.o
 .group         0x0000000000000000        0x8 rtos.o
 .group         0x0000000000000000        0x8 rtos.o
 .group         0x0000000000000000        0x8 rtos.o
 .group         0x0000000000000000        0x8 rtos.o
 .group         0x0000000000000000        0x8 rtos.o
 .group         0x0000000000000000        0x8 rtos.o
 .group         0x0000000000000000        0x8 rtos.o
 .group         0x0000000000000000        0x8 rtos.o
 .group         0x0000000000000000        0x8 rtos.o
 .group         0x0000000000000000        0x8 rtos.o
 .group         0x0000000000000000        0x8 rtos.o
 .group         0x0000000000000000        0x8 rtos.o
 .group         0x0000000000000000        0x8 rtos.o
 .text          0x0000000000000000        0x0 rtos.o
 .data          0x0000000000000000        0x0 rtos.o
 .bss           0x0000000000000000        0x0 rtos.o
 .text._ZN5hwlib19_pin_in_dummy_class3getEv
                0x0000000000000000        0x4 rtos.o
 .text._ZN5hwlib20_pin_out_dummy_class3setEb
                0x0000000000000000        0x2 rtos.o
 .text._ZN5hwlib23_pin_in_out_dummy_class3setEb
                0x0000000000000000        0x2 rtos.o
 .text._ZN5hwlib23_pin_in_out_dummy_class3getEv
                0x0000000000000000        0x4 rtos.o
 .text._ZN5hwlib23_pin_in_out_dummy_class19direction_set_inputEv
                0x0000000000000000        0x2 rtos.o
 .text._ZN5hwlib23_pin_in_out_dummy_class20direction_set_outputEv
                0x0000000000000000        0x2 rtos.o
 .text._ZN5hwlib19_pin_oc_dummy_class3setEb
                0x0000000000000000        0x2 rtos.o
 .text._ZN5hwlib19_pin_oc_dummy_class3getEv
                0x0000000000000000        0x4 rtos.o
 .text._ZN5hwlib7ostream5flushEv
                0x0000000000000000        0x2 rtos.o
 .text._ZN5hwlib20cout_using_uart_putc4putcEc
                0x0000000000000000        0x6 rtos.o
 .text._ZN5hwlib19cin_using_uart_getc4getcEv
                0x0000000000000000        0x4 rtos.o
 .text._ZN5hwlib19cin_using_uart_getc14char_availableEv
                0x0000000000000000        0x4 rtos.o
 .text._ZN5hwlib7ostream7reverse10add_prefixERKS0_
                0x0000000000000000       0x50 rtos.o
 .text._ZN5hwliblsERNS_7ostreamEPKc
                0x0000000000000000       0x68 rtos.o
 .text._ZN5hwliblsERNS_7ostreamEi
                0x0000000000000000       0x8c rtos.o
 .text._ZN5hwliblsERNS_7ostreamEj
                0x0000000000000000        0xc rtos.o
 .text._ZN5hwlib6window5writeENS_8locationENS_5colorE
                0x0000000000000000       0x3c rtos.o
 .text._ZN5hwlib4line4drawERNS_6windowE
                0x0000000000000000       0xac rtos.o
 .text._ZN5hwlib6circle4drawERNS_6windowE
                0x0000000000000000      0x2fc rtos.o
 .text._ZN5hwlib4randEv
                0x0000000000000000       0x20 rtos.o
 .text._ZN5hwlib15random_in_rangeEjj
                0x0000000000000000       0x1a rtos.o
 .text._ZN6sam3xa10SystemInitEv
                0x0000000000000000       0x88 rtos.o
 .text._ZN3due8pin_infoENS_4pinsE
                0x0000000000000000       0x20 rtos.o
 .text._ZN3due11ad_pin_infoENS_7ad_pinsE
                0x0000000000000000       0x1c rtos.o
 .text._ZN3due11ad_seq_infoEi
                0x0000000000000000       0x20 rtos.o
 .text._ZN3due14port_registersEi
                0x0000000000000000       0x48 rtos.o
 .text._ZN3due9now_ticksEv
                0x0000000000000000       0x60 rtos.o
 .text._ZN3due6now_usEv
                0x0000000000000000       0x10 rtos.o
 .text._ZN3due11wait_us_oldEi
                0x0000000000000000       0x28 rtos.o
 .text._ZN5hwlib9now_ticksEv
                0x0000000000000000        0x8 rtos.o
 .text._ZN5hwlib24uart_putc_bit_banged_pinEcRNS_7pin_outE
                0x0000000000000000       0xba rtos.o
 .text._ZN5hwlib6now_usEv
                0x0000000000000000        0x8 rtos.o
 .text._ZNK4rtos5eventeqERKS0_
                0x0000000000000000       0x3c rtos.o
 .text._ZNK4rtos5eventneERKS0_
                0x0000000000000000       0x3c rtos.o
 .text._ZNK4rtos5eventeqERKNS_8waitableE
                0x0000000000000000       0x1a rtos.o
 .text._ZNK4rtos5eventneERKNS_8waitableE
                0x0000000000000000       0x1a rtos.o
 .text._ZNK4rtos5eventplERKS0_
                0x0000000000000000       0x3c rtos.o
 .text._ZNK4rtos5event5printERN5hwlib7ostreamE
                0x0000000000000000       0x30 rtos.o
 .text._ZN4rtos5timer3setEm
                0x0000000000000000        0xe rtos.o
 .text._ZN4rtos5timer5startEm
                0x0000000000000000        0xe rtos.o
 .text._ZN4rtos4flag3setEv
                0x0000000000000000       0x10 rtos.o
 .text._ZN4rtos5clock7time_upEv
                0x0000000000000000       0x30 rtos.o
 .text._ZThn16_N4rtos5clock7time_upEv
                0x0000000000000000        0x8 rtos.o
 .text._ZN4rtos5clock5clearEv
                0x0000000000000000        0x8 rtos.o
 .text._ZN4rtos5mutex4waitEv
                0x0000000000000000       0x30 rtos.o
 .text._ZN4rtos5mutex6signalEv
                0x0000000000000000       0x50 rtos.o
 .text._ZN4rtos5mutexD2Ev
                0x0000000000000000       0x28 rtos.o
 .text._ZlsRN5hwlib7ostreamERKN4rtos9task_baseE
                0x0000000000000000       0x12 rtos.o
 .text._ZlsRN5hwlib7ostreamERKN4rtos4flagE
                0x0000000000000000       0x12 rtos.o
 .text._ZlsRN5hwlib7ostreamERKN4rtos5eventE
                0x0000000000000000       0x10 rtos.o
 .text._ZlsRN5hwlib7ostreamERKN4rtos5timerE
                0x0000000000000000       0x12 rtos.o
 .text._ZlsRN5hwlib7ostreamERKN4rtos5clockE
                0x0000000000000000       0x12 rtos.o
 .text._ZlsRN5hwlib7ostreamERKN4rtos12channel_baseE
                0x0000000000000000       0x12 rtos.o
 .text._ZlsRN5hwlib7ostreamERKN4rtos5mutexE
                0x0000000000000000       0x12 rtos.o
 .text._ZlsRN5hwlib7ostreamERKN4rtos12mailbox_baseE
                0x0000000000000000       0x12 rtos.o
 .text._ZlsRN5hwlib7ostreamERKN4rtos9pool_baseE
                0x0000000000000000       0x12 rtos.o
 .text._ZNK4rtos9task_base4nameEv
                0x0000000000000000        0x4 rtos.o
 .text._ZN4rtos3addEPNS_4flagE
                0x0000000000000000       0x10 rtos.o
 .text._ZN4rtos4flagC2EPNS_9task_baseEPKc
                0x0000000000000000       0x20 rtos.o
 .text._ZN4rtos3addEPNS_5clockE
                0x0000000000000000       0x10 rtos.o
 .text._ZN4rtos3addEPNS_5mutexE
                0x0000000000000000       0x10 rtos.o
 .text._ZN4rtos5mutexC2EPKc
                0x0000000000000000       0x1e rtos.o
 .text._ZN4rtos3addEPNS_12mailbox_baseE
                0x0000000000000000       0x10 rtos.o
 .text._ZN4rtos12mailbox_baseC2EPKc
                0x0000000000000000       0x20 rtos.o
 .text._ZN4rtos3addEPNS_9pool_baseE
                0x0000000000000000       0x10 rtos.o
 .text._ZN4rtos9pool_baseC2EPKc
                0x0000000000000000       0x1c rtos.o
 .text._ZN4rtos5clockC2EPNS_9task_baseEmPKc
                0x0000000000000000       0x3c rtos.o
 .text._ZN4rtos19do_statistics_clearEv
                0x0000000000000000       0x18 rtos.o
 .text._ZN4rtos18display_statisticsEv
                0x0000000000000000       0x28 rtos.o
 .text._ZN5hwlib24uart_getc_bit_banged_pinERNS_6pin_inE
                0x0000000000000000       0x9c rtos.o
 .text._ZN5hwlib7wait_nsEi
                0x0000000000000000       0x10 rtos.o
 .text._ZN5hwlib5blinkERNS_7pin_outEi
                0x0000000000000000       0x28 rtos.o
 .text._ZN5hwlib4kittERNS_11port_in_outEi
                0x0000000000000000       0x52 rtos.o
 .text._ZN5hwlib4kittERNS_8port_outEi
                0x0000000000000000       0x4c rtos.o
 .text._ZN5hwlib4kittERNS_7port_ocEi
                0x0000000000000000       0x4c rtos.o
 .text._ZN5hwlib21graphics_random_linesERNS_6windowE
                0x0000000000000000       0xe4 rtos.o
 .text._ZN5hwlib23graphics_random_circlesERNS_6windowE
                0x0000000000000000       0x88 rtos.o
 .rodata._ZTVN5hwlib19_pin_in_dummy_classE
                0x0000000000000000        0xc rtos.o
 .rodata._ZTVN5hwlib20_pin_out_dummy_classE
                0x0000000000000000        0xc rtos.o
 .rodata._ZTVN5hwlib23_pin_in_out_dummy_classE
                0x0000000000000000       0x18 rtos.o
 .rodata._ZTVN5hwlib19_pin_oc_dummy_classE
                0x0000000000000000       0x10 rtos.o
 .rodata._ZTVN5hwlib20cout_using_uart_putcE
                0x0000000000000000       0x10 rtos.o
 .rodata._ZTVN5hwlib19cin_using_uart_getcE
                0x0000000000000000       0x10 rtos.o
 .rodata._ZTVN5hwlib4lineE
                0x0000000000000000        0xc rtos.o
 .rodata._ZTVN5hwlib6circleE
                0x0000000000000000        0xc rtos.o
 .rodata._ZTVN4rtos4flagE
                0x0000000000000000        0xc rtos.o
 .rodata._ZZN3due11ad_pin_infoENS_7ad_pinsEE17ad_pin_info_array
                0x0000000000000000        0xc rtos.o
 .data._ZN5hwlib13pin_out_dummyE
                0x0000000000000000        0x4 rtos.o
 .bss._ZZN3due9now_ticksEvE9init_done
                0x0000000000000000        0x1 rtos.o
 .bss._ZZN5hwlib4randEvE1n
                0x0000000000000000        0x4 rtos.o
 .rodata._ZTVN4rtos5clockE
                0x0000000000000000       0x20 rtos.o
 .data._ZN5hwlib12pin_oc_dummyE
                0x0000000000000000        0x4 rtos.o
 .rodata._ZZN3due11ad_seq_infoEiE12ad_seq_array
                0x0000000000000000       0x70 rtos.o
 .data._ZN5hwlib12pin_in_dummyE
                0x0000000000000000        0x4 rtos.o
 .data._ZN5hwlib4coutE
                0x0000000000000000       0x14 rtos.o
 .data._ZN5hwlib16pin_in_out_dummyE
                0x0000000000000000        0x4 rtos.o
 .data._ZN6sam3xa15SystemCoreClockE
                0x0000000000000000        0x4 rtos.o
 .bss._ZZN3due9now_ticksEvE8last_low
                0x0000000000000000        0x4 rtos.o
 .data._ZN5hwlib3cinE
                0x0000000000000000        0x4 rtos.o
 .bss._ZZN3due9now_ticksEvE4high
                0x0000000000000000        0x8 rtos.o
 .rodata._ZZN3due8pin_infoENS_4pinsEE14pin_info_array
                0x0000000000000000       0xa4 rtos.o
 .group         0x0000000000000000        0x8 main.o
 .group         0x0000000000000000        0x8 main.o
 .group         0x0000000000000000        0x8 main.o
 .group         0x0000000000000000        0x8 main.o
 .group         0x0000000000000000        0x8 main.o
 .group         0x0000000000000000        0x8 main.o
 .group         0x0000000000000000        0x8 main.o
 .group         0x0000000000000000        0x8 main.o
 .group         0x0000000000000000        0x8 main.o
 .group         0x0000000000000000        0x8 main.o
 .group         0x0000000000000000        0x8 main.o
 .group         0x0000000000000000        0x8 main.o
 .group         0x0000000000000000        0x8 main.o
 .group         0x0000000000000000        0x8 main.o
 .group         0x0000000000000000        0x8 main.o
 .group         0x0000000000000000        0x8 main.o
 .group         0x0000000000000000        0x8 main.o
 .group         0x0000000000000000        0x8 main.o
 .group         0x0000000000000000        0x8 main.o
 .group         0x0000000000000000        0x8 main.o
 .group         0x0000000000000000        0x8 main.o
 .group         0x0000000000000000        0x8 main.o
 .group         0x0000000000000000        0x8 main.o
 .group         0x0000000000000000        0x8 main.o
 .group         0x0000000000000000        0x8 main.o
 .group         0x0000000000000000        0x8 main.o
 .group         0x0000000000000000        0x8 main.o
 .group         0x0000000000000000        0x8 main.o
 .group         0x0000000000000000        0x8 main.o
 .group         0x0000000000000000        0x8 main.o
 .group         0x0000000000000000        0x8 main.o
 .group         0x0000000000000000        0x8 main.o
 .group         0x0000000000000000        0x8 main.o
 .text          0x0000000000000000        0x0 main.o
 .data          0x0000000000000000        0x0 main.o
 .bss           0x0000000000000000        0x0 main.o
 .text._ZN5hwlib19_pin_in_dummy_class3getEv
                0x0000000000000000        0x4 main.o
 .text._ZN5hwlib20_pin_out_dummy_class3setEb
                0x0000000000000000        0x2 main.o
 .text._ZN5hwlib23_pin_in_out_dummy_class3setEb
                0x0000000000000000        0x2 main.o
 .text._ZN5hwlib23_pin_in_out_dummy_class3getEv
                0x0000000000000000        0x4 main.o
 .text._ZN5hwlib23_pin_in_out_dummy_class19direction_set_inputEv
                0x0000000000000000        0x2 main.o
 .text._ZN5hwlib23_pin_in_out_dummy_class20direction_set_outputEv
                0x0000000000000000        0x2 main.o
 .text._ZN5hwlib19_pin_oc_dummy_class3setEb
                0x0000000000000000        0x2 main.o
 .text._ZN5hwlib19_pin_oc_dummy_class3getEv
                0x0000000000000000        0x4 main.o
 .text._ZN5hwlib7ostream5flushEv
                0x0000000000000000        0x2 main.o
 .text._ZN5hwlib20cout_using_uart_putc4putcEc
                0x0000000000000000        0x6 main.o
 .text._ZN5hwlib19cin_using_uart_getc4getcEv
                0x0000000000000000        0x4 main.o
 .text._ZN5hwlib19cin_using_uart_getc14char_availableEv
                0x0000000000000000        0x4 main.o
 .text._ZN4rtos8waitable5clearEv
                0x0000000000000000        0xa main.o
 .text._ZN4rtos7channelI9IRMessageLi10EE5clearEv
                0x0000000000000000       0x10 main.o
 .text._ZN5hwlib7ostream6fillerEi
                0x0000000000000000       0x1a main.o
 .text._ZN5hwliblsERNS_7ostreamEPKc
                0x0000000000000000       0x54 main.o
 .text._ZN5hwlib6window5writeENS_8locationENS_5colorE
                0x0000000000000000       0x3c main.o
 .text._ZN5hwlib4line4drawERNS_6windowE
                0x0000000000000000       0xac main.o
 .text._ZN5hwlib6circle4drawERNS_6windowE
                0x0000000000000000      0x2fc main.o
 .text._ZN5hwlib5blinkERNS_7pin_outEi
                0x0000000000000000       0x28 main.o
 .text._ZN5hwlib4kittERNS_11port_in_outEi
                0x0000000000000000       0x52 main.o
 .text._ZN5hwlib4kittERNS_8port_outEi
                0x0000000000000000       0x4c main.o
 .text._ZN5hwlib4kittERNS_7port_ocEi
                0x0000000000000000       0x4c main.o
 .text._ZN5hwlib4randEv
                0x0000000000000000       0x20 main.o
 .text._ZN5hwlib15random_in_rangeEjj
                0x0000000000000000       0x1a main.o
 .text._ZN5hwlib21graphics_random_linesERNS_6windowE
                0x0000000000000000       0xe4 main.o
 .text._ZN5hwlib23graphics_random_circlesERNS_6windowE
                0x0000000000000000       0x88 main.o
 .text._ZN6sam3xa10SystemInitEv
                0x0000000000000000       0x88 main.o
 .text._ZN3due8pin_infoENS_4pinsE
                0x0000000000000000       0x20 main.o
 .text._ZN3due11ad_pin_infoENS_7ad_pinsE
                0x0000000000000000       0x1c main.o
 .text._ZN3due11ad_seq_infoEi
                0x0000000000000000       0x20 main.o
 .text._ZN3due14port_registersEi
                0x0000000000000000       0x48 main.o
 .text._ZN3due9now_ticksEv
                0x0000000000000000       0x60 main.o
 .text._ZN3due6now_usEv
                0x0000000000000000       0x10 main.o
 .text._ZN3due11wait_us_oldEi
                0x0000000000000000       0x28 main.o
 .text._ZN5hwlib9now_ticksEv
                0x0000000000000000        0x8 main.o
 .text._ZN5hwlib24uart_putc_bit_banged_pinEcRNS_7pin_outE
                0x0000000000000000       0xba main.o
 .text._ZN5hwlib24uart_getc_bit_banged_pinERNS_6pin_inE
                0x0000000000000000       0x9c main.o
 .text._ZN5hwlib6now_usEv
                0x0000000000000000        0x8 main.o
 .rodata._ZTVN5hwlib19_pin_in_dummy_classE
                0x0000000000000000        0xc main.o
 .rodata._ZTVN5hwlib20_pin_out_dummy_classE
                0x0000000000000000        0xc main.o
 .rodata._ZTVN5hwlib23_pin_in_out_dummy_classE
                0x0000000000000000       0x18 main.o
 .rodata._ZTVN5hwlib19_pin_oc_dummy_classE
                0x0000000000000000       0x10 main.o
 .rodata._ZTVN5hwlib20cout_using_uart_putcE
                0x0000000000000000       0x10 main.o
 .rodata._ZTVN5hwlib19cin_using_uart_getcE
                0x0000000000000000       0x10 main.o
 .rodata._ZTVN5hwlib4lineE
                0x0000000000000000        0xc main.o
 .rodata._ZTVN5hwlib6circleE
                0x0000000000000000        0xc main.o
 .data._ZN5hwlib3cinE
                0x0000000000000000        0x4 main.o
 .data._ZN5hwlib12pin_in_dummyE
                0x0000000000000000        0x4 main.o
 .bss._ZZN3due9now_ticksEvE4high
                0x0000000000000000        0x8 main.o
 .data._ZN5hwlib12pin_oc_dummyE
                0x0000000000000000        0x4 main.o
 .bss._ZZN5hwlib4randEvE1n
                0x0000000000000000        0x4 main.o
 .data._ZN5hwlib13pin_out_dummyE
                0x0000000000000000        0x4 main.o
 .rodata._ZZN3due11ad_pin_infoENS_7ad_pinsEE17ad_pin_info_array
                0x0000000000000000        0xc main.o
 .data._ZN5hwlib4coutE
                0x0000000000000000       0x14 main.o
 .bss._ZZN3due9now_ticksEvE8last_low
                0x0000000000000000        0x4 main.o
 .bss._ZZN3due9now_ticksEvE9init_done
                0x0000000000000000        0x1 main.o
 .data._ZN6sam3xa15SystemCoreClockE
                0x0000000000000000        0x4 main.o
 .rodata._ZZN3due8pin_infoENS_4pinsEE14pin_info_array
                0x0000000000000000       0xa4 main.o
 .rodata._ZZN3due11ad_seq_infoEiE12ad_seq_array
                0x0000000000000000       0x70 main.o
 .data._ZN5hwlib16pin_in_out_dummyE
                0x0000000000000000        0x4 main.o
 .text          0x0000000000000000        0x0 bmptk_cortex.o
 .data          0x0000000000000000        0x0 bmptk_cortex.o
 .bss           0x0000000000000000        0x0 bmptk_cortex.o
 .text.__aeabi_idiv0
                0x0000000000000000        0x4 bmptk_cortex.o
 COMMON         0x0000000000000000        0x4 bmptk_cortex.o
 .text          0x0000000000000000        0x0 bmptk_heap_bmptk.o
 .data          0x0000000000000000        0x0 bmptk_heap_bmptk.o
 .bss           0x0000000000000000        0x0 bmptk_heap_bmptk.o
 .text.free     0x0000000000000000        0x4 bmptk_heap_bmptk.o
 .text          0x0000000000000000        0x0 bmptk_fixed_size_stack.o
 .data          0x0000000000000000        0x0 bmptk_fixed_size_stack.o
 .bss           0x0000000000000000        0x0 bmptk_fixed_size_stack.o
 .text.bmptk_stack_used
                0x0000000000000000        0xc bmptk_fixed_size_stack.o
 .data          0x0000000000000000        0x0 /usr/lib/gcc/arm-none-eabi/4.9.3/armv7-m/libgcc.a(_aeabi_ldivmod.o)
 .bss           0x0000000000000000        0x0 /usr/lib/gcc/arm-none-eabi/4.9.3/armv7-m/libgcc.a(_aeabi_ldivmod.o)
 .data          0x0000000000000000        0x0 /usr/lib/gcc/arm-none-eabi/4.9.3/armv7-m/libgcc.a(bpabi.o)
 .bss           0x0000000000000000        0x0 /usr/lib/gcc/arm-none-eabi/4.9.3/armv7-m/libgcc.a(bpabi.o)
 .data          0x0000000000000000        0x0 /usr/lib/gcc/arm-none-eabi/4.9.3/armv7-m/libgcc.a(_dvmd_tls.o)
 .bss           0x0000000000000000        0x0 /usr/lib/gcc/arm-none-eabi/4.9.3/armv7-m/libgcc.a(_dvmd_tls.o)
 .data          0x0000000000000000        0x0 /usr/lib/gcc/arm-none-eabi/4.9.3/armv7-m/libgcc.a(_divdi3.o)
 .bss           0x0000000000000000        0x0 /usr/lib/gcc/arm-none-eabi/4.9.3/armv7-m/libgcc.a(_divdi3.o)
 .ARM.extab     0x0000000000000000        0x0 /usr/lib/gcc/arm-none-eabi/4.9.3/armv7-m/libgcc.a(_divdi3.o)
 .data          0x0000000000000000        0x0 /usr/lib/gcc/arm-none-eabi/4.9.3/armv7-m/libgcc.a(_udivdi3.o)
 .bss           0x0000000000000000        0x0 /usr/lib/gcc/arm-none-eabi/4.9.3/armv7-m/libgcc.a(_udivdi3.o)
 .ARM.extab     0x0000000000000000        0x0 /usr/lib/gcc/arm-none-eabi/4.9.3/armv7-m/libgcc.a(_udivdi3.o)

Memory Configuration

Name             Origin             Length             Attributes
rom              0x0000000000000000 0x0000000000080000 xr
ram              0x0000000020000000 0x0000000000018000 xrw
nul              0x0000000020000000 0x0000000000000000 xrw
*default*        0x0000000000000000 0xffffffffffffffff

Linker script and memory map

LOAD /usr/lib/gcc/arm-none-eabi/4.9.3/armv7-m/libgcc.a
LOAD IRMessage.o
LOAD IRReceiver.o
LOAD IRSend.o
LOAD hwlib.o
LOAD coroutine.o
LOAD switch_to.o
LOAD rtos.o
LOAD main.o
LOAD bmptk_cortex.o
LOAD bmptk_heap_bmptk.o
LOAD bmptk_fixed_size_stack.o
LOAD /usr/lib/gcc/arm-none-eabi/4.9.3/../../../arm-none-eabi/lib/armv7-m/libstdc++.a
LOAD /usr/lib/gcc/arm-none-eabi/4.9.3/../../../arm-none-eabi/lib/armv7-m/libm.a
START GROUP
LOAD /usr/lib/gcc/arm-none-eabi/4.9.3/armv7-m/libgcc.a
LOAD /usr/lib/gcc/arm-none-eabi/4.9.3/../../../arm-none-eabi/lib/armv7-m/libc.a
END GROUP
                0x0000000000000000                __rom_start = ORIGIN (rom)
                0x0000000000080000                __rom_size = LENGTH (rom)
                0x0000000000080000                __rom_end = (__rom_start + __rom_size)
                0x0000000020000000                __ram_start = ORIGIN (ram)
                0x0000000000018000                __ram_size = LENGTH (ram)
                0x0000000020018000                __ram_end = (__ram_start + __ram_size)
                [!provide]                        PROVIDE (__rom_start, __rom_start)
                [!provide]                        PROVIDE (__rom_size, __rom_size)
                [!provide]                        PROVIDE (__rom_end, __rom_end)
                [!provide]                        PROVIDE (__ram_start, __ram_start)
                [!provide]                        PROVIDE (__ram_size, __ram_size)
                [!provide]                        PROVIDE (__ram_end, __ram_end)

.text           0x0000000000000000     0x27b8
                0x0000000000000000                . = ALIGN (0x4)
                0x0000000000000000                __text_start = .
                [!provide]                        PROVIDE (__text_start, __text_start)
                0x0000000000000000                . = ALIGN (0x4)
 *(.vectors)
 .vectors       0x0000000000000000       0xb0 bmptk_cortex.o
                0x0000000000000000                __vectors
                0x00000000000000b0                . = ALIGN (0x4)
 *(.text .text.* .gnu.linkonce.t.*)
 .text._ZN9IRMessageC2Eii
                0x00000000000000b0       0x2e IRMessage.o
                0x00000000000000b0                IRMessage::IRMessage(int, int)
                0x00000000000000b0                IRMessage::IRMessage(int, int)
 .text._ZN9IRMessageC2Ev
                0x00000000000000de        0xa IRMessage.o
                0x00000000000000de                IRMessage::IRMessage()
                0x00000000000000de                IRMessage::IRMessage()
 .text._ZN9IRMessage6encodeEv
                0x00000000000000e8       0x3c IRMessage.o
                0x00000000000000e8                IRMessage::encode()
 .text._ZN9IRMessage13checkChecksumEs
                0x0000000000000124       0x32 IRMessage.o
                0x0000000000000124                IRMessage::checkChecksum(short)
 .text._ZN9IRMessage6decodeEs
                0x0000000000000156       0x76 IRMessage.o
                0x0000000000000156                IRMessage::decode(short)
 .text._ZN9IRMessage5getIdEv
                0x00000000000001cc        0x4 IRMessage.o
                0x00000000000001cc                IRMessage::getId()
 .text._ZN9IRMessage7getDataEv
                0x00000000000001d0        0x4 IRMessage.o
                0x00000000000001d0                IRMessage::getData()
 .text._ZN9IRMessage8getErrorEv
                0x00000000000001d4        0x4 IRMessage.o
                0x00000000000001d4                IRMessage::getError()
 .text._ZN5hwlib7ostream5flushEv
                0x00000000000001d8        0x2 IRReceiver.o
                0x00000000000001d8                hwlib::ostream::flush()
 .text._ZN3due6pin_in3getEv
                0x00000000000001da       0x10 IRReceiver.o
                0x00000000000001da                due::pin_in::get()
 .text._ZN5hwlib20cout_using_uart_putc4putcEc
                0x00000000000001ea        0x6 IRReceiver.o
                0x00000000000001ea                hwlib::cout_using_uart_putc::putc(char)
 .text._ZN5hwlib7ostream6fillerEi
                0x00000000000001f0       0x1a IRReceiver.o
                0x00000000000001f0                hwlib::ostream::filler(int)
 .text._ZN5hwlib7ostream7reverse10add_prefixERKS0_
                0x000000000000020a       0x50 IRReceiver.o
                0x000000000000020a                hwlib::ostream::reverse::add_prefix(hwlib::ostream const&)
 .text._ZN5hwliblsERNS_7ostreamEPKc
                0x000000000000025a       0x54 IRReceiver.o
                0x000000000000025a                hwlib::operator<<(hwlib::ostream&, char const*)
 .text._ZN5hwliblsERNS_7ostreamEi
                0x00000000000002ae       0x8c IRReceiver.o
                0x00000000000002ae                hwlib::operator<<(hwlib::ostream&, int)
 .text._ZN5hwliblsERNS_7ostreamEj
                0x000000000000033a       0x8a IRReceiver.o
                0x000000000000033a                hwlib::operator<<(hwlib::ostream&, unsigned int)
 .text._ZN6sam3xa10SystemInitEv
                0x00000000000003c4       0x88 IRReceiver.o
                0x00000000000003c4                sam3xa::SystemInit()
 .text._ZN3due8pin_infoENS_4pinsE
                0x000000000000044c       0x20 IRReceiver.o
                0x000000000000044c                due::pin_info(due::pins)
 .text._ZN3due14port_registersEi
                0x000000000000046c       0x48 IRReceiver.o
                0x000000000000046c                due::port_registers(int)
 .text._ZN3due9now_ticksEv
                0x00000000000004b4       0x60 IRReceiver.o
                0x00000000000004b4                due::now_ticks()
 .text._ZN5hwlib9now_ticksEv
                0x0000000000000514        0x8 IRReceiver.o
                0x0000000000000514                hwlib::now_ticks()
 .text._ZN5hwlib24uart_putc_bit_banged_pinEcRNS_7pin_outE
                0x000000000000051c       0xba IRReceiver.o
                0x000000000000051c                hwlib::uart_putc_bit_banged_pin(char, hwlib::pin_out&)
 *fill*         0x00000000000005d6        0x2 
 .text._ZN10IRReceiver6detectEv
                0x00000000000005d8      0x110 IRReceiver.o
                0x00000000000005d8                IRReceiver::detect()
 .text.startup._ZN10IRReceiver4mainEv
                0x00000000000006e8        0xc IRReceiver.o
                0x00000000000006e8                IRReceiver::main()
 .text._ZN3due7pin_out3setEb
                0x00000000000006f4        0xe IRSend.o
                0x00000000000006f4                due::pin_out::set(bool)
 *fill*         0x0000000000000702        0x2 
 .text._ZN3due8d2_36kHz3setEb
                0x0000000000000704       0x18 IRSend.o
                0x0000000000000704                due::d2_36kHz::set(bool)
 .text._ZN4rtos7channelI9IRMessageLi10EE5clearEv
                0x000000000000071c       0x12 IRSend.o
                0x000000000000071c                rtos::channel<IRMessage, 10>::clear()
 *fill*         0x000000000000072e        0x2 
 .text._ZN3due8d2_36kHzC2Ev
                0x0000000000000730       0x68 IRSend.o
                0x0000000000000730                due::d2_36kHz::d2_36kHz()
                0x0000000000000730                due::d2_36kHz::d2_36kHz()
 .text._ZN6IRSendC2EPc
                0x0000000000000798       0x98 IRSend.o
                0x0000000000000798                IRSend::IRSend(char*)
                0x0000000000000798                IRSend::IRSend(char*)
 .text._ZN6IRSend7sendBitEb
                0x0000000000000830       0x48 IRSend.o
                0x0000000000000830                IRSend::sendBit(bool)
 .text.startup._ZN6IRSend4mainEv
                0x0000000000000878       0xfc IRSend.o
                0x0000000000000878                IRSend::main()
 .text._ZN6IRSend3addE9IRMessage
                0x0000000000000974       0x6c IRSend.o
                0x0000000000000974                IRSend::add(IRMessage)
 .text._ZN5hwlib9uart_putcEc
                0x00000000000009e0       0x3c hwlib.o
                0x00000000000009e0                hwlib::uart_putc(char)
 .text          0x0000000000000a1c       0x24 switch_to.o
                0x0000000000000a1c                switch_from_to
 .text._ZN4rtos8callback6cancelEv
                0x0000000000000a40        0xa rtos.o
                0x0000000000000a40                rtos::callback::cancel()
 .text._ZN5hwlib7ostreamlsEc
                0x0000000000000a4a        0xe rtos.o
                0x0000000000000a4a                hwlib::ostream::operator<<(char)
 .text._ZN5hwliblsERNS_7ostreamEx
                0x0000000000000a58       0xbc rtos.o
                0x0000000000000a58                hwlib::operator<<(hwlib::ostream&, long long)
 .text._Z6strlenPKc
                0x0000000000000b14       0x10 rtos.o
                0x0000000000000b14                strlen(char const*)
 .text._Z6strcpyPcPKc
                0x0000000000000b24       0x14 rtos.o
                0x0000000000000b24                strcpy(char*, char const*)
 .text._Z15string_allocatePKc
                0x0000000000000b38       0x26 rtos.o
                0x0000000000000b38                string_allocate(char const*)
 .text._Z12nr_from_maskj
                0x0000000000000b5e       0x1a rtos.o
                0x0000000000000b5e                nr_from_mask(unsigned int)
 .text._Z15task_trampolinev
                0x0000000000000b78       0x34 rtos.o
                0x0000000000000b78                task_trampoline()
 .text._ZN4rtos9task_base7releaseEv
                0x0000000000000bac       0x24 rtos.o
                0x0000000000000bac                rtos::task_base::release()
 .text._ZN4rtos9task_base7suspendEv
                0x0000000000000bd0        0x8 rtos.o
                0x0000000000000bd0                rtos::task_base::suspend()
 .text._ZN4rtos9task_base6resumeEv
                0x0000000000000bd8        0x8 rtos.o
                0x0000000000000bd8                rtos::task_base::resume()
 .text._ZN4rtos9task_base7unblockEv
                0x0000000000000be0       0x14 rtos.o
                0x0000000000000be0                rtos::task_base::unblock()
 .text._ZN4rtos9task_base5blockEv
                0x0000000000000bf4       0x70 rtos.o
                0x0000000000000bf4                rtos::task_base::block()
 .text._ZNK4rtos9task_base5printERN5hwlib7ostreamEb
                0x0000000000000c64      0x158 rtos.o
                0x0000000000000c64                rtos::task_base::print(hwlib::ostream&, bool) const
 .text._ZNK4rtos4flag5printERN5hwlib7ostreamEb
                0x0000000000000dbc       0xc8 rtos.o
                0x0000000000000dbc                rtos::flag::print(hwlib::ostream&, bool) const
 .text._ZNK4rtos5timer5printERN5hwlib7ostreamEb
                0x0000000000000e84       0xd4 rtos.o
                0x0000000000000e84                rtos::timer::print(hwlib::ostream&, bool) const
 .text._ZNK4rtos5clock5printERN5hwlib7ostreamEb
                0x0000000000000f58       0xd8 rtos.o
                0x0000000000000f58                rtos::clock::print(hwlib::ostream&, bool) const
 .text._ZN4rtos12waitable_set17waitable_allocateEv
                0x0000000000001030       0x38 rtos.o
                0x0000000000001030                rtos::waitable_set::waitable_allocate()
 .text._ZN4rtos8waitableC2EPNS_9task_baseEPKc
                0x0000000000001068       0x2c rtos.o
                0x0000000000001068                rtos::waitable::waitable(rtos::task_base*, char const*)
                0x0000000000001068                rtos::waitable::waitable(rtos::task_base*, char const*)
 .text._ZN4rtos12waitable_set3setERKNS_8waitableE
                0x0000000000001094       0x14 rtos.o
                0x0000000000001094                rtos::waitable_set::set(rtos::waitable const&)
 .text._ZN4rtos5timer7time_upEv
                0x00000000000010a8       0x10 rtos.o
                0x00000000000010a8                rtos::timer::time_up()
                0x00000000000010b2                non-virtual thunk to rtos::timer::time_up()
 .text._ZN4rtos12waitable_set5clearERKNS_8waitableE
                0x00000000000010b8        0xc rtos.o
                0x00000000000010b8                rtos::waitable_set::clear(rtos::waitable const&)
 .text._ZN4rtos8waitable5clearEv
                0x00000000000010c4        0xa rtos.o
                0x00000000000010c4                rtos::waitable::clear()
 .text._ZN4rtos5timer6cancelEv
                0x00000000000010ce       0x16 rtos.o
                0x00000000000010ce                rtos::timer::cancel()
 .text._ZThn16_N4rtos5timer6cancelEv
                0x00000000000010e4        0x8 rtos.o
                0x00000000000010e4                non-virtual thunk to rtos::timer::cancel()
 .text._ZN4rtos12waitable_set4waitEj
                0x00000000000010ec       0x64 rtos.o
                0x00000000000010ec                rtos::waitable_set::wait(unsigned int)
 .text._ZN4rtos9task_base5sleepEj
                0x0000000000001150       0x22 rtos.o
                0x0000000000001150                rtos::task_base::sleep(unsigned int)
 *fill*         0x0000000000001172        0x2 
 .text._ZNK4rtos5mutex5printERN5hwlib7ostreamEb
                0x0000000000001174       0xec rtos.o
                0x0000000000001174                rtos::mutex::print(hwlib::ostream&, bool) const
 .text._ZNK4rtos12channel_base5printERN5hwlib7ostreamEb
                0x0000000000001260       0xe4 rtos.o
                0x0000000000001260                rtos::channel_base::print(hwlib::ostream&, bool) const
 .text._ZNK4rtos9pool_base5printERN5hwlib7ostreamEb
                0x0000000000001344       0x78 rtos.o
                0x0000000000001344                rtos::pool_base::print(hwlib::ostream&, bool) const
 .text._ZNK4rtos12mailbox_base5printERN5hwlib7ostreamEb
                0x00000000000013bc       0xc4 rtos.o
                0x00000000000013bc                rtos::mailbox_base::print(hwlib::ostream&, bool) const
 .text._ZN4rtos3addEPNS_5timerE
                0x0000000000001480       0x10 rtos.o
                0x0000000000001480                rtos::add(rtos::timer*)
 .text._ZN4rtos3addEPNS_12channel_baseE
                0x0000000000001490       0x10 rtos.o
                0x0000000000001490                rtos::add(rtos::channel_base*)
 .text._ZN4rtos12channel_baseC2EPNS_9task_baseEPKc
                0x00000000000014a0       0x30 rtos.o
                0x00000000000014a0                rtos::channel_base::channel_base(rtos::task_base*, char const*)
                0x00000000000014a0                rtos::channel_base::channel_base(rtos::task_base*, char const*)
 .text._ZN4rtos5printERN5hwlib7ostreamE
                0x00000000000014d0      0x258 rtos.o
                0x00000000000014d0                rtos::print(hwlib::ostream&)
 .text._ZN4rtos4beatEv
                0x0000000000001728      0x148 rtos.o
                0x0000000000001728                rtos::beat()
 .text._ZN4rtos8run_timeEv
                0x0000000000001870        0x8 rtos.o
                0x0000000000001870                rtos::run_time()
 .text._ZN4rtos3runEv
                0x0000000000001878       0x40 rtos.o
                0x0000000000001878                rtos::run()
 .text._ZN4rtos3addEPNS_8callbackE
                0x00000000000018b8       0x10 rtos.o
                0x00000000000018b8                rtos::add(rtos::callback*)
 .text._ZN4rtos8callbackC2EPKc
                0x00000000000018c8       0x28 rtos.o
                0x00000000000018c8                rtos::callback::callback(char const*)
                0x00000000000018c8                rtos::callback::callback(char const*)
 .text._ZN4rtos5timerC2EPNS_9task_baseEPKc
                0x00000000000018f0       0x34 rtos.o
                0x00000000000018f0                rtos::timer::timer(rtos::task_base*, char const*)
                0x00000000000018f0                rtos::timer::timer(rtos::task_base*, char const*)
 .text._ZN4rtos3addEPNS_9task_baseE
                0x0000000000001924       0x78 rtos.o
                0x0000000000001924                rtos::add(rtos::task_base*)
 .text._ZN4rtos9task_baseC2ER9coroutineILi0EEjPKc
                0x000000000000199c       0x4c rtos.o
                0x000000000000199c                rtos::task_base::task_base(coroutine<0>&, unsigned int, char const*)
                0x000000000000199c                rtos::task_base::task_base(coroutine<0>&, unsigned int, char const*)
 .text._ZN5hwlib7wait_usEi
                0x00000000000019e8       0x40 rtos.o
                0x00000000000019e8                hwlib::wait_us(int)
 .text._ZN5hwlib7wait_msEi
                0x0000000000001a28       0x16 rtos.o
                0x0000000000001a28                hwlib::wait_ms(int)
 *fill*         0x0000000000001a3e        0x2 
 .text.startup._ZN4Main4mainEv
                0x0000000000001a40       0x30 main.o
                0x0000000000001a40                Main::main()
 .text._ZN4rtos9task_baseD2Ev
                0x0000000000001a70       0x30 main.o
                0x0000000000001a70                rtos::task_base::~task_base()
                0x0000000000001a70                rtos::task_base::~task_base()
 .text._ZN9coroutineILi4096EEC2EPFvvE
                0x0000000000001aa0       0x38 main.o
                0x0000000000001aa0                coroutine<4096>::coroutine(void (*)())
                0x0000000000001aa0                coroutine<4096>::coroutine(void (*)())
 .text.startup.main
                0x0000000000001ad8       0xac main.o
                0x0000000000001ad8                main
 .text.SysTick_Handler
                0x0000000000001b84        0x2 bmptk_cortex.o
                0x0000000000001b84                SysTick_Handler
 .text.Int27_Handler
                0x0000000000001b86        0x2 bmptk_cortex.o
                0x0000000000001b86                Int27_Handler
 .text.__startup
                0x0000000000001b88       0x48 bmptk_cortex.o
                0x0000000000001b88                __startup
 .text.__cxa_pure_virtual
                0x0000000000001bd0        0x2 bmptk_cortex.o
                0x0000000000001bd0                __cxa_pure_virtual
 *fill*         0x0000000000001bd2        0x2 
 .text.malloc   0x0000000000001bd4       0x24 bmptk_heap_bmptk.o
                0x0000000000001bd4                malloc
 .text.bmptk_heap_free
                0x0000000000001bf8       0x14 bmptk_heap_bmptk.o
                0x0000000000001bf8                bmptk_heap_free
 .text.bmptk_heap_used
                0x0000000000001c0c       0x14 bmptk_heap_bmptk.o
                0x0000000000001c0c                bmptk_heap_used
 .text.bmptk_heap_size
                0x0000000000001c20       0x10 bmptk_heap_bmptk.o
                0x0000000000001c20                bmptk_heap_size
 .text.bmptk_stack_size
                0x0000000000001c30        0x6 bmptk_fixed_size_stack.o
                0x0000000000001c30                bmptk_stack_size
 *fill*         0x0000000000001c36        0x2 
 .text.bmptk_stack_free
                0x0000000000001c38       0x18 bmptk_fixed_size_stack.o
                0x0000000000001c38                bmptk_stack_free
 .text          0x0000000000001c50       0x38 /usr/lib/gcc/arm-none-eabi/4.9.3/armv7-m/libgcc.a(_aeabi_ldivmod.o)
                0x0000000000001c50                __aeabi_ldivmod
 .text          0x0000000000001c88       0x60 /usr/lib/gcc/arm-none-eabi/4.9.3/armv7-m/libgcc.a(bpabi.o)
                0x0000000000001c88                __gnu_ldivmod_helper
                0x0000000000001cb8                __gnu_uldivmod_helper
 .text          0x0000000000001ce8        0x4 /usr/lib/gcc/arm-none-eabi/4.9.3/armv7-m/libgcc.a(_dvmd_tls.o)
                0x0000000000001ce8                __aeabi_ldiv0
 .text          0x0000000000001cec      0x2ac /usr/lib/gcc/arm-none-eabi/4.9.3/armv7-m/libgcc.a(_divdi3.o)
                0x0000000000001cec                __divdi3
 .text          0x0000000000001f98      0x270 /usr/lib/gcc/arm-none-eabi/4.9.3/armv7-m/libgcc.a(_udivdi3.o)
                0x0000000000001f98                __udivdi3
                0x0000000000002208                . = ALIGN (0x4)
 *(.glue_7t .glue_7)
 .glue_7        0x0000000000002208        0x0 linker stubs
 .glue_7t       0x0000000000002208        0x0 linker stubs
                0x0000000000002208                . = ALIGN (0x4)
 *(.rodata .rodata.* .gnu.linkonce.r.*)
 .rodata._ZTVN5hwlib20cout_using_uart_putcE
                0x0000000000002208       0x10 IRReceiver.o
                0x0000000000002208                vtable for hwlib::cout_using_uart_putc
 .rodata._ZTVN3due6pin_inE
                0x0000000000002218        0xc IRReceiver.o
                0x0000000000002218                vtable for due::pin_in
 *fill*         0x0000000000002224        0x4 
 .rodata._ZTV10IRReceiver
                0x0000000000002228       0x14 IRReceiver.o
                0x0000000000002228                vtable for IRReceiver
 .rodata.str1.1
                0x000000000000223c       0x4d IRReceiver.o
                                         0x4f (size before relaxing)
 .rodata._ZZN3due8pin_infoENS_4pinsEE14pin_info_array
                0x0000000000002289       0xa4 IRReceiver.o
 *fill*         0x000000000000232d        0x3 
 .rodata._ZTVN3due8d2_36kHzE
                0x0000000000002330        0xc IRSend.o
                0x0000000000002330                vtable for due::d2_36kHz
 *fill*         0x000000000000233c        0x4 
 .rodata._ZTVN4rtos7channelI9IRMessageLi10EEE
                0x0000000000002340        0xc IRSend.o
                0x0000000000002340                vtable for rtos::channel<IRMessage, 10>
 *fill*         0x000000000000234c        0x4 
 .rodata._ZTV6IRSend
                0x0000000000002350       0x14 IRSend.o
                0x0000000000002350                vtable for IRSend
 .rodata.str1.1
                0x0000000000002364       0x45 IRSend.o
                                         0x5e (size before relaxing)
 *fill*         0x00000000000023a9        0x7 
 .rodata._ZTVN3due7pin_outE
                0x00000000000023b0        0xc hwlib.o
                0x00000000000023b0                vtable for due::pin_out
 *fill*         0x00000000000023bc        0x4 
 .rodata._ZTVN4rtos8waitableE
                0x00000000000023c0        0xc rtos.o
                0x00000000000023c0                vtable for rtos::waitable
 *fill*         0x00000000000023cc        0x4 
 .rodata._ZTVN4rtos8callbackE
                0x00000000000023d0       0x10 rtos.o
                0x00000000000023d0                vtable for rtos::callback
 .rodata._ZTVN4rtos12channel_baseE
                0x00000000000023e0        0xc rtos.o
                0x00000000000023e0                vtable for rtos::channel_base
 .rodata.str1.1
                0x00000000000023ec      0x336 rtos.o
                                        0x364 (size before relaxing)
 *fill*         0x0000000000002722        0x6 
 .rodata._ZTVN4rtos5timerE
                0x0000000000002728       0x24 rtos.o
                0x0000000000002728                vtable for rtos::timer
 *fill*         0x000000000000274c        0x4 
 .rodata._ZTVN4rtos9task_baseE
                0x0000000000002750       0x14 rtos.o
                0x0000000000002750                vtable for rtos::task_base
 *fill*         0x0000000000002764        0x4 
 .rodata._ZTVN4rtos4taskILi4096EEE
                0x0000000000002768       0x14 main.o
                0x0000000000002768                vtable for rtos::task<4096>
 *fill*         0x000000000000277c        0x4 
 .rodata._ZTV4Main
                0x0000000000002780       0x14 main.o
                0x0000000000002780                vtable for Main
 .rodata.str1.1
                0x0000000000002794       0x24 main.o
                                         0x50 (size before relaxing)
                0x00000000000027b8                . = ALIGN (0x4)
 *(.ARM.extab* .gnu.linkonce.armextab.*)
                0x00000000000027b8                . = ALIGN (0x4)
 *(.gcc_except_table)
                0x00000000000027b8                . = ALIGN (0x4)
 *(.eh_frame_hdr)
                0x00000000000027b8                . = ALIGN (0x4)
 *(.eh_frame)
                0x00000000000027b8                . = ALIGN (0x4)
                0x00000000000027b8                __text_end = .
                [!provide]                        PROVIDE (__text_end, __text_end)

.vfp11_veneer   0x00000000000027b8        0x0
 .vfp11_veneer  0x00000000000027b8        0x0 linker stubs

.v4_bx          0x00000000000027b8        0x0
 .v4_bx         0x00000000000027b8        0x0 linker stubs

.iplt           0x00000000000027b8        0x0
 .iplt          0x00000000000027b8        0x0 IRMessage.o

.IF_YOU_SEE_THIS_YOU_HAVE_ONE_OR_MORE_GLOBAL_OBJECT_CONSTRUCTORS
 *(.init)
 *(.preinit_array)
 *(SORT(.init_array.*))
 *(.init_array)
                0x00000000000027b8                . = ALIGN (0x4)
                0x00000000000027b8                __exidx_start = .
                [!provide]                        PROVIDE (__exidx_start, __exidx_start)

.ARM.exidx      0x00000000000027b8        0x8
 *(.ARM.exidx* .gnu.linkonce.armexidx.*)
 .ARM.exidx     0x00000000000027b8        0x8 /usr/lib/gcc/arm-none-eabi/4.9.3/armv7-m/libgcc.a(_divdi3.o)
 .ARM.exidx     0x00000000000027c0        0x0 /usr/lib/gcc/arm-none-eabi/4.9.3/armv7-m/libgcc.a(_udivdi3.o)
                                          0x8 (size before relaxing)

.rel.dyn        0x00000000000027c0        0x0
 .rel.iplt      0x00000000000027c0        0x0 IRMessage.o
                0x00000000000027c0                . = ALIGN (0x4)
                0x00000000000027c0                __exidx_end = .
                [!provide]                        PROVIDE (__exidx_end, __exidx_end)

.bss            0x0000000020000000    0x14064
                0x0000000020000000                . = ALIGN (0x4)
                0x0000000020000000                __bss_start = .
                [!provide]                        PROVIDE (__bss_start, __bss_start)
                0x0000000020000000                . = ALIGN (0x4)
                0x0000000020000000                __stack_start = .
                [!provide]                        PROVIDE (__stack_start, __stack_start)
                0x0000000020000000                . = ALIGN (0x4)
 *(.bmptk_stack)
 .bmptk_stack   0x0000000020000000    0x14001 bmptk_fixed_size_stack.o
                0x0000000020000000                bmptk_stack
                0x0000000020014000                bmptk_stack_beyond
                0x0000000020014008                . = ALIGN (0x8)
 *fill*         0x0000000020014001        0x7 
                0x0000000020014008                __main_stack_end = .
                [!provide]                        PROVIDE (__main_stack_end, __main_stack_end)
                0x0000000020014008                . = ALIGN (0x4)
                0x0000000020014008                __stack_end = .
                [!provide]                        PROVIDE (__stack_end, __stack_end)
                0x0000000020014008                . = ALIGN (0x4)
 *(.bss .bss.* .gnu.linkonce.b.*)
 .bss._ZZN3due9now_ticksEvE4high
                0x0000000020014008        0x8 IRReceiver.o
 .bss._ZZN3due9now_ticksEvE8last_low
                0x0000000020014010        0x4 IRReceiver.o
 .bss._ZZN3due9now_ticksEvE9init_done
                0x0000000020014014        0x1 IRReceiver.o
 *fill*         0x0000000020014015        0x3 
 .bss._ZGVZN5hwlib9uart_putcEcE3pin
                0x0000000020014018        0x4 hwlib.o
 .bss._ZZN5hwlib9uart_putcEcE3pin
                0x000000002001401c        0xc hwlib.o
 .bss._ZN17coroutine_context7main_spE
                0x0000000020014028        0x4 coroutine.o
                0x0000000020014028                coroutine_context::main_sp
 .bss._ZN4rtos17scheduler_runningE
                0x000000002001402c        0x1 rtos.o
                0x000000002001402c                rtos::scheduler_running
 *fill*         0x000000002001402d        0x3 
 .bss._ZN4rtos5flagsE
                0x0000000020014030        0x4 rtos.o
                0x0000000020014030                rtos::flags
 .bss._ZN4rtos10must_clearE
                0x0000000020014034        0x1 rtos.o
                0x0000000020014034                rtos::must_clear
 *fill*         0x0000000020014035        0x3 
 .bss._ZN4rtos6clocksE
                0x0000000020014038        0x4 rtos.o
                0x0000000020014038                rtos::clocks
 .bss._ZN4rtos9timerListE
                0x000000002001403c        0x4 rtos.o
                0x000000002001403c                rtos::timerList
 .bss._ZN4rtos8taskListE
                0x0000000020014040        0x4 rtos.o
                0x0000000020014040                rtos::taskList
 .bss._ZN4rtos6timersE
                0x0000000020014044        0x4 rtos.o
                0x0000000020014044                rtos::timers
 .bss.last_run_time
                0x0000000020014048        0x8 rtos.o
                0x0000000020014048                last_run_time
 .bss._ZN4rtos5poolsE
                0x0000000020014050        0x4 rtos.o
                0x0000000020014050                rtos::pools
 .bss._ZN4rtos7mutexesE
                0x0000000020014054        0x4 rtos.o
                0x0000000020014054                rtos::mutexes
 .bss._ZN4rtos17rtos_current_taskE
                0x0000000020014058        0x4 rtos.o
                0x0000000020014058                rtos::rtos_current_task
 .bss._ZN4rtos9mailboxesE
                0x000000002001405c        0x4 rtos.o
                0x000000002001405c                rtos::mailboxes
 .bss._ZN4rtos8channelsE
                0x0000000020014060        0x4 rtos.o
                0x0000000020014060                rtos::channels
                0x0000000020014064                . = ALIGN (0x4)
 *(COMMON)
                0x0000000020014064                . = ALIGN (0x4)
                0x0000000020014064                __bss_end = .
                [!provide]                        PROVIDE (__bss_end, __bss_end)

.data           0x0000000020014064       0x24 load address 0x00000000000027c0
                0x0000000020014064                . = ALIGN (0x4)
                0x00000000000027c0                __data_init_start = LOADADDR (.data)
                [!provide]                        PROVIDE (__data_init_start, __data_init_start)
                0x0000000020014064                __data_start = .
                [!provide]                        PROVIDE (__data_start, __data_start)
                0x0000000020014064                . = ALIGN (0x4)
 *(.data .data.* .gnu.linkonce.d.*)
 .data._ZN5hwlib4coutE
                0x0000000020014064       0x14 IRReceiver.o
                0x0000000020014064                hwlib::cout
 .data._ZN6sam3xa15SystemCoreClockE
                0x0000000020014078        0x4 IRReceiver.o
                0x0000000020014078                sam3xa::SystemCoreClock
 .data._ZN17coroutine_context24current_coroutine_sp_ptrE
                0x000000002001407c        0x4 coroutine.o
                0x000000002001407c                coroutine_context::current_coroutine_sp_ptr
 .data._last_free
                0x0000000020014080        0x4 bmptk_heap_bmptk.o
                0x0000000020014080                _last_free
 .data._first_free
                0x0000000020014084        0x4 bmptk_heap_bmptk.o
                0x0000000020014084                _first_free
                0x0000000020014088                . = ALIGN (0x4)
                0x0000000020014088                __data_end = .
                [!provide]                        PROVIDE (__data_end, __data_end)
                0x00000000000027c0                __data_init_end = LOADADDR (.data)
                [!provide]                        PROVIDE (__data_init_end, __data_init_end)
                0x0000000000000024                PROVIDE (__data_size, (__data_end - __data_start))
                0x0000000000000024                PROVIDE (__data_init_size, __data_size)
                [!provide]                        PROVIDE (__data_init_end, (__data_init_start + __data_init_size))

.igot.plt       0x0000000020014088        0x0 load address 0x00000000000027e4
 .igot.plt      0x0000000020014088        0x0 IRMessage.o
                0x0000000020014088                . = ALIGN (0x4)
                0x0000000020014088                __heap_start = .
                [!provide]                        PROVIDE (__heap_start, __heap_start)
                0x0000000020014088                . = ALIGN (0x4)
                0x0000000020018000                __heap_end = __ram_end
                [!provide]                        PROVIDE (__heap_end, __heap_end)

.stab
 *(.stab)

.stabstr
 *(.stabstr)

.debug
 *(.debug)

.line
 *(.line)

.debug_srcinfo
 *(.debug_srcinfo)

.debug_sfnames
 *(.debug_sfnames)

.debug_aranges  0x0000000000000000       0xa0
 *(.debug_aranges)
 .debug_aranges
                0x0000000000000000       0x20 /usr/lib/gcc/arm-none-eabi/4.9.3/armv7-m/libgcc.a(_aeabi_ldivmod.o)
 .debug_aranges
                0x0000000000000020       0x20 /usr/lib/gcc/arm-none-eabi/4.9.3/armv7-m/libgcc.a(bpabi.o)
 .debug_aranges
                0x0000000000000040       0x20 /usr/lib/gcc/arm-none-eabi/4.9.3/armv7-m/libgcc.a(_dvmd_tls.o)
 .debug_aranges
                0x0000000000000060       0x20 /usr/lib/gcc/arm-none-eabi/4.9.3/armv7-m/libgcc.a(_divdi3.o)
 .debug_aranges
                0x0000000000000080       0x20 /usr/lib/gcc/arm-none-eabi/4.9.3/armv7-m/libgcc.a(_udivdi3.o)

.debug_pubnames
 *(.debug_pubnames)

.debug_info     0x0000000000000000      0xe40
 *(.debug_info .gnu.linkonce.wi.*)
 .debug_info    0x0000000000000000       0xd0 /usr/lib/gcc/arm-none-eabi/4.9.3/armv7-m/libgcc.a(_aeabi_ldivmod.o)
 .debug_info    0x00000000000000d0      0x164 /usr/lib/gcc/arm-none-eabi/4.9.3/armv7-m/libgcc.a(bpabi.o)
 .debug_info    0x0000000000000234       0xd4 /usr/lib/gcc/arm-none-eabi/4.9.3/armv7-m/libgcc.a(_dvmd_tls.o)
 .debug_info    0x0000000000000308      0x5bc /usr/lib/gcc/arm-none-eabi/4.9.3/armv7-m/libgcc.a(_divdi3.o)
 .debug_info    0x00000000000008c4      0x57c /usr/lib/gcc/arm-none-eabi/4.9.3/armv7-m/libgcc.a(_udivdi3.o)

.debug_abbrev   0x0000000000000000      0x39c
 *(.debug_abbrev)
 .debug_abbrev  0x0000000000000000       0x14 /usr/lib/gcc/arm-none-eabi/4.9.3/armv7-m/libgcc.a(_aeabi_ldivmod.o)
 .debug_abbrev  0x0000000000000014       0xb7 /usr/lib/gcc/arm-none-eabi/4.9.3/armv7-m/libgcc.a(bpabi.o)
 .debug_abbrev  0x00000000000000cb       0x14 /usr/lib/gcc/arm-none-eabi/4.9.3/armv7-m/libgcc.a(_dvmd_tls.o)
 .debug_abbrev  0x00000000000000df      0x169 /usr/lib/gcc/arm-none-eabi/4.9.3/armv7-m/libgcc.a(_divdi3.o)
 .debug_abbrev  0x0000000000000248      0x154 /usr/lib/gcc/arm-none-eabi/4.9.3/armv7-m/libgcc.a(_udivdi3.o)

.debug_line     0x0000000000000000      0x2d9
 *(.debug_line)
 .debug_line    0x0000000000000000       0x63 /usr/lib/gcc/arm-none-eabi/4.9.3/armv7-m/libgcc.a(_aeabi_ldivmod.o)
 .debug_line    0x0000000000000063       0x64 /usr/lib/gcc/arm-none-eabi/4.9.3/armv7-m/libgcc.a(bpabi.o)
 .debug_line    0x00000000000000c7       0x5e /usr/lib/gcc/arm-none-eabi/4.9.3/armv7-m/libgcc.a(_dvmd_tls.o)
 .debug_line    0x0000000000000125       0xe1 /usr/lib/gcc/arm-none-eabi/4.9.3/armv7-m/libgcc.a(_divdi3.o)
 .debug_line    0x0000000000000206       0xd3 /usr/lib/gcc/arm-none-eabi/4.9.3/armv7-m/libgcc.a(_udivdi3.o)

.debug_frame    0x0000000000000000       0xe4
 *(.debug_frame)
 .debug_frame   0x0000000000000000       0x28 /usr/lib/gcc/arm-none-eabi/4.9.3/armv7-m/libgcc.a(_aeabi_ldivmod.o)
 .debug_frame   0x0000000000000028       0x54 /usr/lib/gcc/arm-none-eabi/4.9.3/armv7-m/libgcc.a(bpabi.o)
 .debug_frame   0x000000000000007c       0x34 /usr/lib/gcc/arm-none-eabi/4.9.3/armv7-m/libgcc.a(_divdi3.o)
 .debug_frame   0x00000000000000b0       0x34 /usr/lib/gcc/arm-none-eabi/4.9.3/armv7-m/libgcc.a(_udivdi3.o)

.debug_str      0x0000000000000000      0x383
 *(.debug_str)
 .debug_str     0x0000000000000000      0x1e7 /usr/lib/gcc/arm-none-eabi/4.9.3/armv7-m/libgcc.a(bpabi.o)
 .debug_str     0x00000000000001e7      0x19c /usr/lib/gcc/arm-none-eabi/4.9.3/armv7-m/libgcc.a(_divdi3.o)
                                        0x295 (size before relaxing)
 .debug_str     0x0000000000000383      0x296 /usr/lib/gcc/arm-none-eabi/4.9.3/armv7-m/libgcc.a(_udivdi3.o)

.debug_loc      0x0000000000000000     0x1bb8
 *(.debug_loc)
 .debug_loc     0x0000000000000000       0xa0 /usr/lib/gcc/arm-none-eabi/4.9.3/armv7-m/libgcc.a(bpabi.o)
 .debug_loc     0x00000000000000a0      0xdbd /usr/lib/gcc/arm-none-eabi/4.9.3/armv7-m/libgcc.a(_divdi3.o)
 .debug_loc     0x0000000000000e5d      0xd5b /usr/lib/gcc/arm-none-eabi/4.9.3/armv7-m/libgcc.a(_udivdi3.o)

.comment        0x0000000000000000       0x38
 .comment       0x0000000000000000       0x38 IRMessage.o
                                         0x39 (size before relaxing)
 .comment       0x0000000000000038       0x39 IRReceiver.o
 .comment       0x0000000000000038       0x39 IRSend.o
 .comment       0x0000000000000038       0x39 hwlib.o
 .comment       0x0000000000000038       0x39 coroutine.o
 .comment       0x0000000000000038       0x39 rtos.o
 .comment       0x0000000000000038       0x39 main.o
 .comment       0x0000000000000038       0x39 bmptk_cortex.o
 .comment       0x0000000000000038       0x39 bmptk_heap_bmptk.o
 .comment       0x0000000000000038       0x39 bmptk_fixed_size_stack.o
 .comment       0x0000000000000038       0x39 /usr/lib/gcc/arm-none-eabi/4.9.3/armv7-m/libgcc.a(bpabi.o)
 .comment       0x0000000000000038       0x39 /usr/lib/gcc/arm-none-eabi/4.9.3/armv7-m/libgcc.a(_divdi3.o)
 .comment       0x0000000000000038       0x39 /usr/lib/gcc/arm-none-eabi/4.9.3/armv7-m/libgcc.a(_udivdi3.o)

.debug_macinfo
 *(.debug_macinfo)

.debug_weaknames
 *(.debug_weaknames)

.debug_funcnames
 *(.debug_funcnames)

.debug_typenames
 *(.debug_typenames)

.debug_varnames
 *(.debug_varnames)

.note.gnu.arm.ident
 *(.note.gnu.arm.ident)

.ARM.attributes
                0x0000000000000000       0x31
 *(.ARM.attributes)
 .ARM.attributes
                0x0000000000000000       0x33 IRMessage.o
 .ARM.attributes
                0x0000000000000033       0x33 IRReceiver.o
 .ARM.attributes
                0x0000000000000066       0x33 IRSend.o
 .ARM.attributes
                0x0000000000000099       0x33 hwlib.o
 .ARM.attributes
                0x00000000000000cc       0x33 coroutine.o
 .ARM.attributes
                0x00000000000000ff       0x21 switch_to.o
 .ARM.attributes
                0x0000000000000120       0x33 rtos.o
 .ARM.attributes
                0x0000000000000153       0x33 main.o
 .ARM.attributes
                0x0000000000000186       0x33 bmptk_cortex.o
 .ARM.attributes
                0x00000000000001b9       0x33 bmptk_heap_bmptk.o
 .ARM.attributes
                0x00000000000001ec       0x33 bmptk_fixed_size_stack.o
 .ARM.attributes
                0x000000000000021f       0x1d /usr/lib/gcc/arm-none-eabi/4.9.3/armv7-m/libgcc.a(_aeabi_ldivmod.o)
 .ARM.attributes
                0x000000000000023c       0x2d /usr/lib/gcc/arm-none-eabi/4.9.3/armv7-m/libgcc.a(bpabi.o)
 .ARM.attributes
                0x0000000000000269       0x1d /usr/lib/gcc/arm-none-eabi/4.9.3/armv7-m/libgcc.a(_dvmd_tls.o)
 .ARM.attributes
                0x0000000000000286       0x2d /usr/lib/gcc/arm-none-eabi/4.9.3/armv7-m/libgcc.a(_divdi3.o)
 .ARM.attributes
                0x00000000000002b3       0x2d /usr/lib/gcc/arm-none-eabi/4.9.3/armv7-m/libgcc.a(_udivdi3.o)

/DISCARD/
 *(.note.GNU-stack)
                [!provide]                        PROVIDE (__text_size, (__text_end - __text_start))
                [!provide]                        PROVIDE (__exidx_size, (__exidx_end - __exidx_start))
                [!provide]                        PROVIDE (__bss_size, (__bss_end - __bss_start))
                [!provide]                        PROVIDE (__stack_size, (__stack_end - __stack_start))
                [!provide]                        PROVIDE (__heap_size, (__heap_end - __heap_start))
OUTPUT(main.elf elf32-littlearm)

.debug_ranges   0x0000000000000000      0x1e0
 .debug_ranges  0x0000000000000000       0xf0 /usr/lib/gcc/arm-none-eabi/4.9.3/armv7-m/libgcc.a(_divdi3.o)
 .debug_ranges  0x00000000000000f0       0xf0 /usr/lib/gcc/arm-none-eabi/4.9.3/armv7-m/libgcc.a(_udivdi3.o)
